SBY 23:45:44 [/tmp/wire022-formal-regressions.5hzp7m/eth_parser_wire_eth_parser_cover] Removing directory '/tmp/wire022-formal-regressions.5hzp7m/eth_parser_wire_eth_parser_cover'.
SBY 23:45:44 [/tmp/wire022-formal-regressions.5hzp7m/eth_parser_wire_eth_parser_cover] Copy '/Users/Dilan/Projects/wire-to-decision/formal/eth_parser/../../rtl/arch_a/wire_eth_parser.sv' to '/tmp/wire022-formal-regressions.5hzp7m/eth_parser_wire_eth_parser_cover/src/wire_eth_parser.sv'.
SBY 23:45:44 [/tmp/wire022-formal-regressions.5hzp7m/eth_parser_wire_eth_parser_cover] Copy '/Users/Dilan/Projects/wire-to-decision/formal/eth_parser/wire_eth_parser_reference.sv' to '/tmp/wire022-formal-regressions.5hzp7m/eth_parser_wire_eth_parser_cover/src/wire_eth_parser_reference.sv'.
SBY 23:45:44 [/tmp/wire022-formal-regressions.5hzp7m/eth_parser_wire_eth_parser_cover] engine_0: smtbmc yices
SBY 23:45:44 [/tmp/wire022-formal-regressions.5hzp7m/eth_parser_wire_eth_parser_cover] base: starting process "cd /tmp/wire022-formal-regressions.5hzp7m/eth_parser_wire_eth_parser_cover/src; yosys -ql ../model/design.log ../model/design.ys"
SBY 23:45:44 [/tmp/wire022-formal-regressions.5hzp7m/eth_parser_wire_eth_parser_cover] base: finished (returncode=0)
SBY 23:45:44 [/tmp/wire022-formal-regressions.5hzp7m/eth_parser_wire_eth_parser_cover] prep: starting process "cd /tmp/wire022-formal-regressions.5hzp7m/eth_parser_wire_eth_parser_cover/model; yosys -ql design_prep.log design_prep.ys"
SBY 23:45:44 [/tmp/wire022-formal-regressions.5hzp7m/eth_parser_wire_eth_parser_cover] prep: finished (returncode=0)
SBY 23:45:44 [/tmp/wire022-formal-regressions.5hzp7m/eth_parser_wire_eth_parser_cover] smt2: starting process "cd /tmp/wire022-formal-regressions.5hzp7m/eth_parser_wire_eth_parser_cover/model; yosys -ql design_smt2.log design_smt2.ys"
SBY 23:45:44 [/tmp/wire022-formal-regressions.5hzp7m/eth_parser_wire_eth_parser_cover] smt2: finished (returncode=0)
SBY 23:45:44 [/tmp/wire022-formal-regressions.5hzp7m/eth_parser_wire_eth_parser_cover] engine_0: starting process "cd /tmp/wire022-formal-regressions.5hzp7m/eth_parser_wire_eth_parser_cover; yosys-smtbmc -s yices --presat --unroll -c --noprogress -t 40  --append 0 --dump-vcd engine_0/trace%.vcd --dump-yw engine_0/trace%.yw --dump-vlogtb engine_0/trace%_tb.v --dump-smtc engine_0/trace%.smtc model/design_smt2.smt2"
SBY 23:45:44 [/tmp/wire022-formal-regressions.5hzp7m/eth_parser_wire_eth_parser_cover] engine_0: ##   0:00:00  Solver: yices
SBY 23:45:45 [/tmp/wire022-formal-regressions.5hzp7m/eth_parser_wire_eth_parser_cover] engine_0: ##   0:00:00  Checking cover reachability in step 0..
SBY 23:45:45 [/tmp/wire022-formal-regressions.5hzp7m/eth_parser_wire_eth_parser_cover] engine_0: ##   0:00:00  Checking cover reachability in step 1..
SBY 23:45:45 [/tmp/wire022-formal-regressions.5hzp7m/eth_parser_wire_eth_parser_cover] engine_0: ##   0:00:00  Checking cover reachability in step 2..
SBY 23:45:45 [/tmp/wire022-formal-regressions.5hzp7m/eth_parser_wire_eth_parser_cover] engine_0: ##   0:00:00  Checking cover reachability in step 3..
SBY 23:45:45 [/tmp/wire022-formal-regressions.5hzp7m/eth_parser_wire_eth_parser_cover] engine_0: ##   0:00:00  Reached cover statement in step 3 at wire_eth_parser_reference: wire_eth_parser_reference.sv:172.13-172.58 (_witness_.check_cover_wire_eth_parser_reference_sv_172_126)
SBY 23:45:45 [/tmp/wire022-formal-regressions.5hzp7m/eth_parser_wire_eth_parser_cover] engine_0: ##   0:00:00  Writing trace to VCD file: engine_0/trace0.vcd
SBY 23:45:45 [/tmp/wire022-formal-regressions.5hzp7m/eth_parser_wire_eth_parser_cover] engine_0: ##   0:00:00  Writing trace to Verilog testbench: engine_0/trace0_tb.v
SBY 23:45:45 [/tmp/wire022-formal-regressions.5hzp7m/eth_parser_wire_eth_parser_cover] engine_0: ##   0:00:00  Writing trace to constraints file: engine_0/trace0.smtc
SBY 23:45:45 [/tmp/wire022-formal-regressions.5hzp7m/eth_parser_wire_eth_parser_cover] engine_0: ##   0:00:00  Writing trace to Yosys witness file: engine_0/trace0.yw
SBY 23:45:45 [/tmp/wire022-formal-regressions.5hzp7m/eth_parser_wire_eth_parser_cover] engine_0: ##   0:00:00  Checking cover reachability in step 3..
SBY 23:45:45 [/tmp/wire022-formal-regressions.5hzp7m/eth_parser_wire_eth_parser_cover] engine_0: ##   0:00:00  Checking cover reachability in step 4..
SBY 23:45:45 [/tmp/wire022-formal-regressions.5hzp7m/eth_parser_wire_eth_parser_cover] engine_0: ##   0:00:00  Checking cover reachability in step 5..
SBY 23:45:45 [/tmp/wire022-formal-regressions.5hzp7m/eth_parser_wire_eth_parser_cover] engine_0: ##   0:00:00  Checking cover reachability in step 6..
SBY 23:45:45 [/tmp/wire022-formal-regressions.5hzp7m/eth_parser_wire_eth_parser_cover] engine_0: ##   0:00:00  Checking cover reachability in step 7..
SBY 23:45:45 [/tmp/wire022-formal-regressions.5hzp7m/eth_parser_wire_eth_parser_cover] engine_0: ##   0:00:00  Checking cover reachability in step 8..
SBY 23:45:45 [/tmp/wire022-formal-regressions.5hzp7m/eth_parser_wire_eth_parser_cover] engine_0: ##   0:00:00  Checking cover reachability in step 9..
SBY 23:45:45 [/tmp/wire022-formal-regressions.5hzp7m/eth_parser_wire_eth_parser_cover] engine_0: ##   0:00:00  Checking cover reachability in step 10..
SBY 23:45:45 [/tmp/wire022-formal-regressions.5hzp7m/eth_parser_wire_eth_parser_cover] engine_0: ##   0:00:00  Checking cover reachability in step 11..
SBY 23:45:45 [/tmp/wire022-formal-regressions.5hzp7m/eth_parser_wire_eth_parser_cover] engine_0: ##   0:00:00  Checking cover reachability in step 12..
SBY 23:45:45 [/tmp/wire022-formal-regressions.5hzp7m/eth_parser_wire_eth_parser_cover] engine_0: ##   0:00:00  Checking cover reachability in step 13..
SBY 23:45:45 [/tmp/wire022-formal-regressions.5hzp7m/eth_parser_wire_eth_parser_cover] engine_0: ##   0:00:00  Checking cover reachability in step 14..
SBY 23:45:45 [/tmp/wire022-formal-regressions.5hzp7m/eth_parser_wire_eth_parser_cover] engine_0: ##   0:00:00  Checking cover reachability in step 15..
SBY 23:45:45 [/tmp/wire022-formal-regressions.5hzp7m/eth_parser_wire_eth_parser_cover] engine_0: ##   0:00:00  Checking cover reachability in step 16..
SBY 23:45:45 [/tmp/wire022-formal-regressions.5hzp7m/eth_parser_wire_eth_parser_cover] engine_0: ##   0:00:00  Reached cover statement in step 16 at wire_eth_parser_reference: wire_eth_parser_reference.sv:171.13-171.64 (_witness_.check_cover_wire_eth_parser_reference_sv_171_122)
SBY 23:45:45 [/tmp/wire022-formal-regressions.5hzp7m/eth_parser_wire_eth_parser_cover] engine_0: ##   0:00:00  Writing trace to VCD file: engine_0/trace1.vcd
SBY 23:45:45 [/tmp/wire022-formal-regressions.5hzp7m/eth_parser_wire_eth_parser_cover] engine_0: ##   0:00:00  Writing trace to Verilog testbench: engine_0/trace1_tb.v
SBY 23:45:45 [/tmp/wire022-formal-regressions.5hzp7m/eth_parser_wire_eth_parser_cover] engine_0: ##   0:00:00  Writing trace to constraints file: engine_0/trace1.smtc
SBY 23:45:45 [/tmp/wire022-formal-regressions.5hzp7m/eth_parser_wire_eth_parser_cover] engine_0: ##   0:00:00  Writing trace to Yosys witness file: engine_0/trace1.yw
SBY 23:45:45 [/tmp/wire022-formal-regressions.5hzp7m/eth_parser_wire_eth_parser_cover] engine_0: ##   0:00:00  Checking cover reachability in step 16..
SBY 23:45:45 [/tmp/wire022-formal-regressions.5hzp7m/eth_parser_wire_eth_parser_cover] engine_0: ##   0:00:00  Reached cover statement in step 16 at wire_eth_parser_reference: wire_eth_parser_reference.sv:170.13-170.56 (_witness_.check_cover_wire_eth_parser_reference_sv_170_119)
SBY 23:45:45 [/tmp/wire022-formal-regressions.5hzp7m/eth_parser_wire_eth_parser_cover] engine_0: ##   0:00:00  Writing trace to VCD file: engine_0/trace2.vcd
SBY 23:45:45 [/tmp/wire022-formal-regressions.5hzp7m/eth_parser_wire_eth_parser_cover] engine_0: ##   0:00:00  Writing trace to Verilog testbench: engine_0/trace2_tb.v
SBY 23:45:45 [/tmp/wire022-formal-regressions.5hzp7m/eth_parser_wire_eth_parser_cover] engine_0: ##   0:00:00  Writing trace to constraints file: engine_0/trace2.smtc
SBY 23:45:45 [/tmp/wire022-formal-regressions.5hzp7m/eth_parser_wire_eth_parser_cover] engine_0: ##   0:00:00  Writing trace to Yosys witness file: engine_0/trace2.yw
SBY 23:45:45 [/tmp/wire022-formal-regressions.5hzp7m/eth_parser_wire_eth_parser_cover] engine_0: ##   0:00:00  Checking cover reachability in step 16..
SBY 23:45:45 [/tmp/wire022-formal-regressions.5hzp7m/eth_parser_wire_eth_parser_cover] engine_0: ##   0:00:00  Checking cover reachability in step 17..
SBY 23:45:45 [/tmp/wire022-formal-regressions.5hzp7m/eth_parser_wire_eth_parser_cover] engine_0: ##   0:00:00  Reached cover statement in step 17 at wire_eth_parser_reference: wire_eth_parser_reference.sv:173.13-173.77 (_witness_.check_cover_wire_eth_parser_reference_sv_173_130)
SBY 23:45:45 [/tmp/wire022-formal-regressions.5hzp7m/eth_parser_wire_eth_parser_cover] engine_0: ##   0:00:00  Writing trace to VCD file: engine_0/trace3.vcd
SBY 23:45:45 [/tmp/wire022-formal-regressions.5hzp7m/eth_parser_wire_eth_parser_cover] engine_0: ##   0:00:00  Writing trace to Verilog testbench: engine_0/trace3_tb.v
SBY 23:45:45 [/tmp/wire022-formal-regressions.5hzp7m/eth_parser_wire_eth_parser_cover] engine_0: ##   0:00:00  Writing trace to constraints file: engine_0/trace3.smtc
SBY 23:45:45 [/tmp/wire022-formal-regressions.5hzp7m/eth_parser_wire_eth_parser_cover] engine_0: ##   0:00:00  Writing trace to Yosys witness file: engine_0/trace3.yw
SBY 23:45:45 [/tmp/wire022-formal-regressions.5hzp7m/eth_parser_wire_eth_parser_cover] engine_0: ##   0:00:00  Status: passed
SBY 23:45:45 [/tmp/wire022-formal-regressions.5hzp7m/eth_parser_wire_eth_parser_cover] engine_0: finished (returncode=0)
SBY 23:45:45 [/tmp/wire022-formal-regressions.5hzp7m/eth_parser_wire_eth_parser_cover] engine_0: Status returned by engine: pass
SBY 23:45:45 [/tmp/wire022-formal-regressions.5hzp7m/eth_parser_wire_eth_parser_cover] summary: Elapsed clock time [H:MM:SS (secs)]: 0:00:00 (0)
SBY 23:45:45 [/tmp/wire022-formal-regressions.5hzp7m/eth_parser_wire_eth_parser_cover] summary: Elapsed process time [H:MM:SS (secs)]: 0:00:00 (0)
SBY 23:45:45 [/tmp/wire022-formal-regressions.5hzp7m/eth_parser_wire_eth_parser_cover] summary: engine_0 (smtbmc yices) returned pass
SBY 23:45:45 [/tmp/wire022-formal-regressions.5hzp7m/eth_parser_wire_eth_parser_cover] summary: cover trace: /tmp/wire022-formal-regressions.5hzp7m/eth_parser_wire_eth_parser_cover/engine_0/trace0.vcd
SBY 23:45:45 [/tmp/wire022-formal-regressions.5hzp7m/eth_parser_wire_eth_parser_cover] summary:   reached cover statement wire_eth_parser_reference._witness_.check_cover_wire_eth_parser_reference_sv_172_126 at wire_eth_parser_reference.sv:172.13-172.58 step 3
SBY 23:45:45 [/tmp/wire022-formal-regressions.5hzp7m/eth_parser_wire_eth_parser_cover] summary: cover trace: /tmp/wire022-formal-regressions.5hzp7m/eth_parser_wire_eth_parser_cover/engine_0/trace1.vcd
SBY 23:45:45 [/tmp/wire022-formal-regressions.5hzp7m/eth_parser_wire_eth_parser_cover] summary:   reached cover statement wire_eth_parser_reference._witness_.check_cover_wire_eth_parser_reference_sv_171_122 at wire_eth_parser_reference.sv:171.13-171.64 step 16
SBY 23:45:45 [/tmp/wire022-formal-regressions.5hzp7m/eth_parser_wire_eth_parser_cover] summary: cover trace: /tmp/wire022-formal-regressions.5hzp7m/eth_parser_wire_eth_parser_cover/engine_0/trace2.vcd
SBY 23:45:45 [/tmp/wire022-formal-regressions.5hzp7m/eth_parser_wire_eth_parser_cover] summary:   reached cover statement wire_eth_parser_reference._witness_.check_cover_wire_eth_parser_reference_sv_170_119 at wire_eth_parser_reference.sv:170.13-170.56 step 16
SBY 23:45:45 [/tmp/wire022-formal-regressions.5hzp7m/eth_parser_wire_eth_parser_cover] summary: cover trace: /tmp/wire022-formal-regressions.5hzp7m/eth_parser_wire_eth_parser_cover/engine_0/trace3.vcd
SBY 23:45:45 [/tmp/wire022-formal-regressions.5hzp7m/eth_parser_wire_eth_parser_cover] summary:   reached cover statement wire_eth_parser_reference._witness_.check_cover_wire_eth_parser_reference_sv_173_130 at wire_eth_parser_reference.sv:173.13-173.77 step 17
SBY 23:45:45 [/tmp/wire022-formal-regressions.5hzp7m/eth_parser_wire_eth_parser_cover] DONE (PASS, rc=0)
