SBY 23:46:30 [/tmp/wire022-formal-root.srp3mq/gearbox_wire_gearbox_cover] Removing directory '/tmp/wire022-formal-root.srp3mq/gearbox_wire_gearbox_cover'.
SBY 23:46:30 [/tmp/wire022-formal-root.srp3mq/gearbox_wire_gearbox_cover] Copy '/Users/Dilan/Projects/wire-to-decision/rtl/arch_a/wire_gearbox_64to8.sv' to '/tmp/wire022-formal-root.srp3mq/gearbox_wire_gearbox_cover/src/wire_gearbox_64to8.sv'.
SBY 23:46:30 [/tmp/wire022-formal-root.srp3mq/gearbox_wire_gearbox_cover] Copy '/Users/Dilan/Projects/wire-to-decision/formal/gearbox/wire_gearbox_reference.sv' to '/tmp/wire022-formal-root.srp3mq/gearbox_wire_gearbox_cover/src/wire_gearbox_reference.sv'.
SBY 23:46:30 [/tmp/wire022-formal-root.srp3mq/gearbox_wire_gearbox_cover] engine_0: smtbmc yices
SBY 23:46:30 [/tmp/wire022-formal-root.srp3mq/gearbox_wire_gearbox_cover] base: starting process "cd /tmp/wire022-formal-root.srp3mq/gearbox_wire_gearbox_cover/src; yosys -ql ../model/design.log ../model/design.ys"
SBY 23:46:30 [/tmp/wire022-formal-root.srp3mq/gearbox_wire_gearbox_cover] base: finished (returncode=0)
SBY 23:46:30 [/tmp/wire022-formal-root.srp3mq/gearbox_wire_gearbox_cover] prep: starting process "cd /tmp/wire022-formal-root.srp3mq/gearbox_wire_gearbox_cover/model; yosys -ql design_prep.log design_prep.ys"
SBY 23:46:30 [/tmp/wire022-formal-root.srp3mq/gearbox_wire_gearbox_cover] prep: finished (returncode=0)
SBY 23:46:30 [/tmp/wire022-formal-root.srp3mq/gearbox_wire_gearbox_cover] smt2: starting process "cd /tmp/wire022-formal-root.srp3mq/gearbox_wire_gearbox_cover/model; yosys -ql design_smt2.log design_smt2.ys"
SBY 23:46:30 [/tmp/wire022-formal-root.srp3mq/gearbox_wire_gearbox_cover] smt2: finished (returncode=0)
SBY 23:46:30 [/tmp/wire022-formal-root.srp3mq/gearbox_wire_gearbox_cover] engine_0: starting process "cd /tmp/wire022-formal-root.srp3mq/gearbox_wire_gearbox_cover; yosys-smtbmc -s yices --presat --unroll -c --noprogress -t 20  --append 0 --dump-vcd engine_0/trace%.vcd --dump-yw engine_0/trace%.yw --dump-vlogtb engine_0/trace%_tb.v --dump-smtc engine_0/trace%.smtc model/design_smt2.smt2"
SBY 23:46:30 [/tmp/wire022-formal-root.srp3mq/gearbox_wire_gearbox_cover] engine_0: ##   0:00:00  Solver: yices
SBY 23:46:30 [/tmp/wire022-formal-root.srp3mq/gearbox_wire_gearbox_cover] engine_0: ##   0:00:00  Checking cover reachability in step 0..
SBY 23:46:30 [/tmp/wire022-formal-root.srp3mq/gearbox_wire_gearbox_cover] engine_0: ##   0:00:00  Checking cover reachability in step 1..
SBY 23:46:30 [/tmp/wire022-formal-root.srp3mq/gearbox_wire_gearbox_cover] engine_0: ##   0:00:00  Checking cover reachability in step 2..
SBY 23:46:30 [/tmp/wire022-formal-root.srp3mq/gearbox_wire_gearbox_cover] engine_0: ##   0:00:00  Checking cover reachability in step 3..
SBY 23:46:30 [/tmp/wire022-formal-root.srp3mq/gearbox_wire_gearbox_cover] engine_0: ##   0:00:00  Reached cover statement in step 3 at wire_gearbox_reference: wire_gearbox_reference.sv:144.13-144.69 (_witness_.check_cover_wire_gearbox_reference_sv_144_129)
SBY 23:46:30 [/tmp/wire022-formal-root.srp3mq/gearbox_wire_gearbox_cover] engine_0: ##   0:00:00  Writing trace to VCD file: engine_0/trace0.vcd
SBY 23:46:30 [/tmp/wire022-formal-root.srp3mq/gearbox_wire_gearbox_cover] engine_0: ##   0:00:00  Writing trace to Verilog testbench: engine_0/trace0_tb.v
SBY 23:46:30 [/tmp/wire022-formal-root.srp3mq/gearbox_wire_gearbox_cover] engine_0: ##   0:00:00  Writing trace to constraints file: engine_0/trace0.smtc
SBY 23:46:30 [/tmp/wire022-formal-root.srp3mq/gearbox_wire_gearbox_cover] engine_0: ##   0:00:00  Writing trace to Yosys witness file: engine_0/trace0.yw
SBY 23:46:30 [/tmp/wire022-formal-root.srp3mq/gearbox_wire_gearbox_cover] engine_0: ##   0:00:00  Checking cover reachability in step 3..
SBY 23:46:30 [/tmp/wire022-formal-root.srp3mq/gearbox_wire_gearbox_cover] engine_0: ##   0:00:00  Reached cover statement in step 3 at wire_gearbox_reference: wire_gearbox_reference.sv:146.13-146.68 (_witness_.check_cover_wire_gearbox_reference_sv_146_135)
SBY 23:46:30 [/tmp/wire022-formal-root.srp3mq/gearbox_wire_gearbox_cover] engine_0: ##   0:00:00  Writing trace to VCD file: engine_0/trace1.vcd
SBY 23:46:30 [/tmp/wire022-formal-root.srp3mq/gearbox_wire_gearbox_cover] engine_0: ##   0:00:00  Writing trace to Verilog testbench: engine_0/trace1_tb.v
SBY 23:46:30 [/tmp/wire022-formal-root.srp3mq/gearbox_wire_gearbox_cover] engine_0: ##   0:00:00  Writing trace to constraints file: engine_0/trace1.smtc
SBY 23:46:30 [/tmp/wire022-formal-root.srp3mq/gearbox_wire_gearbox_cover] engine_0: ##   0:00:00  Writing trace to Yosys witness file: engine_0/trace1.yw
SBY 23:46:30 [/tmp/wire022-formal-root.srp3mq/gearbox_wire_gearbox_cover] engine_0: ##   0:00:00  Status: passed
SBY 23:46:30 [/tmp/wire022-formal-root.srp3mq/gearbox_wire_gearbox_cover] engine_0: finished (returncode=0)
SBY 23:46:30 [/tmp/wire022-formal-root.srp3mq/gearbox_wire_gearbox_cover] engine_0: Status returned by engine: pass
SBY 23:46:30 [/tmp/wire022-formal-root.srp3mq/gearbox_wire_gearbox_cover] summary: Elapsed clock time [H:MM:SS (secs)]: 0:00:00 (0)
SBY 23:46:30 [/tmp/wire022-formal-root.srp3mq/gearbox_wire_gearbox_cover] summary: Elapsed process time [H:MM:SS (secs)]: 0:00:00 (0)
SBY 23:46:30 [/tmp/wire022-formal-root.srp3mq/gearbox_wire_gearbox_cover] summary: engine_0 (smtbmc yices) returned pass
SBY 23:46:30 [/tmp/wire022-formal-root.srp3mq/gearbox_wire_gearbox_cover] summary: cover trace: /tmp/wire022-formal-root.srp3mq/gearbox_wire_gearbox_cover/engine_0/trace0.vcd
SBY 23:46:30 [/tmp/wire022-formal-root.srp3mq/gearbox_wire_gearbox_cover] summary:   reached cover statement wire_gearbox_reference._witness_.check_cover_wire_gearbox_reference_sv_144_129 at wire_gearbox_reference.sv:144.13-144.69 step 3
SBY 23:46:30 [/tmp/wire022-formal-root.srp3mq/gearbox_wire_gearbox_cover] summary: cover trace: /tmp/wire022-formal-root.srp3mq/gearbox_wire_gearbox_cover/engine_0/trace1.vcd
SBY 23:46:30 [/tmp/wire022-formal-root.srp3mq/gearbox_wire_gearbox_cover] summary:   reached cover statement wire_gearbox_reference._witness_.check_cover_wire_gearbox_reference_sv_146_135 at wire_gearbox_reference.sv:146.13-146.68 step 3
SBY 23:46:30 [/tmp/wire022-formal-root.srp3mq/gearbox_wire_gearbox_cover] DONE (PASS, rc=0)
