SBY 23:47:10 [/tmp/wire022-formal-regressions.5hzp7m/mold_message_framer_wire_mold_message_framer_zero_cover] Removing directory '/tmp/wire022-formal-regressions.5hzp7m/mold_message_framer_wire_mold_message_framer_zero_cover'.
SBY 23:47:10 [/tmp/wire022-formal-regressions.5hzp7m/mold_message_framer_wire_mold_message_framer_zero_cover] Copy '/Users/Dilan/Projects/wire-to-decision/formal/mold_message_framer/../../rtl/arch_a/wire_mold_message_framer.sv' to '/tmp/wire022-formal-regressions.5hzp7m/mold_message_framer_wire_mold_message_framer_zero_cover/src/wire_mold_message_framer.sv'.
SBY 23:47:10 [/tmp/wire022-formal-regressions.5hzp7m/mold_message_framer_wire_mold_message_framer_zero_cover] Copy '/Users/Dilan/Projects/wire-to-decision/formal/mold_message_framer/wire_mold_message_framer_vectors.sv' to '/tmp/wire022-formal-regressions.5hzp7m/mold_message_framer_wire_mold_message_framer_zero_cover/src/wire_mold_message_framer_vectors.sv'.
SBY 23:47:10 [/tmp/wire022-formal-regressions.5hzp7m/mold_message_framer_wire_mold_message_framer_zero_cover] engine_0: smtbmc yices
SBY 23:47:10 [/tmp/wire022-formal-regressions.5hzp7m/mold_message_framer_wire_mold_message_framer_zero_cover] base: starting process "cd /tmp/wire022-formal-regressions.5hzp7m/mold_message_framer_wire_mold_message_framer_zero_cover/src; yosys -ql ../model/design.log ../model/design.ys"
SBY 23:47:10 [/tmp/wire022-formal-regressions.5hzp7m/mold_message_framer_wire_mold_message_framer_zero_cover] base: Warning: Wire mold_framer_vector.\clk is used but has no driver.
SBY 23:47:10 [/tmp/wire022-formal-regressions.5hzp7m/mold_message_framer_wire_mold_message_framer_zero_cover] base: finished (returncode=0)
SBY 23:47:10 [/tmp/wire022-formal-regressions.5hzp7m/mold_message_framer_wire_mold_message_framer_zero_cover] prep: starting process "cd /tmp/wire022-formal-regressions.5hzp7m/mold_message_framer_wire_mold_message_framer_zero_cover/model; yosys -ql design_prep.log design_prep.ys"
SBY 23:47:10 [/tmp/wire022-formal-regressions.5hzp7m/mold_message_framer_wire_mold_message_framer_zero_cover] prep: Warning: Wire mold_framer_vector.\clk is used but has no driver.
SBY 23:47:10 [/tmp/wire022-formal-regressions.5hzp7m/mold_message_framer_wire_mold_message_framer_zero_cover] prep: finished (returncode=0)
SBY 23:47:10 [/tmp/wire022-formal-regressions.5hzp7m/mold_message_framer_wire_mold_message_framer_zero_cover] smt2: starting process "cd /tmp/wire022-formal-regressions.5hzp7m/mold_message_framer_wire_mold_message_framer_zero_cover/model; yosys -ql design_smt2.log design_smt2.ys"
SBY 23:47:10 [/tmp/wire022-formal-regressions.5hzp7m/mold_message_framer_wire_mold_message_framer_zero_cover] smt2: finished (returncode=0)
SBY 23:47:10 [/tmp/wire022-formal-regressions.5hzp7m/mold_message_framer_wire_mold_message_framer_zero_cover] engine_0: starting process "cd /tmp/wire022-formal-regressions.5hzp7m/mold_message_framer_wire_mold_message_framer_zero_cover; yosys-smtbmc -s yices --presat --unroll -c --noprogress -t 24  --append 0 --dump-vcd engine_0/trace%.vcd --dump-yw engine_0/trace%.yw --dump-vlogtb engine_0/trace%_tb.v --dump-smtc engine_0/trace%.smtc model/design_smt2.smt2"
SBY 23:47:10 [/tmp/wire022-formal-regressions.5hzp7m/mold_message_framer_wire_mold_message_framer_zero_cover] engine_0: ##   0:00:00  Solver: yices
SBY 23:47:10 [/tmp/wire022-formal-regressions.5hzp7m/mold_message_framer_wire_mold_message_framer_zero_cover] engine_0: ##   0:00:00  Checking cover reachability in step 0..
SBY 23:47:10 [/tmp/wire022-formal-regressions.5hzp7m/mold_message_framer_wire_mold_message_framer_zero_cover] engine_0: ##   0:00:00  Reached cover statement in step 0 at mold_framer_vector: wire_mold_message_framer_vectors.sv:121.37-121.74 (_witness_.check_cover_wire_mold_message_framer_vectors_sv_121_263)
SBY 23:47:10 [/tmp/wire022-formal-regressions.5hzp7m/mold_message_framer_wire_mold_message_framer_zero_cover] engine_0: ##   0:00:00  Writing trace to VCD file: engine_0/trace0.vcd
SBY 23:47:10 [/tmp/wire022-formal-regressions.5hzp7m/mold_message_framer_wire_mold_message_framer_zero_cover] engine_0: ##   0:00:00  Writing trace to Verilog testbench: engine_0/trace0_tb.v
SBY 23:47:10 [/tmp/wire022-formal-regressions.5hzp7m/mold_message_framer_wire_mold_message_framer_zero_cover] engine_0: ##   0:00:00  Writing trace to constraints file: engine_0/trace0.smtc
SBY 23:47:10 [/tmp/wire022-formal-regressions.5hzp7m/mold_message_framer_wire_mold_message_framer_zero_cover] engine_0: ##   0:00:00  Writing trace to Yosys witness file: engine_0/trace0.yw
SBY 23:47:10 [/tmp/wire022-formal-regressions.5hzp7m/mold_message_framer_wire_mold_message_framer_zero_cover] engine_0: ##   0:00:00  Status: passed
SBY 23:47:10 [/tmp/wire022-formal-regressions.5hzp7m/mold_message_framer_wire_mold_message_framer_zero_cover] engine_0: finished (returncode=0)
SBY 23:47:10 [/tmp/wire022-formal-regressions.5hzp7m/mold_message_framer_wire_mold_message_framer_zero_cover] engine_0: Status returned by engine: pass
SBY 23:47:10 [/tmp/wire022-formal-regressions.5hzp7m/mold_message_framer_wire_mold_message_framer_zero_cover] summary: Elapsed clock time [H:MM:SS (secs)]: 0:00:00 (0)
SBY 23:47:10 [/tmp/wire022-formal-regressions.5hzp7m/mold_message_framer_wire_mold_message_framer_zero_cover] summary: Elapsed process time [H:MM:SS (secs)]: 0:00:00 (0)
SBY 23:47:10 [/tmp/wire022-formal-regressions.5hzp7m/mold_message_framer_wire_mold_message_framer_zero_cover] summary: engine_0 (smtbmc yices) returned pass
SBY 23:47:10 [/tmp/wire022-formal-regressions.5hzp7m/mold_message_framer_wire_mold_message_framer_zero_cover] summary: cover trace: /tmp/wire022-formal-regressions.5hzp7m/mold_message_framer_wire_mold_message_framer_zero_cover/engine_0/trace0.vcd
SBY 23:47:10 [/tmp/wire022-formal-regressions.5hzp7m/mold_message_framer_wire_mold_message_framer_zero_cover] summary:   reached cover statement mold_framer_vector._witness_.check_cover_wire_mold_message_framer_vectors_sv_121_263 at wire_mold_message_framer_vectors.sv:121.37-121.74
SBY 23:47:10 [/tmp/wire022-formal-regressions.5hzp7m/mold_message_framer_wire_mold_message_framer_zero_cover] DONE (PASS, rc=0)
