SBY 23:46:47 [/tmp/wire022-formal-regressions.5hzp7m/udp_parser_wire_udp_parser_short] Removing directory '/tmp/wire022-formal-regressions.5hzp7m/udp_parser_wire_udp_parser_short'.
SBY 23:46:47 [/tmp/wire022-formal-regressions.5hzp7m/udp_parser_wire_udp_parser_short] Copy '/Users/Dilan/Projects/wire-to-decision/formal/udp_parser/../../rtl/arch_a/wire_udp_parser.sv' to '/tmp/wire022-formal-regressions.5hzp7m/udp_parser_wire_udp_parser_short/src/wire_udp_parser.sv'.
SBY 23:46:47 [/tmp/wire022-formal-regressions.5hzp7m/udp_parser_wire_udp_parser_short] Copy '/Users/Dilan/Projects/wire-to-decision/formal/udp_parser/wire_udp_parser_formal.sv' to '/tmp/wire022-formal-regressions.5hzp7m/udp_parser_wire_udp_parser_short/src/wire_udp_parser_formal.sv'.
SBY 23:46:47 [/tmp/wire022-formal-regressions.5hzp7m/udp_parser_wire_udp_parser_short] engine_0: smtbmc yices
SBY 23:46:47 [/tmp/wire022-formal-regressions.5hzp7m/udp_parser_wire_udp_parser_short] base: starting process "cd /tmp/wire022-formal-regressions.5hzp7m/udp_parser_wire_udp_parser_short/src; yosys -ql ../model/design.log ../model/design.ys"
SBY 23:46:47 [/tmp/wire022-formal-regressions.5hzp7m/udp_parser_wire_udp_parser_short] base: finished (returncode=0)
SBY 23:46:47 [/tmp/wire022-formal-regressions.5hzp7m/udp_parser_wire_udp_parser_short] prep: starting process "cd /tmp/wire022-formal-regressions.5hzp7m/udp_parser_wire_udp_parser_short/model; yosys -ql design_prep.log design_prep.ys"
SBY 23:46:47 [/tmp/wire022-formal-regressions.5hzp7m/udp_parser_wire_udp_parser_short] prep: finished (returncode=0)
SBY 23:46:47 [/tmp/wire022-formal-regressions.5hzp7m/udp_parser_wire_udp_parser_short] smt2: starting process "cd /tmp/wire022-formal-regressions.5hzp7m/udp_parser_wire_udp_parser_short/model; yosys -ql design_smt2.log design_smt2.ys"
SBY 23:46:47 [/tmp/wire022-formal-regressions.5hzp7m/udp_parser_wire_udp_parser_short] smt2: finished (returncode=0)
SBY 23:46:47 [/tmp/wire022-formal-regressions.5hzp7m/udp_parser_wire_udp_parser_short] engine_0: starting process "cd /tmp/wire022-formal-regressions.5hzp7m/udp_parser_wire_udp_parser_short; yosys-smtbmc -s yices --presat --unroll --noprogress -t 20  --append 0 --dump-vcd engine_0/trace.vcd --dump-yw engine_0/trace.yw --dump-vlogtb engine_0/trace_tb.v --dump-smtc engine_0/trace.smtc model/design_smt2.smt2"
SBY 23:46:47 [/tmp/wire022-formal-regressions.5hzp7m/udp_parser_wire_udp_parser_short] engine_0: ##   0:00:00  Solver: yices
SBY 23:46:47 [/tmp/wire022-formal-regressions.5hzp7m/udp_parser_wire_udp_parser_short] engine_0: ##   0:00:00  Checking assumptions in step 0..
SBY 23:46:47 [/tmp/wire022-formal-regressions.5hzp7m/udp_parser_wire_udp_parser_short] engine_0: ##   0:00:00  Checking assertions in step 0..
SBY 23:46:47 [/tmp/wire022-formal-regressions.5hzp7m/udp_parser_wire_udp_parser_short] engine_0: ##   0:00:00  Checking assumptions in step 1..
SBY 23:46:47 [/tmp/wire022-formal-regressions.5hzp7m/udp_parser_wire_udp_parser_short] engine_0: ##   0:00:00  Checking assertions in step 1..
SBY 23:46:47 [/tmp/wire022-formal-regressions.5hzp7m/udp_parser_wire_udp_parser_short] engine_0: ##   0:00:00  Checking assumptions in step 2..
SBY 23:46:47 [/tmp/wire022-formal-regressions.5hzp7m/udp_parser_wire_udp_parser_short] engine_0: ##   0:00:00  Checking assertions in step 2..
SBY 23:46:47 [/tmp/wire022-formal-regressions.5hzp7m/udp_parser_wire_udp_parser_short] engine_0: ##   0:00:00  Checking assumptions in step 3..
SBY 23:46:47 [/tmp/wire022-formal-regressions.5hzp7m/udp_parser_wire_udp_parser_short] engine_0: ##   0:00:00  Checking assertions in step 3..
SBY 23:46:47 [/tmp/wire022-formal-regressions.5hzp7m/udp_parser_wire_udp_parser_short] engine_0: ##   0:00:00  Checking assumptions in step 4..
SBY 23:46:47 [/tmp/wire022-formal-regressions.5hzp7m/udp_parser_wire_udp_parser_short] engine_0: ##   0:00:00  Checking assertions in step 4..
SBY 23:46:47 [/tmp/wire022-formal-regressions.5hzp7m/udp_parser_wire_udp_parser_short] engine_0: ##   0:00:00  Checking assumptions in step 5..
SBY 23:46:47 [/tmp/wire022-formal-regressions.5hzp7m/udp_parser_wire_udp_parser_short] engine_0: ##   0:00:00  Checking assertions in step 5..
SBY 23:46:47 [/tmp/wire022-formal-regressions.5hzp7m/udp_parser_wire_udp_parser_short] engine_0: ##   0:00:00  Checking assumptions in step 6..
SBY 23:46:47 [/tmp/wire022-formal-regressions.5hzp7m/udp_parser_wire_udp_parser_short] engine_0: ##   0:00:00  Checking assertions in step 6..
SBY 23:46:47 [/tmp/wire022-formal-regressions.5hzp7m/udp_parser_wire_udp_parser_short] engine_0: ##   0:00:00  Checking assumptions in step 7..
SBY 23:46:47 [/tmp/wire022-formal-regressions.5hzp7m/udp_parser_wire_udp_parser_short] engine_0: ##   0:00:00  Checking assertions in step 7..
SBY 23:46:47 [/tmp/wire022-formal-regressions.5hzp7m/udp_parser_wire_udp_parser_short] engine_0: ##   0:00:00  Checking assumptions in step 8..
SBY 23:46:47 [/tmp/wire022-formal-regressions.5hzp7m/udp_parser_wire_udp_parser_short] engine_0: ##   0:00:00  Checking assertions in step 8..
SBY 23:46:47 [/tmp/wire022-formal-regressions.5hzp7m/udp_parser_wire_udp_parser_short] engine_0: ##   0:00:00  Checking assumptions in step 9..
SBY 23:46:47 [/tmp/wire022-formal-regressions.5hzp7m/udp_parser_wire_udp_parser_short] engine_0: ##   0:00:00  Checking assertions in step 9..
SBY 23:46:47 [/tmp/wire022-formal-regressions.5hzp7m/udp_parser_wire_udp_parser_short] engine_0: ##   0:00:00  Checking assumptions in step 10..
SBY 23:46:47 [/tmp/wire022-formal-regressions.5hzp7m/udp_parser_wire_udp_parser_short] engine_0: ##   0:00:00  Checking assertions in step 10..
SBY 23:46:47 [/tmp/wire022-formal-regressions.5hzp7m/udp_parser_wire_udp_parser_short] engine_0: ##   0:00:00  Checking assumptions in step 11..
SBY 23:46:47 [/tmp/wire022-formal-regressions.5hzp7m/udp_parser_wire_udp_parser_short] engine_0: ##   0:00:00  Checking assertions in step 11..
SBY 23:46:47 [/tmp/wire022-formal-regressions.5hzp7m/udp_parser_wire_udp_parser_short] engine_0: ##   0:00:00  Checking assumptions in step 12..
SBY 23:46:47 [/tmp/wire022-formal-regressions.5hzp7m/udp_parser_wire_udp_parser_short] engine_0: ##   0:00:00  Checking assertions in step 12..
SBY 23:46:47 [/tmp/wire022-formal-regressions.5hzp7m/udp_parser_wire_udp_parser_short] engine_0: ##   0:00:00  Checking assumptions in step 13..
SBY 23:46:47 [/tmp/wire022-formal-regressions.5hzp7m/udp_parser_wire_udp_parser_short] engine_0: ##   0:00:00  Checking assertions in step 13..
SBY 23:46:47 [/tmp/wire022-formal-regressions.5hzp7m/udp_parser_wire_udp_parser_short] engine_0: ##   0:00:00  Checking assumptions in step 14..
SBY 23:46:47 [/tmp/wire022-formal-regressions.5hzp7m/udp_parser_wire_udp_parser_short] engine_0: ##   0:00:00  Checking assertions in step 14..
SBY 23:46:47 [/tmp/wire022-formal-regressions.5hzp7m/udp_parser_wire_udp_parser_short] engine_0: ##   0:00:00  Checking assumptions in step 15..
SBY 23:46:47 [/tmp/wire022-formal-regressions.5hzp7m/udp_parser_wire_udp_parser_short] engine_0: ##   0:00:00  Checking assertions in step 15..
SBY 23:46:47 [/tmp/wire022-formal-regressions.5hzp7m/udp_parser_wire_udp_parser_short] engine_0: ##   0:00:00  Checking assumptions in step 16..
SBY 23:46:47 [/tmp/wire022-formal-regressions.5hzp7m/udp_parser_wire_udp_parser_short] engine_0: ##   0:00:00  Checking assertions in step 16..
SBY 23:46:47 [/tmp/wire022-formal-regressions.5hzp7m/udp_parser_wire_udp_parser_short] engine_0: ##   0:00:00  Checking assumptions in step 17..
SBY 23:46:47 [/tmp/wire022-formal-regressions.5hzp7m/udp_parser_wire_udp_parser_short] engine_0: ##   0:00:00  Checking assertions in step 17..
SBY 23:46:47 [/tmp/wire022-formal-regressions.5hzp7m/udp_parser_wire_udp_parser_short] engine_0: ##   0:00:00  Checking assumptions in step 18..
SBY 23:46:47 [/tmp/wire022-formal-regressions.5hzp7m/udp_parser_wire_udp_parser_short] engine_0: ##   0:00:00  Checking assertions in step 18..
SBY 23:46:47 [/tmp/wire022-formal-regressions.5hzp7m/udp_parser_wire_udp_parser_short] engine_0: ##   0:00:00  Checking assumptions in step 19..
SBY 23:46:47 [/tmp/wire022-formal-regressions.5hzp7m/udp_parser_wire_udp_parser_short] engine_0: ##   0:00:00  Checking assertions in step 19..
SBY 23:46:47 [/tmp/wire022-formal-regressions.5hzp7m/udp_parser_wire_udp_parser_short] engine_0: ##   0:00:00  Status: passed
SBY 23:46:47 [/tmp/wire022-formal-regressions.5hzp7m/udp_parser_wire_udp_parser_short] engine_0: finished (returncode=0)
SBY 23:46:47 [/tmp/wire022-formal-regressions.5hzp7m/udp_parser_wire_udp_parser_short] engine_0: Status returned by engine: pass
SBY 23:46:47 [/tmp/wire022-formal-regressions.5hzp7m/udp_parser_wire_udp_parser_short] summary: Elapsed clock time [H:MM:SS (secs)]: 0:00:00 (0)
SBY 23:46:47 [/tmp/wire022-formal-regressions.5hzp7m/udp_parser_wire_udp_parser_short] summary: Elapsed process time [H:MM:SS (secs)]: 0:00:00 (0)
SBY 23:46:47 [/tmp/wire022-formal-regressions.5hzp7m/udp_parser_wire_udp_parser_short] summary: engine_0 (smtbmc yices) returned pass
SBY 23:46:47 [/tmp/wire022-formal-regressions.5hzp7m/udp_parser_wire_udp_parser_short] summary: engine_0 did not produce any traces
SBY 23:46:47 [/tmp/wire022-formal-regressions.5hzp7m/udp_parser_wire_udp_parser_short] DONE (PASS, rc=0)
