SBY 23:46:32 [/tmp/wire022-formal-regressions.5hzp7m/ipv4_parser_wire_ipv4_parser_cover] Removing directory '/tmp/wire022-formal-regressions.5hzp7m/ipv4_parser_wire_ipv4_parser_cover'.
SBY 23:46:32 [/tmp/wire022-formal-regressions.5hzp7m/ipv4_parser_wire_ipv4_parser_cover] Copy '/Users/Dilan/Projects/wire-to-decision/formal/ipv4_parser/../../rtl/arch_a/wire_ipv4_parser.sv' to '/tmp/wire022-formal-regressions.5hzp7m/ipv4_parser_wire_ipv4_parser_cover/src/wire_ipv4_parser.sv'.
SBY 23:46:32 [/tmp/wire022-formal-regressions.5hzp7m/ipv4_parser_wire_ipv4_parser_cover] Copy '/Users/Dilan/Projects/wire-to-decision/formal/ipv4_parser/wire_ipv4_parser_reference.sv' to '/tmp/wire022-formal-regressions.5hzp7m/ipv4_parser_wire_ipv4_parser_cover/src/wire_ipv4_parser_reference.sv'.
SBY 23:46:33 [/tmp/wire022-formal-regressions.5hzp7m/ipv4_parser_wire_ipv4_parser_cover] engine_0: smtbmc yices
SBY 23:46:33 [/tmp/wire022-formal-regressions.5hzp7m/ipv4_parser_wire_ipv4_parser_cover] base: starting process "cd /tmp/wire022-formal-regressions.5hzp7m/ipv4_parser_wire_ipv4_parser_cover/src; yosys -ql ../model/design.log ../model/design.ys"
SBY 23:46:33 [/tmp/wire022-formal-regressions.5hzp7m/ipv4_parser_wire_ipv4_parser_cover] base: finished (returncode=0)
SBY 23:46:33 [/tmp/wire022-formal-regressions.5hzp7m/ipv4_parser_wire_ipv4_parser_cover] prep: starting process "cd /tmp/wire022-formal-regressions.5hzp7m/ipv4_parser_wire_ipv4_parser_cover/model; yosys -ql design_prep.log design_prep.ys"
SBY 23:46:33 [/tmp/wire022-formal-regressions.5hzp7m/ipv4_parser_wire_ipv4_parser_cover] prep: finished (returncode=0)
SBY 23:46:33 [/tmp/wire022-formal-regressions.5hzp7m/ipv4_parser_wire_ipv4_parser_cover] smt2: starting process "cd /tmp/wire022-formal-regressions.5hzp7m/ipv4_parser_wire_ipv4_parser_cover/model; yosys -ql design_smt2.log design_smt2.ys"
SBY 23:46:33 [/tmp/wire022-formal-regressions.5hzp7m/ipv4_parser_wire_ipv4_parser_cover] smt2: finished (returncode=0)
SBY 23:46:33 [/tmp/wire022-formal-regressions.5hzp7m/ipv4_parser_wire_ipv4_parser_cover] engine_0: starting process "cd /tmp/wire022-formal-regressions.5hzp7m/ipv4_parser_wire_ipv4_parser_cover; yosys-smtbmc -s yices --presat --unroll -c --noprogress -t 32  --append 0 --dump-vcd engine_0/trace%.vcd --dump-yw engine_0/trace%.yw --dump-vlogtb engine_0/trace%_tb.v --dump-smtc engine_0/trace%.smtc model/design_smt2.smt2"
SBY 23:46:33 [/tmp/wire022-formal-regressions.5hzp7m/ipv4_parser_wire_ipv4_parser_cover] engine_0: ##   0:00:00  Solver: yices
SBY 23:46:33 [/tmp/wire022-formal-regressions.5hzp7m/ipv4_parser_wire_ipv4_parser_cover] engine_0: ##   0:00:00  Checking cover reachability in step 0..
SBY 23:46:33 [/tmp/wire022-formal-regressions.5hzp7m/ipv4_parser_wire_ipv4_parser_cover] engine_0: ##   0:00:00  Checking cover reachability in step 1..
SBY 23:46:33 [/tmp/wire022-formal-regressions.5hzp7m/ipv4_parser_wire_ipv4_parser_cover] engine_0: ##   0:00:00  Checking cover reachability in step 2..
SBY 23:46:33 [/tmp/wire022-formal-regressions.5hzp7m/ipv4_parser_wire_ipv4_parser_cover] engine_0: ##   0:00:00  Checking cover reachability in step 3..
SBY 23:46:33 [/tmp/wire022-formal-regressions.5hzp7m/ipv4_parser_wire_ipv4_parser_cover] engine_0: ##   0:00:00  Reached cover statement in step 3 at wire_ipv4_parser_reference: wire_ipv4_parser_reference.sv:142.13-142.49 (_witness_.check_cover_wire_ipv4_parser_reference_sv_142_554)
SBY 23:46:33 [/tmp/wire022-formal-regressions.5hzp7m/ipv4_parser_wire_ipv4_parser_cover] engine_0: ##   0:00:00  Writing trace to VCD file: engine_0/trace0.vcd
SBY 23:46:33 [/tmp/wire022-formal-regressions.5hzp7m/ipv4_parser_wire_ipv4_parser_cover] engine_0: ##   0:00:00  Writing trace to Verilog testbench: engine_0/trace0_tb.v
SBY 23:46:33 [/tmp/wire022-formal-regressions.5hzp7m/ipv4_parser_wire_ipv4_parser_cover] engine_0: ##   0:00:00  Writing trace to constraints file: engine_0/trace0.smtc
SBY 23:46:33 [/tmp/wire022-formal-regressions.5hzp7m/ipv4_parser_wire_ipv4_parser_cover] engine_0: ##   0:00:00  Writing trace to Yosys witness file: engine_0/trace0.yw
SBY 23:46:33 [/tmp/wire022-formal-regressions.5hzp7m/ipv4_parser_wire_ipv4_parser_cover] engine_0: ##   0:00:00  Checking cover reachability in step 3..
SBY 23:46:33 [/tmp/wire022-formal-regressions.5hzp7m/ipv4_parser_wire_ipv4_parser_cover] engine_0: ##   0:00:00  Checking cover reachability in step 4..
SBY 23:46:33 [/tmp/wire022-formal-regressions.5hzp7m/ipv4_parser_wire_ipv4_parser_cover] engine_0: ##   0:00:00  Checking cover reachability in step 5..
SBY 23:46:33 [/tmp/wire022-formal-regressions.5hzp7m/ipv4_parser_wire_ipv4_parser_cover] engine_0: ##   0:00:00  Checking cover reachability in step 6..
SBY 23:46:33 [/tmp/wire022-formal-regressions.5hzp7m/ipv4_parser_wire_ipv4_parser_cover] engine_0: ##   0:00:00  Checking cover reachability in step 7..
SBY 23:46:33 [/tmp/wire022-formal-regressions.5hzp7m/ipv4_parser_wire_ipv4_parser_cover] engine_0: ##   0:00:00  Checking cover reachability in step 8..
SBY 23:46:33 [/tmp/wire022-formal-regressions.5hzp7m/ipv4_parser_wire_ipv4_parser_cover] engine_0: ##   0:00:00  Checking cover reachability in step 9..
SBY 23:46:33 [/tmp/wire022-formal-regressions.5hzp7m/ipv4_parser_wire_ipv4_parser_cover] engine_0: ##   0:00:00  Checking cover reachability in step 10..
SBY 23:46:33 [/tmp/wire022-formal-regressions.5hzp7m/ipv4_parser_wire_ipv4_parser_cover] engine_0: ##   0:00:00  Checking cover reachability in step 11..
SBY 23:46:33 [/tmp/wire022-formal-regressions.5hzp7m/ipv4_parser_wire_ipv4_parser_cover] engine_0: ##   0:00:00  Checking cover reachability in step 12..
SBY 23:46:33 [/tmp/wire022-formal-regressions.5hzp7m/ipv4_parser_wire_ipv4_parser_cover] engine_0: ##   0:00:00  Checking cover reachability in step 13..
SBY 23:46:33 [/tmp/wire022-formal-regressions.5hzp7m/ipv4_parser_wire_ipv4_parser_cover] engine_0: ##   0:00:00  Checking cover reachability in step 14..
SBY 23:46:33 [/tmp/wire022-formal-regressions.5hzp7m/ipv4_parser_wire_ipv4_parser_cover] engine_0: ##   0:00:00  Checking cover reachability in step 15..
SBY 23:46:33 [/tmp/wire022-formal-regressions.5hzp7m/ipv4_parser_wire_ipv4_parser_cover] engine_0: ##   0:00:00  Checking cover reachability in step 16..
SBY 23:46:33 [/tmp/wire022-formal-regressions.5hzp7m/ipv4_parser_wire_ipv4_parser_cover] engine_0: ##   0:00:00  Checking cover reachability in step 17..
SBY 23:46:34 [/tmp/wire022-formal-regressions.5hzp7m/ipv4_parser_wire_ipv4_parser_cover] engine_0: ##   0:00:00  Checking cover reachability in step 18..
SBY 23:46:34 [/tmp/wire022-formal-regressions.5hzp7m/ipv4_parser_wire_ipv4_parser_cover] engine_0: ##   0:00:00  Checking cover reachability in step 19..
SBY 23:46:34 [/tmp/wire022-formal-regressions.5hzp7m/ipv4_parser_wire_ipv4_parser_cover] engine_0: ##   0:00:00  Checking cover reachability in step 20..
SBY 23:46:34 [/tmp/wire022-formal-regressions.5hzp7m/ipv4_parser_wire_ipv4_parser_cover] engine_0: ##   0:00:00  Checking cover reachability in step 21..
SBY 23:46:34 [/tmp/wire022-formal-regressions.5hzp7m/ipv4_parser_wire_ipv4_parser_cover] engine_0: ##   0:00:00  Checking cover reachability in step 22..
SBY 23:46:34 [/tmp/wire022-formal-regressions.5hzp7m/ipv4_parser_wire_ipv4_parser_cover] engine_0: ##   0:00:01  Reached cover statement in step 22 at wire_ipv4_parser_reference: wire_ipv4_parser_reference.sv:141.13-141.55 (_witness_.check_cover_wire_ipv4_parser_reference_sv_141_550)
SBY 23:46:34 [/tmp/wire022-formal-regressions.5hzp7m/ipv4_parser_wire_ipv4_parser_cover] engine_0: ##   0:00:01  Writing trace to VCD file: engine_0/trace1.vcd
SBY 23:46:34 [/tmp/wire022-formal-regressions.5hzp7m/ipv4_parser_wire_ipv4_parser_cover] engine_0: ##   0:00:01  Writing trace to Verilog testbench: engine_0/trace1_tb.v
SBY 23:46:34 [/tmp/wire022-formal-regressions.5hzp7m/ipv4_parser_wire_ipv4_parser_cover] engine_0: ##   0:00:01  Writing trace to constraints file: engine_0/trace1.smtc
SBY 23:46:34 [/tmp/wire022-formal-regressions.5hzp7m/ipv4_parser_wire_ipv4_parser_cover] engine_0: ##   0:00:01  Writing trace to Yosys witness file: engine_0/trace1.yw
SBY 23:46:34 [/tmp/wire022-formal-regressions.5hzp7m/ipv4_parser_wire_ipv4_parser_cover] engine_0: ##   0:00:01  Checking cover reachability in step 22..
SBY 23:46:34 [/tmp/wire022-formal-regressions.5hzp7m/ipv4_parser_wire_ipv4_parser_cover] engine_0: ##   0:00:01  Reached cover statement in step 22 at wire_ipv4_parser_reference: wire_ipv4_parser_reference.sv:139.13-139.47 (_witness_.check_cover_wire_ipv4_parser_reference_sv_139_543)
SBY 23:46:34 [/tmp/wire022-formal-regressions.5hzp7m/ipv4_parser_wire_ipv4_parser_cover] engine_0: ##   0:00:01  Writing trace to VCD file: engine_0/trace2.vcd
SBY 23:46:34 [/tmp/wire022-formal-regressions.5hzp7m/ipv4_parser_wire_ipv4_parser_cover] engine_0: ##   0:00:01  Writing trace to Verilog testbench: engine_0/trace2_tb.v
SBY 23:46:34 [/tmp/wire022-formal-regressions.5hzp7m/ipv4_parser_wire_ipv4_parser_cover] engine_0: ##   0:00:01  Writing trace to constraints file: engine_0/trace2.smtc
SBY 23:46:34 [/tmp/wire022-formal-regressions.5hzp7m/ipv4_parser_wire_ipv4_parser_cover] engine_0: ##   0:00:01  Writing trace to Yosys witness file: engine_0/trace2.yw
SBY 23:46:34 [/tmp/wire022-formal-regressions.5hzp7m/ipv4_parser_wire_ipv4_parser_cover] engine_0: ##   0:00:01  Checking cover reachability in step 22..
SBY 23:46:34 [/tmp/wire022-formal-regressions.5hzp7m/ipv4_parser_wire_ipv4_parser_cover] engine_0: ##   0:00:01  Checking cover reachability in step 23..
SBY 23:46:35 [/tmp/wire022-formal-regressions.5hzp7m/ipv4_parser_wire_ipv4_parser_cover] engine_0: ##   0:00:01  Checking cover reachability in step 24..
SBY 23:46:35 [/tmp/wire022-formal-regressions.5hzp7m/ipv4_parser_wire_ipv4_parser_cover] engine_0: ##   0:00:02  Reached cover statement in step 24 at wire_ipv4_parser_reference: wire_ipv4_parser_reference.sv:140.13-140.58 (_witness_.check_cover_wire_ipv4_parser_reference_sv_140_546)
SBY 23:46:35 [/tmp/wire022-formal-regressions.5hzp7m/ipv4_parser_wire_ipv4_parser_cover] engine_0: ##   0:00:02  Writing trace to VCD file: engine_0/trace3.vcd
SBY 23:46:35 [/tmp/wire022-formal-regressions.5hzp7m/ipv4_parser_wire_ipv4_parser_cover] engine_0: ##   0:00:02  Writing trace to Verilog testbench: engine_0/trace3_tb.v
SBY 23:46:35 [/tmp/wire022-formal-regressions.5hzp7m/ipv4_parser_wire_ipv4_parser_cover] engine_0: ##   0:00:02  Writing trace to constraints file: engine_0/trace3.smtc
SBY 23:46:35 [/tmp/wire022-formal-regressions.5hzp7m/ipv4_parser_wire_ipv4_parser_cover] engine_0: ##   0:00:02  Writing trace to Yosys witness file: engine_0/trace3.yw
SBY 23:46:35 [/tmp/wire022-formal-regressions.5hzp7m/ipv4_parser_wire_ipv4_parser_cover] engine_0: ##   0:00:02  Status: passed
SBY 23:46:35 [/tmp/wire022-formal-regressions.5hzp7m/ipv4_parser_wire_ipv4_parser_cover] engine_0: finished (returncode=0)
SBY 23:46:35 [/tmp/wire022-formal-regressions.5hzp7m/ipv4_parser_wire_ipv4_parser_cover] engine_0: Status returned by engine: pass
SBY 23:46:35 [/tmp/wire022-formal-regressions.5hzp7m/ipv4_parser_wire_ipv4_parser_cover] summary: Elapsed clock time [H:MM:SS (secs)]: 0:00:02 (2)
SBY 23:46:35 [/tmp/wire022-formal-regressions.5hzp7m/ipv4_parser_wire_ipv4_parser_cover] summary: Elapsed process time [H:MM:SS (secs)]: 0:00:02 (2)
SBY 23:46:35 [/tmp/wire022-formal-regressions.5hzp7m/ipv4_parser_wire_ipv4_parser_cover] summary: engine_0 (smtbmc yices) returned pass
SBY 23:46:35 [/tmp/wire022-formal-regressions.5hzp7m/ipv4_parser_wire_ipv4_parser_cover] summary: cover trace: /tmp/wire022-formal-regressions.5hzp7m/ipv4_parser_wire_ipv4_parser_cover/engine_0/trace0.vcd
SBY 23:46:35 [/tmp/wire022-formal-regressions.5hzp7m/ipv4_parser_wire_ipv4_parser_cover] summary:   reached cover statement wire_ipv4_parser_reference._witness_.check_cover_wire_ipv4_parser_reference_sv_142_554 at wire_ipv4_parser_reference.sv:142.13-142.49 step 3
SBY 23:46:35 [/tmp/wire022-formal-regressions.5hzp7m/ipv4_parser_wire_ipv4_parser_cover] summary: cover trace: /tmp/wire022-formal-regressions.5hzp7m/ipv4_parser_wire_ipv4_parser_cover/engine_0/trace1.vcd
SBY 23:46:35 [/tmp/wire022-formal-regressions.5hzp7m/ipv4_parser_wire_ipv4_parser_cover] summary:   reached cover statement wire_ipv4_parser_reference._witness_.check_cover_wire_ipv4_parser_reference_sv_141_550 at wire_ipv4_parser_reference.sv:141.13-141.55 step 22
SBY 23:46:35 [/tmp/wire022-formal-regressions.5hzp7m/ipv4_parser_wire_ipv4_parser_cover] summary: cover trace: /tmp/wire022-formal-regressions.5hzp7m/ipv4_parser_wire_ipv4_parser_cover/engine_0/trace2.vcd
SBY 23:46:35 [/tmp/wire022-formal-regressions.5hzp7m/ipv4_parser_wire_ipv4_parser_cover] summary:   reached cover statement wire_ipv4_parser_reference._witness_.check_cover_wire_ipv4_parser_reference_sv_139_543 at wire_ipv4_parser_reference.sv:139.13-139.47 step 22
SBY 23:46:35 [/tmp/wire022-formal-regressions.5hzp7m/ipv4_parser_wire_ipv4_parser_cover] summary: cover trace: /tmp/wire022-formal-regressions.5hzp7m/ipv4_parser_wire_ipv4_parser_cover/engine_0/trace3.vcd
SBY 23:46:35 [/tmp/wire022-formal-regressions.5hzp7m/ipv4_parser_wire_ipv4_parser_cover] summary:   reached cover statement wire_ipv4_parser_reference._witness_.check_cover_wire_ipv4_parser_reference_sv_140_546 at wire_ipv4_parser_reference.sv:140.13-140.58 step 24
SBY 23:46:35 [/tmp/wire022-formal-regressions.5hzp7m/ipv4_parser_wire_ipv4_parser_cover] DONE (PASS, rc=0)
