rm -f results.xml
"/Applications/Xcode.app/Contents/Developer/usr/bin/make" -f Makefile results.xml
mkdir -p sim_build
/Users/Dilan/eda/wire-to-decision/oss-cad-suite/bin/verilator -cc --exe -Mdir sim_build --top-module wire_mold_message_framer --language 1800-2012 --timescale 1ns/1ps --vpi --public-flat-rw --prefix Vtop -o Vtop -LDFLAGS "-Wl,-rpath,/Users/Dilan/eda/wire-to-decision/oss-cad-suite/lib/python3.11/site-packages/cocotb-2.1.0.dev0+41564633-py3.11-darwin-aarch64.egg/cocotb/libs -L/Users/Dilan/eda/wire-to-decision/oss-cad-suite/lib/python3.11/site-packages/cocotb-2.1.0.dev0+41564633-py3.11-darwin-aarch64.egg/cocotb/libs -lcocotbvpi_verilator"  /Users/Dilan/Projects/wire-to-decision/rtl/arch_a/wire_mold_message_framer.sv /Users/Dilan/eda/wire-to-decision/oss-cad-suite/lib/python3.11/site-packages/cocotb-2.1.0.dev0+41564633-py3.11-darwin-aarch64.egg/cocotb/share/lib/verilator/verilator.cpp
- V e r i l a t i o n   R e p o r t: Verilator 5.053 devel rev v5.052-119-g014c9820d (mod)
- Verilator: Built from 0.045 MB sources in 3 modules, into 0.094 MB in 6 C++ files needing 0.000 MB
- Verilator: Walltime 0.013 s (elab=0.001, cvt=0.006, bld=0.000); cpu 0.011 s on 1 threads; allocated 12.500 MB
/Applications/Xcode.app/Contents/Developer/usr/bin/make -C sim_build  -f Vtop.mk
g++  -I.  -MMD -I/Users/Dilan/eda/wire-to-decision/oss-cad-suite/share/verilator/include -I/Users/Dilan/eda/wire-to-decision/oss-cad-suite/share/verilator/include/vltstd -DVERILATOR=1 -DVM_COVERAGE=0 -DVM_SC=0 -DVM_TIMING=0 -DVM_TRACE=0 -DVM_TRACE_FST=0 -DVM_TRACE_VCD=0 -DVM_TRACE_SAIF=0 -DVM_VPI=1 -faligned-new -fbracket-depth=4096 -fcf-protection=none -Xclang -fno-pch-timestamp -Qunused-arguments  -Wno-c++11-narrowing -Wno-constant-logical-operand -Wno-int-in-bool-context -Wno-non-pod-varargs -Wno-parentheses-equality -Wno-shadow -Wno-sign-compare  -Wno-tautological-compare -Wno-uninitialized -Wno-unnecessary-virtual-specifier -Wno-unused-but-set-parameter -Wno-unused-but-set-variable -Wno-unused-parameter -Wno-unused-variable -Wno-vla-cxx-extension  -DVM_PREFIX_INCLUDE="<Vtop.h>" -DVM_PREFIX_INCLUDE_DPI="<Vtop__Dpi.h>"     -Os  -c -o verilator.o /Users/Dilan/eda/wire-to-decision/oss-cad-suite/lib/python3.11/site-packages/cocotb-2.1.0.dev0+41564633-py3.11-darwin-aarch64.egg/cocotb/share/lib/verilator/verilator.cpp
g++ -Os  -I.  -MMD -I/Users/Dilan/eda/wire-to-decision/oss-cad-suite/share/verilator/include -I/Users/Dilan/eda/wire-to-decision/oss-cad-suite/share/verilator/include/vltstd -DVERILATOR=1 -DVM_COVERAGE=0 -DVM_SC=0 -DVM_TIMING=0 -DVM_TRACE=0 -DVM_TRACE_FST=0 -DVM_TRACE_VCD=0 -DVM_TRACE_SAIF=0 -DVM_VPI=1 -faligned-new -fbracket-depth=4096 -fcf-protection=none -Xclang -fno-pch-timestamp -Qunused-arguments  -Wno-c++11-narrowing -Wno-constant-logical-operand -Wno-int-in-bool-context -Wno-non-pod-varargs -Wno-parentheses-equality -Wno-shadow -Wno-sign-compare  -Wno-tautological-compare -Wno-uninitialized -Wno-unnecessary-virtual-specifier -Wno-unused-but-set-parameter -Wno-unused-but-set-variable -Wno-unused-parameter -Wno-unused-variable -Wno-vla-cxx-extension  -DVM_PREFIX_INCLUDE="<Vtop.h>" -DVM_PREFIX_INCLUDE_DPI="<Vtop__Dpi.h>"     -c -o verilated.o /Users/Dilan/eda/wire-to-decision/oss-cad-suite/share/verilator/include/verilated.cpp
g++ -Os  -I.  -MMD -I/Users/Dilan/eda/wire-to-decision/oss-cad-suite/share/verilator/include -I/Users/Dilan/eda/wire-to-decision/oss-cad-suite/share/verilator/include/vltstd -DVERILATOR=1 -DVM_COVERAGE=0 -DVM_SC=0 -DVM_TIMING=0 -DVM_TRACE=0 -DVM_TRACE_FST=0 -DVM_TRACE_VCD=0 -DVM_TRACE_SAIF=0 -DVM_VPI=1 -faligned-new -fbracket-depth=4096 -fcf-protection=none -Xclang -fno-pch-timestamp -Qunused-arguments  -Wno-c++11-narrowing -Wno-constant-logical-operand -Wno-int-in-bool-context -Wno-non-pod-varargs -Wno-parentheses-equality -Wno-shadow -Wno-sign-compare  -Wno-tautological-compare -Wno-uninitialized -Wno-unnecessary-virtual-specifier -Wno-unused-but-set-parameter -Wno-unused-but-set-variable -Wno-unused-parameter -Wno-unused-variable -Wno-vla-cxx-extension  -DVM_PREFIX_INCLUDE="<Vtop.h>" -DVM_PREFIX_INCLUDE_DPI="<Vtop__Dpi.h>"     -c -o verilated_dpi.o /Users/Dilan/eda/wire-to-decision/oss-cad-suite/share/verilator/include/verilated_dpi.cpp
g++ -Os  -I.  -MMD -I/Users/Dilan/eda/wire-to-decision/oss-cad-suite/share/verilator/include -I/Users/Dilan/eda/wire-to-decision/oss-cad-suite/share/verilator/include/vltstd -DVERILATOR=1 -DVM_COVERAGE=0 -DVM_SC=0 -DVM_TIMING=0 -DVM_TRACE=0 -DVM_TRACE_FST=0 -DVM_TRACE_VCD=0 -DVM_TRACE_SAIF=0 -DVM_VPI=1 -faligned-new -fbracket-depth=4096 -fcf-protection=none -Xclang -fno-pch-timestamp -Qunused-arguments  -Wno-c++11-narrowing -Wno-constant-logical-operand -Wno-int-in-bool-context -Wno-non-pod-varargs -Wno-parentheses-equality -Wno-shadow -Wno-sign-compare  -Wno-tautological-compare -Wno-uninitialized -Wno-unnecessary-virtual-specifier -Wno-unused-but-set-parameter -Wno-unused-but-set-variable -Wno-unused-parameter -Wno-unused-variable -Wno-vla-cxx-extension  -DVM_PREFIX_INCLUDE="<Vtop.h>" -DVM_PREFIX_INCLUDE_DPI="<Vtop__Dpi.h>"     -c -o verilated_vpi.o /Users/Dilan/eda/wire-to-decision/oss-cad-suite/share/verilator/include/verilated_vpi.cpp
g++ -Os  -I.  -MMD -I/Users/Dilan/eda/wire-to-decision/oss-cad-suite/share/verilator/include -I/Users/Dilan/eda/wire-to-decision/oss-cad-suite/share/verilator/include/vltstd -DVERILATOR=1 -DVM_COVERAGE=0 -DVM_SC=0 -DVM_TIMING=0 -DVM_TRACE=0 -DVM_TRACE_FST=0 -DVM_TRACE_VCD=0 -DVM_TRACE_SAIF=0 -DVM_VPI=1 -faligned-new -fbracket-depth=4096 -fcf-protection=none -Xclang -fno-pch-timestamp -Qunused-arguments  -Wno-c++11-narrowing -Wno-constant-logical-operand -Wno-int-in-bool-context -Wno-non-pod-varargs -Wno-parentheses-equality -Wno-shadow -Wno-sign-compare  -Wno-tautological-compare -Wno-uninitialized -Wno-unnecessary-virtual-specifier -Wno-unused-but-set-parameter -Wno-unused-but-set-variable -Wno-unused-parameter -Wno-unused-variable -Wno-vla-cxx-extension  -DVM_PREFIX_INCLUDE="<Vtop.h>" -DVM_PREFIX_INCLUDE_DPI="<Vtop__Dpi.h>"     -c -o verilated_threads.o /Users/Dilan/eda/wire-to-decision/oss-cad-suite/share/verilator/include/verilated_threads.cpp
python3 /Users/Dilan/eda/wire-to-decision/oss-cad-suite/share/verilator/bin/verilator_includer -DVL_INCLUDE_OPT=include Vtop.cpp Vtop___024root__0.cpp Vtop__Dpi.cpp Vtop___024root__Slow.cpp Vtop___024root__0__Slow.cpp Vtop__Syms__Slow.cpp > Vtop__ALL.cpp
g++ -Os  -I.  -MMD -I/Users/Dilan/eda/wire-to-decision/oss-cad-suite/share/verilator/include -I/Users/Dilan/eda/wire-to-decision/oss-cad-suite/share/verilator/include/vltstd -DVERILATOR=1 -DVM_COVERAGE=0 -DVM_SC=0 -DVM_TIMING=0 -DVM_TRACE=0 -DVM_TRACE_FST=0 -DVM_TRACE_VCD=0 -DVM_TRACE_SAIF=0 -DVM_VPI=1 -faligned-new -fbracket-depth=4096 -fcf-protection=none -Xclang -fno-pch-timestamp -Qunused-arguments  -Wno-c++11-narrowing -Wno-constant-logical-operand -Wno-int-in-bool-context -Wno-non-pod-varargs -Wno-parentheses-equality -Wno-shadow -Wno-sign-compare  -Wno-tautological-compare -Wno-uninitialized -Wno-unnecessary-virtual-specifier -Wno-unused-but-set-parameter -Wno-unused-but-set-variable -Wno-unused-parameter -Wno-unused-variable -Wno-vla-cxx-extension  -DVM_PREFIX_INCLUDE="<Vtop.h>" -DVM_PREFIX_INCLUDE_DPI="<Vtop__Dpi.h>"     -c -o Vtop__ALL.o Vtop__ALL.cpp
g++  -Wl,-U,__Z15vl_time_stamp64v,-U,__Z13sc_time_stampv,-U,_vlog_startup_routines   -rdynamic verilator.o verilated.o verilated_dpi.o verilated_vpi.o verilated_threads.o Vtop__ALL.a   -Wl,-rpath,/Users/Dilan/eda/wire-to-decision/oss-cad-suite/lib/python3.11/site-packages/cocotb-2.1.0.dev0+41564633-py3.11-darwin-aarch64.egg/cocotb/libs -L/Users/Dilan/eda/wire-to-decision/oss-cad-suite/lib/python3.11/site-packages/cocotb-2.1.0.dev0+41564633-py3.11-darwin-aarch64.egg/cocotb/libs -lcocotbvpi_verilator  -pthread -lpthread -ldl   -o Vtop
rm Vtop__ALL.verilator_deplist.tmp
rm -f results.xml
COCOTB_TEST_MODULES=test_mold_message_framer COCOTB_TESTCASE= COCOTB_TEST_FILTER= COCOTB_TOPLEVEL=wire_mold_message_framer TOPLEVEL_LANG=verilog \
         sim_build/Vtop     
     -.--ns INFO     gpi                                ../gpi/GpiCommon.cpp:217  in gpi_load_users                  Running entry func 'initialize' from loaded library '/Users/Dilan/eda/wire-to-decision/oss-cad-suite/lib/python3.11/site-packages/cocotb-2.1.0.dev0+41564633-py3.11-darwin-aarch64.egg/cocotb/libs/libcocotb.so'
     -.--ns INFO     gpi                                ..mbed/gpi_embed.cpp:97   in initialize                      Using Python 3.11.6 interpreter at /Users/Dilan/eda/wire-to-decision/oss-cad-suite/bin/tabbypy3
     0.00ns INFO     cocotb                             Running on Verilator version 5.053 devel
     0.00ns INFO     cocotb                             Seeding Python random module with 1790808173
     0.00ns INFO     cocotb                             Initialized cocotb v2.1.0.dev0+41564633 from /Users/Dilan/eda/wire-to-decision/oss-cad-suite/lib/python3.11/site-packages/cocotb-2.1.0.dev0+41564633-py3.11-darwin-aarch64.egg/cocotb
     0.00ns INFO     cocotb                             Running tests
     0.00ns INFO     cocotb.regression                  running test_mold_message_framer.test_single_and_multiple_message_boundaries (1/10)
   400.00ns INFO     cocotb.regression                  test_mold_message_framer.test_single_and_multiple_message_boundaries passed
   400.00ns INFO     cocotb.regression                  running test_mold_message_framer.test_zero_length_messages_are_structural (2/10)
   700.00ns INFO     cocotb.regression                  test_mold_message_framer.test_zero_length_messages_are_structural passed
   700.00ns INFO     cocotb.regression                  running test_mold_message_framer.test_body_empty_and_length_field_truncations (3/10)
  1020.00ns INFO     cocotb.regression                  test_mold_message_framer.test_body_empty_and_length_field_truncations passed
  1020.00ns INFO     cocotb.regression                  running test_mold_message_framer.test_positive_payload_truncation_and_short_message_count (4/10)
  1580.00ns INFO     cocotb.regression                  test_mold_message_framer.test_positive_payload_truncation_and_short_message_count passed
  1580.00ns INFO     cocotb.regression                  running test_mold_message_framer.test_trailing_bytes_after_exact_message_count (5/10)
  1810.00ns INFO     cocotb.regression                  test_mold_message_framer.test_trailing_bytes_after_exact_message_count passed
  1810.00ns INFO     cocotb.regression                  running test_mold_message_framer.test_deterministic_random_blocks (6/10)
  3280.01ns INFO     cocotb.regression                  test_mold_message_framer.test_deterministic_random_blocks passed
  3280.01ns INFO     cocotb.regression                  running test_mold_message_framer.test_result_and_rejection_stalls (7/10)
  3730.01ns INFO     cocotb.regression                  test_mold_message_framer.test_result_and_rejection_stalls passed
  3730.01ns INFO     cocotb.regression                  running test_mold_message_framer.test_rearm_discards_partial_packet_state (8/10)
  4440.01ns INFO     cocotb.regression                  test_mold_message_framer.test_rearm_discards_partial_packet_state passed
  4440.01ns INFO     cocotb.regression                  running test_mold_message_framer.test_synchronous_reset_discards_held_payload (9/10)
  4810.01ns INFO     cocotb.regression                  test_mold_message_framer.test_synchronous_reset_discards_held_payload passed
  4810.01ns INFO     cocotb.regression                  running test_mold_message_framer.test_python_mold_framing_crosscheck (10/10)
  6220.01ns INFO     cocotb.regression                  test_mold_message_framer.test_python_mold_framing_crosscheck passed
  6220.01ns INFO     cocotb.regression                  *******************************************************************************************************************************************
                                                        ** TEST                                                                               STATUS  SIM TIME (ns)  REAL TIME (s)  RATIO (ns/s) **
                                                        *******************************************************************************************************************************************
                                                        ** test_mold_message_framer.test_single_and_multiple_message_boundaries                PASS         400.00           0.01      56092.33  **
                                                        ** test_mold_message_framer.test_zero_length_messages_are_structural                   PASS         300.00           0.00     172510.45  **
                                                        ** test_mold_message_framer.test_body_empty_and_length_field_truncations               PASS         320.00           0.00     176695.27  **
                                                        ** test_mold_message_framer.test_positive_payload_truncation_and_short_message_count   PASS         560.00           0.00     172617.79  **
                                                        ** test_mold_message_framer.test_trailing_bytes_after_exact_message_count              PASS         230.00           0.00     174478.19  **
                                                        ** test_mold_message_framer.test_deterministic_random_blocks                           PASS        1470.00           0.01     175419.00  **
                                                        ** test_mold_message_framer.test_result_and_rejection_stalls                           PASS         450.00           0.00     175837.23  **
                                                        ** test_mold_message_framer.test_rearm_discards_partial_packet_state                   PASS         710.00           0.00     177290.94  **
                                                        ** test_mold_message_framer.test_synchronous_reset_discards_held_payload               PASS         370.00           0.00     174369.94  **
                                                        ** test_mold_message_framer.test_python_mold_framing_crosscheck                        PASS        1410.00           0.01     182665.20  **
                                                        *******************************************************************************************************************************************
                                                        ** TESTS=10 PASS=10 FAIL=0 SKIP=0                                                                  6220.01           0.05     135188.15  **
                                                        *******************************************************************************************************************************************
- :0: Verilog $finish
