rm -f results.xml
"/Applications/Xcode.app/Contents/Developer/usr/bin/make" -f Makefile.composition results.xml
rm -f results.xml
COCOTB_TEST_MODULES=test_mold_itch_composition COCOTB_TESTCASE= COCOTB_TEST_FILTER= COCOTB_TOPLEVEL=wire_mold_itch_top TOPLEVEL_LANG=verilog \
         sim_build_composition/Vtop     
     -.--ns INFO     gpi                                ../gpi/GpiCommon.cpp:217  in gpi_load_users                  Running entry func 'initialize' from loaded library '/Users/Dilan/eda/wire-to-decision/oss-cad-suite/lib/python3.11/site-packages/cocotb-2.1.0.dev0+41564633-py3.11-darwin-aarch64.egg/cocotb/libs/libcocotb.so'
     -.--ns INFO     gpi                                ..mbed/gpi_embed.cpp:97   in initialize                      Using Python 3.11.6 interpreter at /Users/Dilan/eda/wire-to-decision/oss-cad-suite/bin/tabbypy3
     0.00ns INFO     cocotb                             Running on Verilator version 5.053 devel
     0.00ns INFO     cocotb                             Seeding Python random module with 1790808265
     0.00ns INFO     cocotb                             Initialized cocotb v2.1.0.dev0+41564633 from /Users/Dilan/eda/wire-to-decision/oss-cad-suite/lib/python3.11/site-packages/cocotb-2.1.0.dev0+41564633-py3.11-darwin-aarch64.egg/cocotb
     0.00ns INFO     cocotb                             Running tests
     0.00ns INFO     cocotb.regression                  running test_mold_itch_composition.test_valid_multimessage_p_filter_and_locate_filter (1/2)
  2060.00ns INFO     cocotb.regression                  test_mold_itch_composition.test_valid_multimessage_p_filter_and_locate_filter passed
  2060.00ns INFO     cocotb.regression                  running test_mold_itch_composition.test_itch_failure_does_not_change_structural_mold_success (2/2)
  3410.00ns INFO     cocotb.regression                  test_mold_itch_composition.test_itch_failure_does_not_change_structural_mold_success passed
  3410.00ns INFO     cocotb.regression                  **********************************************************************************************************************************************
                                                        ** TEST                                                                                  STATUS  SIM TIME (ns)  REAL TIME (s)  RATIO (ns/s) **
                                                        **********************************************************************************************************************************************
                                                        ** test_mold_itch_composition.test_valid_multimessage_p_filter_and_locate_filter          PASS        2060.00           0.01     167752.62  **
                                                        ** test_mold_itch_composition.test_itch_failure_does_not_change_structural_mold_success   PASS        1350.00           0.01     178903.96  **
                                                        **********************************************************************************************************************************************
                                                        ** TESTS=2 PASS=2 FAIL=0 SKIP=0                                                                       3410.00           0.02     154530.61  **
                                                        **********************************************************************************************************************************************
- :0: Verilog $finish
