rm -f results.xml
"/Applications/Xcode.app/Contents/Developer/usr/bin/make" -f Makefile results.xml
mkdir -p sim_build
/Users/Dilan/eda/wire-to-decision/oss-cad-suite/bin/verilator -cc --exe -Mdir sim_build --top-module wire_arch_a_parser_book_top --language 1800-2012 --timescale 1ns/1ps --vpi --public-flat-rw --prefix Vtop -o Vtop -LDFLAGS "-Wl,-rpath,/Users/Dilan/eda/wire-to-decision/oss-cad-suite/lib/python3.11/site-packages/cocotb-2.1.0.dev0+41564633-py3.11-darwin-aarch64.egg/cocotb/libs -L/Users/Dilan/eda/wire-to-decision/oss-cad-suite/lib/python3.11/site-packages/cocotb-2.1.0.dev0+41564633-py3.11-darwin-aarch64.egg/cocotb/libs -lcocotbvpi_verilator"  /Users/Dilan/Projects/wire-to-decision/rtl/common/wire_ingress_buffer.sv /Users/Dilan/Projects/wire-to-decision/rtl/common/wire_order_book.sv /Users/Dilan/Projects/wire-to-decision/rtl/arch_a/wire_gearbox_64to8.sv /Users/Dilan/Projects/wire-to-decision/rtl/arch_a/wire_eth_parser.sv /Users/Dilan/Projects/wire-to-decision/rtl/arch_a/wire_ipv4_parser.sv /Users/Dilan/Projects/wire-to-decision/rtl/arch_a/wire_udp_parser.sv /Users/Dilan/Projects/wire-to-decision/rtl/arch_a/wire_mold_header_seq.sv /Users/Dilan/Projects/wire-to-decision/rtl/arch_a/wire_mold_message_framer.sv /Users/Dilan/Projects/wire-to-decision/rtl/arch_a/wire_itch_decoder.sv /Users/Dilan/Projects/wire-to-decision/rtl/arch_a/wire_arch_a_parser_top.sv /Users/Dilan/Projects/wire-to-decision/rtl/arch_a/wire_arch_a_parser_book_top.sv /Users/Dilan/eda/wire-to-decision/oss-cad-suite/lib/python3.11/site-packages/cocotb-2.1.0.dev0+41564633-py3.11-darwin-aarch64.egg/cocotb/share/lib/verilator/verilator.cpp
- V e r i l a t i o n   R e p o r t: Verilator 5.053 devel rev v5.052-119-g014c9820d (mod)
- Verilator: Built from 0.764 MB sources in 13 modules, into 0.805 MB in 7 C++ files needing 0.001 MB
- Verilator: Walltime 0.097 s (elab=0.014, cvt=0.053, bld=0.000); cpu 0.068 s on 1 threads; allocated 22.453 MB
/Applications/Xcode.app/Contents/Developer/usr/bin/make -C sim_build  -f Vtop.mk
g++  -I.  -MMD -I/Users/Dilan/eda/wire-to-decision/oss-cad-suite/share/verilator/include -I/Users/Dilan/eda/wire-to-decision/oss-cad-suite/share/verilator/include/vltstd -DVERILATOR=1 -DVM_COVERAGE=0 -DVM_SC=0 -DVM_TIMING=0 -DVM_TRACE=0 -DVM_TRACE_FST=0 -DVM_TRACE_VCD=0 -DVM_TRACE_SAIF=0 -DVM_VPI=1 -faligned-new -fbracket-depth=4096 -fcf-protection=none -Xclang -fno-pch-timestamp -Qunused-arguments  -Wno-c++11-narrowing -Wno-constant-logical-operand -Wno-int-in-bool-context -Wno-non-pod-varargs -Wno-parentheses-equality -Wno-shadow -Wno-sign-compare  -Wno-tautological-compare -Wno-uninitialized -Wno-unnecessary-virtual-specifier -Wno-unused-but-set-parameter -Wno-unused-but-set-variable -Wno-unused-parameter -Wno-unused-variable -Wno-vla-cxx-extension  -DVM_PREFIX_INCLUDE="<Vtop.h>" -DVM_PREFIX_INCLUDE_DPI="<Vtop__Dpi.h>"     -Os  -c -o verilator.o /Users/Dilan/eda/wire-to-decision/oss-cad-suite/lib/python3.11/site-packages/cocotb-2.1.0.dev0+41564633-py3.11-darwin-aarch64.egg/cocotb/share/lib/verilator/verilator.cpp
g++ -Os  -I.  -MMD -I/Users/Dilan/eda/wire-to-decision/oss-cad-suite/share/verilator/include -I/Users/Dilan/eda/wire-to-decision/oss-cad-suite/share/verilator/include/vltstd -DVERILATOR=1 -DVM_COVERAGE=0 -DVM_SC=0 -DVM_TIMING=0 -DVM_TRACE=0 -DVM_TRACE_FST=0 -DVM_TRACE_VCD=0 -DVM_TRACE_SAIF=0 -DVM_VPI=1 -faligned-new -fbracket-depth=4096 -fcf-protection=none -Xclang -fno-pch-timestamp -Qunused-arguments  -Wno-c++11-narrowing -Wno-constant-logical-operand -Wno-int-in-bool-context -Wno-non-pod-varargs -Wno-parentheses-equality -Wno-shadow -Wno-sign-compare  -Wno-tautological-compare -Wno-uninitialized -Wno-unnecessary-virtual-specifier -Wno-unused-but-set-parameter -Wno-unused-but-set-variable -Wno-unused-parameter -Wno-unused-variable -Wno-vla-cxx-extension  -DVM_PREFIX_INCLUDE="<Vtop.h>" -DVM_PREFIX_INCLUDE_DPI="<Vtop__Dpi.h>"     -c -o verilated.o /Users/Dilan/eda/wire-to-decision/oss-cad-suite/share/verilator/include/verilated.cpp
g++ -Os  -I.  -MMD -I/Users/Dilan/eda/wire-to-decision/oss-cad-suite/share/verilator/include -I/Users/Dilan/eda/wire-to-decision/oss-cad-suite/share/verilator/include/vltstd -DVERILATOR=1 -DVM_COVERAGE=0 -DVM_SC=0 -DVM_TIMING=0 -DVM_TRACE=0 -DVM_TRACE_FST=0 -DVM_TRACE_VCD=0 -DVM_TRACE_SAIF=0 -DVM_VPI=1 -faligned-new -fbracket-depth=4096 -fcf-protection=none -Xclang -fno-pch-timestamp -Qunused-arguments  -Wno-c++11-narrowing -Wno-constant-logical-operand -Wno-int-in-bool-context -Wno-non-pod-varargs -Wno-parentheses-equality -Wno-shadow -Wno-sign-compare  -Wno-tautological-compare -Wno-uninitialized -Wno-unnecessary-virtual-specifier -Wno-unused-but-set-parameter -Wno-unused-but-set-variable -Wno-unused-parameter -Wno-unused-variable -Wno-vla-cxx-extension  -DVM_PREFIX_INCLUDE="<Vtop.h>" -DVM_PREFIX_INCLUDE_DPI="<Vtop__Dpi.h>"     -c -o verilated_dpi.o /Users/Dilan/eda/wire-to-decision/oss-cad-suite/share/verilator/include/verilated_dpi.cpp
g++ -Os  -I.  -MMD -I/Users/Dilan/eda/wire-to-decision/oss-cad-suite/share/verilator/include -I/Users/Dilan/eda/wire-to-decision/oss-cad-suite/share/verilator/include/vltstd -DVERILATOR=1 -DVM_COVERAGE=0 -DVM_SC=0 -DVM_TIMING=0 -DVM_TRACE=0 -DVM_TRACE_FST=0 -DVM_TRACE_VCD=0 -DVM_TRACE_SAIF=0 -DVM_VPI=1 -faligned-new -fbracket-depth=4096 -fcf-protection=none -Xclang -fno-pch-timestamp -Qunused-arguments  -Wno-c++11-narrowing -Wno-constant-logical-operand -Wno-int-in-bool-context -Wno-non-pod-varargs -Wno-parentheses-equality -Wno-shadow -Wno-sign-compare  -Wno-tautological-compare -Wno-uninitialized -Wno-unnecessary-virtual-specifier -Wno-unused-but-set-parameter -Wno-unused-but-set-variable -Wno-unused-parameter -Wno-unused-variable -Wno-vla-cxx-extension  -DVM_PREFIX_INCLUDE="<Vtop.h>" -DVM_PREFIX_INCLUDE_DPI="<Vtop__Dpi.h>"     -c -o verilated_vpi.o /Users/Dilan/eda/wire-to-decision/oss-cad-suite/share/verilator/include/verilated_vpi.cpp
g++ -Os  -I.  -MMD -I/Users/Dilan/eda/wire-to-decision/oss-cad-suite/share/verilator/include -I/Users/Dilan/eda/wire-to-decision/oss-cad-suite/share/verilator/include/vltstd -DVERILATOR=1 -DVM_COVERAGE=0 -DVM_SC=0 -DVM_TIMING=0 -DVM_TRACE=0 -DVM_TRACE_FST=0 -DVM_TRACE_VCD=0 -DVM_TRACE_SAIF=0 -DVM_VPI=1 -faligned-new -fbracket-depth=4096 -fcf-protection=none -Xclang -fno-pch-timestamp -Qunused-arguments  -Wno-c++11-narrowing -Wno-constant-logical-operand -Wno-int-in-bool-context -Wno-non-pod-varargs -Wno-parentheses-equality -Wno-shadow -Wno-sign-compare  -Wno-tautological-compare -Wno-uninitialized -Wno-unnecessary-virtual-specifier -Wno-unused-but-set-parameter -Wno-unused-but-set-variable -Wno-unused-parameter -Wno-unused-variable -Wno-vla-cxx-extension  -DVM_PREFIX_INCLUDE="<Vtop.h>" -DVM_PREFIX_INCLUDE_DPI="<Vtop__Dpi.h>"     -c -o verilated_threads.o /Users/Dilan/eda/wire-to-decision/oss-cad-suite/share/verilator/include/verilated_threads.cpp
python3 /Users/Dilan/eda/wire-to-decision/oss-cad-suite/share/verilator/bin/verilator_includer -DVL_INCLUDE_OPT=include Vtop.cpp Vtop___024root__0.cpp Vtop__Dpi.cpp Vtop__ConstPool__0__Slow.cpp Vtop___024root__Slow.cpp Vtop___024root__0__Slow.cpp Vtop__Syms__Slow.cpp > Vtop__ALL.cpp
g++ -Os  -I.  -MMD -I/Users/Dilan/eda/wire-to-decision/oss-cad-suite/share/verilator/include -I/Users/Dilan/eda/wire-to-decision/oss-cad-suite/share/verilator/include/vltstd -DVERILATOR=1 -DVM_COVERAGE=0 -DVM_SC=0 -DVM_TIMING=0 -DVM_TRACE=0 -DVM_TRACE_FST=0 -DVM_TRACE_VCD=0 -DVM_TRACE_SAIF=0 -DVM_VPI=1 -faligned-new -fbracket-depth=4096 -fcf-protection=none -Xclang -fno-pch-timestamp -Qunused-arguments  -Wno-c++11-narrowing -Wno-constant-logical-operand -Wno-int-in-bool-context -Wno-non-pod-varargs -Wno-parentheses-equality -Wno-shadow -Wno-sign-compare  -Wno-tautological-compare -Wno-uninitialized -Wno-unnecessary-virtual-specifier -Wno-unused-but-set-parameter -Wno-unused-but-set-variable -Wno-unused-parameter -Wno-unused-variable -Wno-vla-cxx-extension  -DVM_PREFIX_INCLUDE="<Vtop.h>" -DVM_PREFIX_INCLUDE_DPI="<Vtop__Dpi.h>"     -c -o Vtop__ALL.o Vtop__ALL.cpp
g++  -Wl,-U,__Z15vl_time_stamp64v,-U,__Z13sc_time_stampv,-U,_vlog_startup_routines   -rdynamic verilator.o verilated.o verilated_dpi.o verilated_vpi.o verilated_threads.o Vtop__ALL.a   -Wl,-rpath,/Users/Dilan/eda/wire-to-decision/oss-cad-suite/lib/python3.11/site-packages/cocotb-2.1.0.dev0+41564633-py3.11-darwin-aarch64.egg/cocotb/libs -L/Users/Dilan/eda/wire-to-decision/oss-cad-suite/lib/python3.11/site-packages/cocotb-2.1.0.dev0+41564633-py3.11-darwin-aarch64.egg/cocotb/libs -lcocotbvpi_verilator  -pthread -lpthread -ldl   -o Vtop
rm Vtop__ALL.verilator_deplist.tmp
rm -f results.xml
COCOTB_TEST_MODULES=test_parser_book COCOTB_TESTCASE= COCOTB_TEST_FILTER= COCOTB_TOPLEVEL=wire_arch_a_parser_book_top TOPLEVEL_LANG=verilog \
         sim_build/Vtop     
     -.--ns INFO     gpi                                ../gpi/GpiCommon.cpp:217  in gpi_load_users                  Running entry func 'initialize' from loaded library '/Users/Dilan/eda/wire-to-decision/oss-cad-suite/lib/python3.11/site-packages/cocotb-2.1.0.dev0+41564633-py3.11-darwin-aarch64.egg/cocotb/libs/libcocotb.so'
     -.--ns INFO     gpi                                ..mbed/gpi_embed.cpp:97   in initialize                      Using Python 3.11.6 interpreter at /Users/Dilan/eda/wire-to-decision/oss-cad-suite/bin/tabbypy3
     0.00ns INFO     cocotb                             Running on Verilator version 5.053 devel
     0.00ns INFO     cocotb                             Seeding Python random module with 1790812695
     0.00ns INFO     cocotb                             Initialized cocotb v2.1.0.dev0+41564633 from /Users/Dilan/eda/wire-to-decision/oss-cad-suite/lib/python3.11/site-packages/cocotb-2.1.0.dev0+41564633-py3.11-darwin-aarch64.egg/cocotb
     0.00ns INFO     cocotb                             Running tests
     0.00ns INFO     cocotb.regression                  running test_parser_book.test_valid_parser_to_book_mutation_sequence_against_oracle (1/4)
  3206.00ns INFO     cocotb.regression                  test_parser_book.test_valid_parser_to_book_mutation_sequence_against_oracle passed
  3206.00ns INFO     cocotb.regression                  running test_parser_book.test_late_structural_suffix_commits_only_complete_prefix (2/4)
  7476.00ns INFO     cocotb.regression                  test_parser_book.test_late_structural_suffix_commits_only_complete_prefix passed
  7476.00ns INFO     cocotb.regression                  running test_parser_book.test_structural_success_with_itch_failure_preserves_sequence_commit (3/4)
  9662.00ns INFO     cocotb.regression                  test_parser_book.test_structural_success_with_itch_failure_preserves_sequence_commit passed
  9662.00ns INFO     cocotb.regression                  running test_parser_book.test_outer_fatal_before_event_invalidates_empty_book_and_rearms (4/4)
 13252.00ns INFO     cocotb.regression                  test_parser_book.test_outer_fatal_before_event_invalidates_empty_book_and_rearms passed
 13252.00ns INFO     cocotb.regression                  **********************************************************************************************************************************************
                                                        ** TEST                                                                                  STATUS  SIM TIME (ns)  REAL TIME (s)  RATIO (ns/s) **
                                                        **********************************************************************************************************************************************
                                                        ** test_parser_book.test_valid_parser_to_book_mutation_sequence_against_oracle            PASS        3206.00           0.01     333257.46  **
                                                        ** test_parser_book.test_late_structural_suffix_commits_only_complete_prefix              PASS        4270.00           0.01     363471.16  **
                                                        ** test_parser_book.test_structural_success_with_itch_failure_preserves_sequence_commit   PASS        2186.00           0.01     354457.36  **
                                                        ** test_parser_book.test_outer_fatal_before_event_invalidates_empty_book_and_rearms       PASS        3590.00           0.01     385369.73  **
                                                        **********************************************************************************************************************************************
                                                        ** TESTS=4 PASS=4 FAIL=0 SKIP=0                                                                      13252.00           0.04     318864.87  **
                                                        **********************************************************************************************************************************************
- :0: Verilog $finish
