SBY  0:54:53 [order_book_hash_vectors] Removing directory '/Users/Dilan/Projects/wire-to-decision/formal/order_book/order_book_hash_vectors'.
SBY  0:54:53 [order_book_hash_vectors] Copy '/Users/Dilan/Projects/wire-to-decision/formal/order_book/../../rtl/common/wire_order_book.sv' to '/Users/Dilan/Projects/wire-to-decision/formal/order_book/order_book_hash_vectors/src/wire_order_book.sv'.
SBY  0:54:53 [order_book_hash_vectors] Copy '/Users/Dilan/Projects/wire-to-decision/formal/order_book/order_book_hash_vectors.sv' to '/Users/Dilan/Projects/wire-to-decision/formal/order_book/order_book_hash_vectors/src/order_book_hash_vectors.sv'.
SBY  0:54:53 [order_book_hash_vectors] engine_0: smtbmc yices
SBY  0:54:53 [order_book_hash_vectors] base: starting process "cd order_book_hash_vectors/src; yosys -ql ../model/design.log ../model/design.ys"
SBY  0:54:53 [order_book_hash_vectors] base: Warning: Wire order_book_hash_vectors.\clk is used but has no driver.
SBY  0:54:54 [order_book_hash_vectors] base: finished (returncode=0)
SBY  0:54:54 [order_book_hash_vectors] prep: starting process "cd order_book_hash_vectors/model; yosys -ql design_prep.log design_prep.ys"
SBY  0:54:54 [order_book_hash_vectors] prep: Warning: Wire order_book_hash_vectors.\clk is used but has no driver.
SBY  0:54:54 [order_book_hash_vectors] prep: finished (returncode=0)
SBY  0:54:54 [order_book_hash_vectors] smt2: starting process "cd order_book_hash_vectors/model; yosys -ql design_smt2.log design_smt2.ys"
SBY  0:54:54 [order_book_hash_vectors] smt2: finished (returncode=0)
SBY  0:54:54 [order_book_hash_vectors] engine_0: starting process "cd order_book_hash_vectors; yosys-smtbmc -s yices --presat --unroll --noprogress -t 6  --append 0 --dump-vcd engine_0/trace.vcd --dump-yw engine_0/trace.yw --dump-vlogtb engine_0/trace_tb.v --dump-smtc engine_0/trace.smtc model/design_smt2.smt2"
SBY  0:54:54 [order_book_hash_vectors] engine_0: ##   0:00:00  Solver: yices
SBY  0:54:54 [order_book_hash_vectors] engine_0: ##   0:00:00  Checking assumptions in step 0..
SBY  0:54:54 [order_book_hash_vectors] engine_0: ##   0:00:00  Checking assertions in step 0..
SBY  0:54:54 [order_book_hash_vectors] engine_0: ##   0:00:00  Checking assumptions in step 1..
SBY  0:54:54 [order_book_hash_vectors] engine_0: ##   0:00:00  Checking assertions in step 1..
SBY  0:54:54 [order_book_hash_vectors] engine_0: ##   0:00:00  Checking assumptions in step 2..
SBY  0:54:54 [order_book_hash_vectors] engine_0: ##   0:00:00  Checking assertions in step 2..
SBY  0:54:54 [order_book_hash_vectors] engine_0: ##   0:00:00  Checking assumptions in step 3..
SBY  0:54:54 [order_book_hash_vectors] engine_0: ##   0:00:00  Checking assertions in step 3..
SBY  0:54:54 [order_book_hash_vectors] engine_0: ##   0:00:00  Checking assumptions in step 4..
SBY  0:54:55 [order_book_hash_vectors] engine_0: ##   0:00:00  Checking assertions in step 4..
SBY  0:54:55 [order_book_hash_vectors] engine_0: ##   0:00:00  Checking assumptions in step 5..
SBY  0:54:55 [order_book_hash_vectors] engine_0: ##   0:00:00  Checking assertions in step 5..
SBY  0:54:55 [order_book_hash_vectors] engine_0: ##   0:00:00  Status: passed
SBY  0:54:55 [order_book_hash_vectors] engine_0: finished (returncode=0)
SBY  0:54:55 [order_book_hash_vectors] engine_0: Status returned by engine: pass
SBY  0:54:55 [order_book_hash_vectors] summary: Elapsed clock time [H:MM:SS (secs)]: 0:00:02 (2)
SBY  0:54:55 [order_book_hash_vectors] summary: Elapsed process time [H:MM:SS (secs)]: 0:00:02 (2)
SBY  0:54:55 [order_book_hash_vectors] summary: engine_0 (smtbmc yices) returned pass
SBY  0:54:55 [order_book_hash_vectors] summary: engine_0 did not produce any traces
SBY  0:54:55 [order_book_hash_vectors] DONE (PASS, rc=0)
