SBY  0:44:41 [order_book_safety] Removing directory '/Users/Dilan/Projects/wire-to-decision/formal/order_book/order_book_safety'.
SBY  0:44:41 [order_book_safety] Copy '/Users/Dilan/Projects/wire-to-decision/formal/order_book/../../rtl/common/wire_order_book.sv' to '/Users/Dilan/Projects/wire-to-decision/formal/order_book/order_book_safety/src/wire_order_book.sv'.
SBY  0:44:41 [order_book_safety] Copy '/Users/Dilan/Projects/wire-to-decision/formal/order_book/order_book_safety.sv' to '/Users/Dilan/Projects/wire-to-decision/formal/order_book/order_book_safety/src/order_book_safety.sv'.
SBY  0:44:41 [order_book_safety] engine_0: smtbmc yices
SBY  0:44:41 [order_book_safety] base: starting process "cd order_book_safety/src; yosys -ql ../model/design.log ../model/design.ys"
SBY  0:44:41 [order_book_safety] base: Warning: Wire order_book_safety.\clk is used but has no driver.
SBY  0:44:41 [order_book_safety] base: finished (returncode=0)
SBY  0:44:42 [order_book_safety] prep: starting process "cd order_book_safety/model; yosys -ql design_prep.log design_prep.ys"
SBY  0:44:42 [order_book_safety] prep: Warning: Wire order_book_safety.\clk is used but has no driver.
SBY  0:44:42 [order_book_safety] prep: finished (returncode=0)
SBY  0:44:42 [order_book_safety] smt2: starting process "cd order_book_safety/model; yosys -ql design_smt2.log design_smt2.ys"
SBY  0:44:42 [order_book_safety] smt2: finished (returncode=0)
SBY  0:44:42 [order_book_safety] engine_0: starting process "cd order_book_safety; yosys-smtbmc -s yices --presat --unroll --noprogress -t 12  --append 0 --dump-vcd engine_0/trace.vcd --dump-yw engine_0/trace.yw --dump-vlogtb engine_0/trace_tb.v --dump-smtc engine_0/trace.smtc model/design_smt2.smt2"
SBY  0:44:42 [order_book_safety] engine_0: ##   0:00:00  Solver: yices
SBY  0:44:42 [order_book_safety] engine_0: ##   0:00:00  Checking assumptions in step 0..
SBY  0:44:42 [order_book_safety] engine_0: ##   0:00:00  Checking assertions in step 0..
SBY  0:44:42 [order_book_safety] engine_0: ##   0:00:00  Checking assumptions in step 1..
SBY  0:44:42 [order_book_safety] engine_0: ##   0:00:00  Checking assertions in step 1..
SBY  0:44:42 [order_book_safety] engine_0: ##   0:00:00  Checking assumptions in step 2..
SBY  0:44:42 [order_book_safety] engine_0: ##   0:00:00  Checking assertions in step 2..
SBY  0:44:42 [order_book_safety] engine_0: ##   0:00:00  Checking assumptions in step 3..
SBY  0:44:42 [order_book_safety] engine_0: ##   0:00:00  Checking assertions in step 3..
SBY  0:44:42 [order_book_safety] engine_0: ##   0:00:00  Checking assumptions in step 4..
SBY  0:44:42 [order_book_safety] engine_0: ##   0:00:00  Checking assertions in step 4..
SBY  0:44:42 [order_book_safety] engine_0: ##   0:00:00  Checking assumptions in step 5..
SBY  0:44:42 [order_book_safety] engine_0: ##   0:00:00  Checking assertions in step 5..
SBY  0:44:43 [order_book_safety] engine_0: ##   0:00:00  Checking assumptions in step 6..
SBY  0:44:43 [order_book_safety] engine_0: ##   0:00:01  Checking assertions in step 6..
SBY  0:44:43 [order_book_safety] engine_0: ##   0:00:01  Checking assumptions in step 7..
SBY  0:44:53 [order_book_safety] engine_0: ##   0:00:10  Checking assertions in step 7..
SBY  0:44:55 [order_book_safety] engine_0: ##   0:00:12  Checking assumptions in step 8..
SBY  0:45:01 [order_book_safety] engine_0: ##   0:00:19  Checking assertions in step 8..
SBY  0:45:01 [order_book_safety] engine_0: ##   0:00:19  Checking assumptions in step 9..
SBY  0:45:03 [order_book_safety] engine_0: ##   0:00:21  Checking assertions in step 9..
SBY  0:45:03 [order_book_safety] engine_0: ##   0:00:21  Checking assumptions in step 10..
SBY  0:46:03 [order_book_safety] engine_0: ##   0:01:21  waiting for solver (1 minute)
SBY  0:46:10 [order_book_safety] engine_0: ##   0:01:28  Checking assertions in step 10..
SBY  0:46:12 [order_book_safety] engine_0: ##   0:01:29  Checking assumptions in step 11..
SBY  0:46:31 [order_book_safety] engine_0: ##   0:01:48  Checking assertions in step 11..
SBY  0:46:32 [order_book_safety] engine_0: ##   0:01:50  Status: passed
SBY  0:46:32 [order_book_safety] engine_0: finished (returncode=0)
SBY  0:46:32 [order_book_safety] engine_0: Status returned by engine: pass
SBY  0:46:32 [order_book_safety] summary: Elapsed clock time [H:MM:SS (secs)]: 0:01:51 (111)
SBY  0:46:32 [order_book_safety] summary: Elapsed process time [H:MM:SS (secs)]: 0:01:48 (108)
SBY  0:46:32 [order_book_safety] summary: engine_0 (smtbmc yices) returned pass
SBY  0:46:32 [order_book_safety] summary: engine_0 did not produce any traces
SBY  0:46:32 [order_book_safety] DONE (PASS, rc=0)
