SBY  0:56:44 [order_book_upstream_order] Removing directory '/Users/Dilan/Projects/wire-to-decision/formal/order_book/order_book_upstream_order'.
SBY  0:56:44 [order_book_upstream_order] Copy '/Users/Dilan/Projects/wire-to-decision/formal/order_book/../../rtl/common/wire_order_book.sv' to '/Users/Dilan/Projects/wire-to-decision/formal/order_book/order_book_upstream_order/src/wire_order_book.sv'.
SBY  0:56:44 [order_book_upstream_order] Copy '/Users/Dilan/Projects/wire-to-decision/formal/order_book/order_book_upstream_order.sv' to '/Users/Dilan/Projects/wire-to-decision/formal/order_book/order_book_upstream_order/src/order_book_upstream_order.sv'.
SBY  0:56:44 [order_book_upstream_order] engine_0: smtbmc yices
SBY  0:56:44 [order_book_upstream_order] base: starting process "cd order_book_upstream_order/src; yosys -ql ../model/design.log ../model/design.ys"
SBY  0:56:44 [order_book_upstream_order] base: Warning: Wire order_book_upstream_order.\clk is used but has no driver.
SBY  0:56:44 [order_book_upstream_order] base: finished (returncode=0)
SBY  0:56:44 [order_book_upstream_order] prep: starting process "cd order_book_upstream_order/model; yosys -ql design_prep.log design_prep.ys"
SBY  0:56:44 [order_book_upstream_order] prep: Warning: Wire order_book_upstream_order.\clk is used but has no driver.
SBY  0:56:45 [order_book_upstream_order] prep: finished (returncode=0)
SBY  0:56:45 [order_book_upstream_order] smt2: starting process "cd order_book_upstream_order/model; yosys -ql design_smt2.log design_smt2.ys"
SBY  0:56:45 [order_book_upstream_order] smt2: finished (returncode=0)
SBY  0:56:45 [order_book_upstream_order] engine_0: starting process "cd order_book_upstream_order; yosys-smtbmc -s yices --presat --unroll --noprogress -t 10  --append 0 --dump-vcd engine_0/trace.vcd --dump-yw engine_0/trace.yw --dump-vlogtb engine_0/trace_tb.v --dump-smtc engine_0/trace.smtc model/design_smt2.smt2"
SBY  0:56:45 [order_book_upstream_order] engine_0: ##   0:00:00  Solver: yices
SBY  0:56:45 [order_book_upstream_order] engine_0: ##   0:00:00  Checking assumptions in step 0..
SBY  0:56:45 [order_book_upstream_order] engine_0: ##   0:00:00  Checking assertions in step 0..
SBY  0:56:45 [order_book_upstream_order] engine_0: ##   0:00:00  Checking assumptions in step 1..
SBY  0:56:45 [order_book_upstream_order] engine_0: ##   0:00:00  Checking assertions in step 1..
SBY  0:56:45 [order_book_upstream_order] engine_0: ##   0:00:00  Checking assumptions in step 2..
SBY  0:56:45 [order_book_upstream_order] engine_0: ##   0:00:00  Checking assertions in step 2..
SBY  0:56:45 [order_book_upstream_order] engine_0: ##   0:00:00  Checking assumptions in step 3..
SBY  0:56:45 [order_book_upstream_order] engine_0: ##   0:00:00  Checking assertions in step 3..
SBY  0:56:45 [order_book_upstream_order] engine_0: ##   0:00:00  Checking assumptions in step 4..
SBY  0:56:45 [order_book_upstream_order] engine_0: ##   0:00:00  Checking assertions in step 4..
SBY  0:56:45 [order_book_upstream_order] engine_0: ##   0:00:00  Checking assumptions in step 5..
SBY  0:56:45 [order_book_upstream_order] engine_0: ##   0:00:00  Checking assertions in step 5..
SBY  0:56:45 [order_book_upstream_order] engine_0: ##   0:00:00  Checking assumptions in step 6..
SBY  0:56:45 [order_book_upstream_order] engine_0: ##   0:00:00  Checking assertions in step 6..
SBY  0:56:45 [order_book_upstream_order] engine_0: ##   0:00:00  Checking assumptions in step 7..
SBY  0:56:45 [order_book_upstream_order] engine_0: ##   0:00:00  Checking assertions in step 7..
SBY  0:56:45 [order_book_upstream_order] engine_0: ##   0:00:00  Checking assumptions in step 8..
SBY  0:56:45 [order_book_upstream_order] engine_0: ##   0:00:00  Checking assertions in step 8..
SBY  0:56:45 [order_book_upstream_order] engine_0: ##   0:00:00  Checking assumptions in step 9..
SBY  0:56:45 [order_book_upstream_order] engine_0: ##   0:00:00  Checking assertions in step 9..
SBY  0:56:45 [order_book_upstream_order] engine_0: ##   0:00:00  Status: passed
SBY  0:56:45 [order_book_upstream_order] engine_0: finished (returncode=0)
SBY  0:56:45 [order_book_upstream_order] engine_0: Status returned by engine: pass
SBY  0:56:45 [order_book_upstream_order] summary: Elapsed clock time [H:MM:SS (secs)]: 0:00:00 (0)
SBY  0:56:45 [order_book_upstream_order] summary: Elapsed process time [H:MM:SS (secs)]: 0:00:00 (0)
SBY  0:56:45 [order_book_upstream_order] summary: engine_0 (smtbmc yices) returned pass
SBY  0:56:45 [order_book_upstream_order] summary: engine_0 did not produce any traces
SBY  0:56:45 [order_book_upstream_order] DONE (PASS, rc=0)
