formal/arch_a_parser/wire_arch_a_parser_safety.sby rc=0
formal/eth_parser/wire_eth_parser_cover.sby rc=0
formal/eth_parser/wire_eth_parser_prove.sby rc=0
formal/eth_parser/wire_eth_parser_reference.sby rc=0
formal/gearbox/wire_gearbox_cover.sby rc=1
formal/gearbox/wire_gearbox_prove.sby rc=1
formal/gearbox/wire_gearbox_reference_bmc.sby rc=1
formal/ingress_buffer/wire_ingress_buffer_cover.sby rc=1
formal/ingress_buffer/wire_ingress_buffer_prove.sby rc=1
formal/ingress_buffer/wire_ingress_buffer_reference_bmc.sby rc=1
formal/ipv4_parser/wire_ipv4_checksum_reference.sby rc=0
formal/ipv4_parser/wire_ipv4_header_reference.sby rc=0
formal/ipv4_parser/wire_ipv4_next_packet_reference.sby rc=0
formal/ipv4_parser/wire_ipv4_padding_reference.sby rc=0
formal/ipv4_parser/wire_ipv4_parser_cover.sby rc=0
formal/ipv4_parser/wire_ipv4_parser_prove.sby rc=0
formal/ipv4_parser/wire_ipv4_payload_reference.sby rc=0
formal/ipv4_parser/wire_ipv4_truncation_reference.sby rc=0
formal/itch_decoder/itch_A.sby rc=0
formal/itch_decoder/itch_C.sby rc=0
formal/itch_decoder/itch_D.sby rc=0
formal/itch_decoder/itch_E.sby rc=0
formal/itch_decoder/itch_F.sby rc=0
formal/itch_decoder/itch_P.sby rc=0
formal/itch_decoder/itch_U.sby rc=0
formal/itch_decoder/itch_X.sby rc=0
formal/itch_decoder/itch_empty.sby rc=0
formal/itch_decoder/itch_length_edge.sby rc=0
formal/itch_decoder/itch_locate_filter.sby rc=0
formal/itch_decoder/itch_safety.sby rc=0
formal/itch_decoder/itch_side.sby rc=0
formal/itch_decoder/itch_symbol.sby rc=0
formal/itch_decoder/itch_unknown.sby rc=0
formal/mold_header_seq/wire_mold_header_seq.sby rc=0
formal/mold_header_seq/wire_mold_header_seq_cover.sby rc=0
formal/mold_header_seq/wire_mold_header_seq_empty_normal.sby rc=0
formal/mold_header_seq/wire_mold_header_seq_eos.sby rc=0
formal/mold_header_seq/wire_mold_header_seq_eos_trailing.sby rc=0
formal/mold_header_seq/wire_mold_header_seq_heartbeat.sby rc=0
formal/mold_header_seq/wire_mold_header_seq_heartbeat_trailing.sby rc=0
formal/mold_header_seq/wire_mold_header_seq_sequence.sby rc=0
formal/mold_header_seq/wire_mold_header_seq_session.sby rc=0
formal/mold_header_seq/wire_mold_header_seq_truncated.sby rc=0
formal/mold_header_seq/wire_mold_header_seq_vectors.sby rc=0
formal/mold_header_seq/wire_mold_header_seq_wrap.sby rc=0
formal/mold_message_framer/wire_mold_message_framer_case1.sby rc=0
formal/mold_message_framer/wire_mold_message_framer_case2.sby rc=0
formal/mold_message_framer/wire_mold_message_framer_case3.sby rc=0
formal/mold_message_framer/wire_mold_message_framer_case4.sby rc=0
formal/mold_message_framer/wire_mold_message_framer_case5.sby rc=0
formal/mold_message_framer/wire_mold_message_framer_late_cover.sby rc=0
formal/mold_message_framer/wire_mold_message_framer_late_suffix.sby rc=0
formal/mold_message_framer/wire_mold_message_framer_rearm.sby rc=0
formal/mold_message_framer/wire_mold_message_framer_safety.sby rc=0
formal/mold_message_framer/wire_mold_message_framer_valid_cover.sby rc=0
formal/mold_message_framer/wire_mold_message_framer_vectors.sby rc=0
formal/mold_message_framer/wire_mold_message_framer_wrap.sby rc=0
formal/mold_message_framer/wire_mold_message_framer_zero.sby rc=0
formal/mold_message_framer/wire_mold_message_framer_zero_cover.sby rc=0
formal/udp_parser/wire_udp_parser_cover.sby rc=0
formal/udp_parser/wire_udp_parser_header.sby rc=0
formal/udp_parser/wire_udp_parser_header1.sby rc=0
formal/udp_parser/wire_udp_parser_header2.sby rc=0
formal/udp_parser/wire_udp_parser_header3.sby rc=0
formal/udp_parser/wire_udp_parser_long.sby rc=0
formal/udp_parser/wire_udp_parser_next_packet.sby rc=0
formal/udp_parser/wire_udp_parser_payload.sby rc=0
formal/udp_parser/wire_udp_parser_safety.sby rc=0
formal/udp_parser/wire_udp_parser_short.sby rc=0
formal/gearbox/wire_gearbox_cover.sby rc=0
formal/gearbox/wire_gearbox_prove.sby rc=0
formal/gearbox/wire_gearbox_reference_bmc.sby rc=0
formal/ingress_buffer/wire_ingress_buffer_cover.sby rc=0
formal/ingress_buffer/wire_ingress_buffer_prove.sby rc=0
formal/ingress_buffer/wire_ingress_buffer_reference_bmc.sby rc=0
