SBY  0:56:57 [formal/gearbox/wire_gearbox_prove] Removing directory '/Users/Dilan/Projects/wire-to-decision/formal/gearbox/wire_gearbox_prove'.
SBY  0:56:57 [formal/gearbox/wire_gearbox_prove] Copy '/Users/Dilan/Projects/wire-to-decision/rtl/arch_a/wire_gearbox_64to8.sv' to '/Users/Dilan/Projects/wire-to-decision/formal/gearbox/wire_gearbox_prove/src/wire_gearbox_64to8.sv'.
SBY  0:56:57 [formal/gearbox/wire_gearbox_prove] Copy '/Users/Dilan/Projects/wire-to-decision/formal/gearbox/wire_gearbox_safety.sv' to '/Users/Dilan/Projects/wire-to-decision/formal/gearbox/wire_gearbox_prove/src/wire_gearbox_safety.sv'.
SBY  0:56:57 [formal/gearbox/wire_gearbox_prove] engine_0: smtbmc yices
SBY  0:56:57 [formal/gearbox/wire_gearbox_prove] base: starting process "cd formal/gearbox/wire_gearbox_prove/src; yosys -ql ../model/design.log ../model/design.ys"
SBY  0:56:57 [formal/gearbox/wire_gearbox_prove] base: finished (returncode=0)
SBY  0:56:57 [formal/gearbox/wire_gearbox_prove] prep: starting process "cd formal/gearbox/wire_gearbox_prove/model; yosys -ql design_prep.log design_prep.ys"
SBY  0:56:57 [formal/gearbox/wire_gearbox_prove] prep: finished (returncode=0)
SBY  0:56:57 [formal/gearbox/wire_gearbox_prove] smt2: starting process "cd formal/gearbox/wire_gearbox_prove/model; yosys -ql design_smt2.log design_smt2.ys"
SBY  0:56:57 [formal/gearbox/wire_gearbox_prove] smt2: finished (returncode=0)
SBY  0:56:57 [formal/gearbox/wire_gearbox_prove] engine_0.basecase: starting process "cd formal/gearbox/wire_gearbox_prove; yosys-smtbmc -s yices --presat --unroll --noprogress -t 20  --append 0 --dump-vcd engine_0/trace.vcd --dump-yw engine_0/trace.yw --dump-vlogtb engine_0/trace_tb.v --dump-smtc engine_0/trace.smtc model/design_smt2.smt2"
SBY  0:56:57 [formal/gearbox/wire_gearbox_prove] engine_0.induction: starting process "cd formal/gearbox/wire_gearbox_prove; yosys-smtbmc -s yices --presat --unroll -i --noprogress -t 20  --append 0 --dump-vcd engine_0/trace_induct.vcd --dump-yw engine_0/trace_induct.yw --dump-vlogtb engine_0/trace_induct_tb.v --dump-smtc engine_0/trace_induct.smtc model/design_smt2.smt2"
SBY  0:56:57 [formal/gearbox/wire_gearbox_prove] engine_0.induction: ##   0:00:00  Solver: yices
SBY  0:56:57 [formal/gearbox/wire_gearbox_prove] engine_0.basecase: ##   0:00:00  Solver: yices
SBY  0:56:57 [formal/gearbox/wire_gearbox_prove] engine_0.basecase: ##   0:00:00  Checking assumptions in step 0..
SBY  0:56:57 [formal/gearbox/wire_gearbox_prove] engine_0.induction: ##   0:00:00  Trying induction in step 20..
SBY  0:56:57 [formal/gearbox/wire_gearbox_prove] engine_0.basecase: ##   0:00:00  Checking assertions in step 0..
SBY  0:56:57 [formal/gearbox/wire_gearbox_prove] engine_0.induction: ##   0:00:00  Trying induction in step 19..
SBY  0:56:57 [formal/gearbox/wire_gearbox_prove] engine_0.basecase: ##   0:00:00  Checking assumptions in step 1..
SBY  0:56:57 [formal/gearbox/wire_gearbox_prove] engine_0.basecase: ##   0:00:00  Checking assertions in step 1..
SBY  0:56:57 [formal/gearbox/wire_gearbox_prove] engine_0.induction: ##   0:00:00  Trying induction in step 18..
SBY  0:56:57 [formal/gearbox/wire_gearbox_prove] engine_0.basecase: ##   0:00:00  Checking assumptions in step 2..
SBY  0:56:57 [formal/gearbox/wire_gearbox_prove] engine_0.basecase: ##   0:00:00  Checking assertions in step 2..
SBY  0:56:57 [formal/gearbox/wire_gearbox_prove] engine_0.induction: ##   0:00:00  Temporal induction successful.
SBY  0:56:57 [formal/gearbox/wire_gearbox_prove] engine_0.induction: ##   0:00:00  Status: passed
SBY  0:56:57 [formal/gearbox/wire_gearbox_prove] engine_0.basecase: ##   0:00:00  Checking assumptions in step 3..
SBY  0:56:57 [formal/gearbox/wire_gearbox_prove] engine_0.basecase: ##   0:00:00  Checking assertions in step 3..
SBY  0:56:57 [formal/gearbox/wire_gearbox_prove] engine_0.basecase: ##   0:00:00  Checking assumptions in step 4..
SBY  0:56:57 [formal/gearbox/wire_gearbox_prove] engine_0.basecase: ##   0:00:00  Checking assertions in step 4..
SBY  0:56:57 [formal/gearbox/wire_gearbox_prove] engine_0.induction: finished (returncode=0)
SBY  0:56:57 [formal/gearbox/wire_gearbox_prove] engine_0.induction: Status returned by engine for induction: pass
SBY  0:56:57 [formal/gearbox/wire_gearbox_prove] engine_0.basecase: ##   0:00:00  Checking assumptions in step 5..
SBY  0:56:57 [formal/gearbox/wire_gearbox_prove] engine_0.basecase: ##   0:00:00  Checking assertions in step 5..
SBY  0:56:57 [formal/gearbox/wire_gearbox_prove] engine_0.basecase: ##   0:00:00  Checking assumptions in step 6..
SBY  0:56:57 [formal/gearbox/wire_gearbox_prove] engine_0.basecase: ##   0:00:00  Checking assertions in step 6..
SBY  0:56:57 [formal/gearbox/wire_gearbox_prove] engine_0.basecase: ##   0:00:00  Checking assumptions in step 7..
SBY  0:56:57 [formal/gearbox/wire_gearbox_prove] engine_0.basecase: ##   0:00:00  Checking assertions in step 7..
SBY  0:56:57 [formal/gearbox/wire_gearbox_prove] engine_0.basecase: ##   0:00:00  Checking assumptions in step 8..
SBY  0:56:57 [formal/gearbox/wire_gearbox_prove] engine_0.basecase: ##   0:00:00  Checking assertions in step 8..
SBY  0:56:57 [formal/gearbox/wire_gearbox_prove] engine_0.basecase: ##   0:00:00  Checking assumptions in step 9..
SBY  0:56:57 [formal/gearbox/wire_gearbox_prove] engine_0.basecase: ##   0:00:00  Checking assertions in step 9..
SBY  0:56:57 [formal/gearbox/wire_gearbox_prove] engine_0.basecase: ##   0:00:00  Checking assumptions in step 10..
SBY  0:56:57 [formal/gearbox/wire_gearbox_prove] engine_0.basecase: ##   0:00:00  Checking assertions in step 10..
SBY  0:56:57 [formal/gearbox/wire_gearbox_prove] engine_0.basecase: ##   0:00:00  Checking assumptions in step 11..
SBY  0:56:57 [formal/gearbox/wire_gearbox_prove] engine_0.basecase: ##   0:00:00  Checking assertions in step 11..
SBY  0:56:57 [formal/gearbox/wire_gearbox_prove] engine_0.basecase: ##   0:00:00  Checking assumptions in step 12..
SBY  0:56:57 [formal/gearbox/wire_gearbox_prove] engine_0.basecase: ##   0:00:00  Checking assertions in step 12..
SBY  0:56:57 [formal/gearbox/wire_gearbox_prove] engine_0.basecase: ##   0:00:00  Checking assumptions in step 13..
SBY  0:56:57 [formal/gearbox/wire_gearbox_prove] engine_0.basecase: ##   0:00:00  Checking assertions in step 13..
SBY  0:56:57 [formal/gearbox/wire_gearbox_prove] engine_0.basecase: ##   0:00:00  Checking assumptions in step 14..
SBY  0:56:57 [formal/gearbox/wire_gearbox_prove] engine_0.basecase: ##   0:00:00  Checking assertions in step 14..
SBY  0:56:57 [formal/gearbox/wire_gearbox_prove] engine_0.basecase: ##   0:00:00  Checking assumptions in step 15..
SBY  0:56:57 [formal/gearbox/wire_gearbox_prove] engine_0.basecase: ##   0:00:00  Checking assertions in step 15..
SBY  0:56:57 [formal/gearbox/wire_gearbox_prove] engine_0.basecase: ##   0:00:00  Checking assumptions in step 16..
SBY  0:56:57 [formal/gearbox/wire_gearbox_prove] engine_0.basecase: ##   0:00:00  Checking assertions in step 16..
SBY  0:56:57 [formal/gearbox/wire_gearbox_prove] engine_0.basecase: ##   0:00:00  Checking assumptions in step 17..
SBY  0:56:57 [formal/gearbox/wire_gearbox_prove] engine_0.basecase: ##   0:00:00  Checking assertions in step 17..
SBY  0:56:57 [formal/gearbox/wire_gearbox_prove] engine_0.basecase: ##   0:00:00  Checking assumptions in step 18..
SBY  0:56:57 [formal/gearbox/wire_gearbox_prove] engine_0.basecase: ##   0:00:00  Checking assertions in step 18..
SBY  0:56:57 [formal/gearbox/wire_gearbox_prove] engine_0.basecase: ##   0:00:00  Checking assumptions in step 19..
SBY  0:56:57 [formal/gearbox/wire_gearbox_prove] engine_0.basecase: ##   0:00:00  Checking assertions in step 19..
SBY  0:56:57 [formal/gearbox/wire_gearbox_prove] engine_0.basecase: ##   0:00:00  Status: passed
SBY  0:56:57 [formal/gearbox/wire_gearbox_prove] engine_0.basecase: finished (returncode=0)
SBY  0:56:57 [formal/gearbox/wire_gearbox_prove] engine_0.basecase: Status returned by engine for basecase: pass
SBY  0:56:57 [formal/gearbox/wire_gearbox_prove] summary: Elapsed clock time [H:MM:SS (secs)]: 0:00:00 (0)
SBY  0:56:57 [formal/gearbox/wire_gearbox_prove] summary: Elapsed process time [H:MM:SS (secs)]: 0:00:00 (0)
SBY  0:56:57 [formal/gearbox/wire_gearbox_prove] summary: engine_0 (smtbmc yices) returned pass for basecase
SBY  0:56:57 [formal/gearbox/wire_gearbox_prove] summary: engine_0 (smtbmc yices) returned pass for induction
SBY  0:56:57 [formal/gearbox/wire_gearbox_prove] summary: engine_0 did not produce any traces
SBY  0:56:57 [formal/gearbox/wire_gearbox_prove] summary: successful proof by k-induction.
SBY  0:56:57 [formal/gearbox/wire_gearbox_prove] DONE (PASS, rc=0)
