rm -f results.xml
"/Applications/Xcode.app/Contents/Developer/usr/bin/make" -f Makefile results.xml
mkdir -p sim_build
/Users/Dilan/eda/wire-to-decision/oss-cad-suite/bin/verilator -cc --exe -Mdir sim_build --top-module wire_arch_a_parser_top --language 1800-2012 --timescale 1ns/1ps --vpi --public-flat-rw --prefix Vtop -o Vtop -LDFLAGS "-Wl,-rpath,/Users/Dilan/eda/wire-to-decision/oss-cad-suite/lib/python3.11/site-packages/cocotb-2.1.0.dev0+41564633-py3.11-darwin-aarch64.egg/cocotb/libs -L/Users/Dilan/eda/wire-to-decision/oss-cad-suite/lib/python3.11/site-packages/cocotb-2.1.0.dev0+41564633-py3.11-darwin-aarch64.egg/cocotb/libs -lcocotbvpi_verilator"  /Users/Dilan/Projects/wire-to-decision/rtl/common/wire_ingress_buffer.sv /Users/Dilan/Projects/wire-to-decision/rtl/arch_a/wire_gearbox_64to8.sv /Users/Dilan/Projects/wire-to-decision/rtl/arch_a/wire_eth_parser.sv /Users/Dilan/Projects/wire-to-decision/rtl/arch_a/wire_ipv4_parser.sv /Users/Dilan/Projects/wire-to-decision/rtl/arch_a/wire_udp_parser.sv /Users/Dilan/Projects/wire-to-decision/rtl/arch_a/wire_mold_header_seq.sv /Users/Dilan/Projects/wire-to-decision/rtl/arch_a/wire_mold_message_framer.sv /Users/Dilan/Projects/wire-to-decision/rtl/arch_a/wire_itch_decoder.sv /Users/Dilan/Projects/wire-to-decision/rtl/arch_a/wire_arch_a_parser_top.sv /Users/Dilan/eda/wire-to-decision/oss-cad-suite/lib/python3.11/site-packages/cocotb-2.1.0.dev0+41564633-py3.11-darwin-aarch64.egg/cocotb/share/lib/verilator/verilator.cpp
- V e r i l a t i o n   R e p o r t: Verilator 5.053 devel rev v5.052-119-g014c9820d (mod)
- Verilator: Built from 0.465 MB sources in 11 modules, into 0.515 MB in 7 C++ files needing 0.000 MB
- Verilator: Walltime 0.081 s (elab=0.015, cvt=0.038, bld=0.000); cpu 0.053 s on 1 threads; allocated 19.266 MB
/Applications/Xcode.app/Contents/Developer/usr/bin/make -C sim_build  -f Vtop.mk
g++  -I.  -MMD -I/Users/Dilan/eda/wire-to-decision/oss-cad-suite/share/verilator/include -I/Users/Dilan/eda/wire-to-decision/oss-cad-suite/share/verilator/include/vltstd -DVERILATOR=1 -DVM_COVERAGE=0 -DVM_SC=0 -DVM_TIMING=0 -DVM_TRACE=0 -DVM_TRACE_FST=0 -DVM_TRACE_VCD=0 -DVM_TRACE_SAIF=0 -DVM_VPI=1 -faligned-new -fbracket-depth=4096 -fcf-protection=none -Xclang -fno-pch-timestamp -Qunused-arguments  -Wno-c++11-narrowing -Wno-constant-logical-operand -Wno-int-in-bool-context -Wno-non-pod-varargs -Wno-parentheses-equality -Wno-shadow -Wno-sign-compare  -Wno-tautological-compare -Wno-uninitialized -Wno-unnecessary-virtual-specifier -Wno-unused-but-set-parameter -Wno-unused-but-set-variable -Wno-unused-parameter -Wno-unused-variable -Wno-vla-cxx-extension  -DVM_PREFIX_INCLUDE="<Vtop.h>" -DVM_PREFIX_INCLUDE_DPI="<Vtop__Dpi.h>"     -Os  -c -o verilator.o /Users/Dilan/eda/wire-to-decision/oss-cad-suite/lib/python3.11/site-packages/cocotb-2.1.0.dev0+41564633-py3.11-darwin-aarch64.egg/cocotb/share/lib/verilator/verilator.cpp
g++ -Os  -I.  -MMD -I/Users/Dilan/eda/wire-to-decision/oss-cad-suite/share/verilator/include -I/Users/Dilan/eda/wire-to-decision/oss-cad-suite/share/verilator/include/vltstd -DVERILATOR=1 -DVM_COVERAGE=0 -DVM_SC=0 -DVM_TIMING=0 -DVM_TRACE=0 -DVM_TRACE_FST=0 -DVM_TRACE_VCD=0 -DVM_TRACE_SAIF=0 -DVM_VPI=1 -faligned-new -fbracket-depth=4096 -fcf-protection=none -Xclang -fno-pch-timestamp -Qunused-arguments  -Wno-c++11-narrowing -Wno-constant-logical-operand -Wno-int-in-bool-context -Wno-non-pod-varargs -Wno-parentheses-equality -Wno-shadow -Wno-sign-compare  -Wno-tautological-compare -Wno-uninitialized -Wno-unnecessary-virtual-specifier -Wno-unused-but-set-parameter -Wno-unused-but-set-variable -Wno-unused-parameter -Wno-unused-variable -Wno-vla-cxx-extension  -DVM_PREFIX_INCLUDE="<Vtop.h>" -DVM_PREFIX_INCLUDE_DPI="<Vtop__Dpi.h>"     -c -o verilated.o /Users/Dilan/eda/wire-to-decision/oss-cad-suite/share/verilator/include/verilated.cpp
g++ -Os  -I.  -MMD -I/Users/Dilan/eda/wire-to-decision/oss-cad-suite/share/verilator/include -I/Users/Dilan/eda/wire-to-decision/oss-cad-suite/share/verilator/include/vltstd -DVERILATOR=1 -DVM_COVERAGE=0 -DVM_SC=0 -DVM_TIMING=0 -DVM_TRACE=0 -DVM_TRACE_FST=0 -DVM_TRACE_VCD=0 -DVM_TRACE_SAIF=0 -DVM_VPI=1 -faligned-new -fbracket-depth=4096 -fcf-protection=none -Xclang -fno-pch-timestamp -Qunused-arguments  -Wno-c++11-narrowing -Wno-constant-logical-operand -Wno-int-in-bool-context -Wno-non-pod-varargs -Wno-parentheses-equality -Wno-shadow -Wno-sign-compare  -Wno-tautological-compare -Wno-uninitialized -Wno-unnecessary-virtual-specifier -Wno-unused-but-set-parameter -Wno-unused-but-set-variable -Wno-unused-parameter -Wno-unused-variable -Wno-vla-cxx-extension  -DVM_PREFIX_INCLUDE="<Vtop.h>" -DVM_PREFIX_INCLUDE_DPI="<Vtop__Dpi.h>"     -c -o verilated_dpi.o /Users/Dilan/eda/wire-to-decision/oss-cad-suite/share/verilator/include/verilated_dpi.cpp
g++ -Os  -I.  -MMD -I/Users/Dilan/eda/wire-to-decision/oss-cad-suite/share/verilator/include -I/Users/Dilan/eda/wire-to-decision/oss-cad-suite/share/verilator/include/vltstd -DVERILATOR=1 -DVM_COVERAGE=0 -DVM_SC=0 -DVM_TIMING=0 -DVM_TRACE=0 -DVM_TRACE_FST=0 -DVM_TRACE_VCD=0 -DVM_TRACE_SAIF=0 -DVM_VPI=1 -faligned-new -fbracket-depth=4096 -fcf-protection=none -Xclang -fno-pch-timestamp -Qunused-arguments  -Wno-c++11-narrowing -Wno-constant-logical-operand -Wno-int-in-bool-context -Wno-non-pod-varargs -Wno-parentheses-equality -Wno-shadow -Wno-sign-compare  -Wno-tautological-compare -Wno-uninitialized -Wno-unnecessary-virtual-specifier -Wno-unused-but-set-parameter -Wno-unused-but-set-variable -Wno-unused-parameter -Wno-unused-variable -Wno-vla-cxx-extension  -DVM_PREFIX_INCLUDE="<Vtop.h>" -DVM_PREFIX_INCLUDE_DPI="<Vtop__Dpi.h>"     -c -o verilated_vpi.o /Users/Dilan/eda/wire-to-decision/oss-cad-suite/share/verilator/include/verilated_vpi.cpp
g++ -Os  -I.  -MMD -I/Users/Dilan/eda/wire-to-decision/oss-cad-suite/share/verilator/include -I/Users/Dilan/eda/wire-to-decision/oss-cad-suite/share/verilator/include/vltstd -DVERILATOR=1 -DVM_COVERAGE=0 -DVM_SC=0 -DVM_TIMING=0 -DVM_TRACE=0 -DVM_TRACE_FST=0 -DVM_TRACE_VCD=0 -DVM_TRACE_SAIF=0 -DVM_VPI=1 -faligned-new -fbracket-depth=4096 -fcf-protection=none -Xclang -fno-pch-timestamp -Qunused-arguments  -Wno-c++11-narrowing -Wno-constant-logical-operand -Wno-int-in-bool-context -Wno-non-pod-varargs -Wno-parentheses-equality -Wno-shadow -Wno-sign-compare  -Wno-tautological-compare -Wno-uninitialized -Wno-unnecessary-virtual-specifier -Wno-unused-but-set-parameter -Wno-unused-but-set-variable -Wno-unused-parameter -Wno-unused-variable -Wno-vla-cxx-extension  -DVM_PREFIX_INCLUDE="<Vtop.h>" -DVM_PREFIX_INCLUDE_DPI="<Vtop__Dpi.h>"     -c -o verilated_threads.o /Users/Dilan/eda/wire-to-decision/oss-cad-suite/share/verilator/include/verilated_threads.cpp
python3 /Users/Dilan/eda/wire-to-decision/oss-cad-suite/share/verilator/bin/verilator_includer -DVL_INCLUDE_OPT=include Vtop.cpp Vtop___024root__0.cpp Vtop__Dpi.cpp Vtop__ConstPool__0__Slow.cpp Vtop___024root__Slow.cpp Vtop___024root__0__Slow.cpp Vtop__Syms__Slow.cpp > Vtop__ALL.cpp
g++ -Os  -I.  -MMD -I/Users/Dilan/eda/wire-to-decision/oss-cad-suite/share/verilator/include -I/Users/Dilan/eda/wire-to-decision/oss-cad-suite/share/verilator/include/vltstd -DVERILATOR=1 -DVM_COVERAGE=0 -DVM_SC=0 -DVM_TIMING=0 -DVM_TRACE=0 -DVM_TRACE_FST=0 -DVM_TRACE_VCD=0 -DVM_TRACE_SAIF=0 -DVM_VPI=1 -faligned-new -fbracket-depth=4096 -fcf-protection=none -Xclang -fno-pch-timestamp -Qunused-arguments  -Wno-c++11-narrowing -Wno-constant-logical-operand -Wno-int-in-bool-context -Wno-non-pod-varargs -Wno-parentheses-equality -Wno-shadow -Wno-sign-compare  -Wno-tautological-compare -Wno-uninitialized -Wno-unnecessary-virtual-specifier -Wno-unused-but-set-parameter -Wno-unused-but-set-variable -Wno-unused-parameter -Wno-unused-variable -Wno-vla-cxx-extension  -DVM_PREFIX_INCLUDE="<Vtop.h>" -DVM_PREFIX_INCLUDE_DPI="<Vtop__Dpi.h>"     -c -o Vtop__ALL.o Vtop__ALL.cpp
g++  -Wl,-U,__Z15vl_time_stamp64v,-U,__Z13sc_time_stampv,-U,_vlog_startup_routines   -rdynamic verilator.o verilated.o verilated_dpi.o verilated_vpi.o verilated_threads.o Vtop__ALL.a   -Wl,-rpath,/Users/Dilan/eda/wire-to-decision/oss-cad-suite/lib/python3.11/site-packages/cocotb-2.1.0.dev0+41564633-py3.11-darwin-aarch64.egg/cocotb/libs -L/Users/Dilan/eda/wire-to-decision/oss-cad-suite/lib/python3.11/site-packages/cocotb-2.1.0.dev0+41564633-py3.11-darwin-aarch64.egg/cocotb/libs -lcocotbvpi_verilator  -pthread -lpthread -ldl   -o Vtop
rm Vtop__ALL.verilator_deplist.tmp
rm -f results.xml
COCOTB_TEST_MODULES=test_arch_a_parser COCOTB_TESTCASE= COCOTB_TEST_FILTER= COCOTB_TOPLEVEL=wire_arch_a_parser_top TOPLEVEL_LANG=verilog \
         sim_build/Vtop     
     -.--ns INFO     gpi                                ../gpi/GpiCommon.cpp:217  in gpi_load_users                  Running entry func 'initialize' from loaded library '/Users/Dilan/eda/wire-to-decision/oss-cad-suite/lib/python3.11/site-packages/cocotb-2.1.0.dev0+41564633-py3.11-darwin-aarch64.egg/cocotb/libs/libcocotb.so'
     -.--ns INFO     gpi                                ..mbed/gpi_embed.cpp:97   in initialize                      Using Python 3.11.6 interpreter at /Users/Dilan/eda/wire-to-decision/oss-cad-suite/bin/tabbypy3
     0.00ns INFO     cocotb                             Running on Verilator version 5.053 devel
     0.00ns INFO     cocotb                             Seeding Python random module with 1790812090
     0.00ns INFO     cocotb                             Initialized cocotb v2.1.0.dev0+41564633 from /Users/Dilan/eda/wire-to-decision/oss-cad-suite/lib/python3.11/site-packages/cocotb-2.1.0.dev0+41564633-py3.11-darwin-aarch64.egg/cocotb
     0.00ns INFO     cocotb                             Running tests
     0.00ns INFO     cocotb.regression                  running test_arch_a_parser.test_full_ingress_all_mutation_mappings_and_python_crosscheck (1/6)
 13090.00ns INFO     cocotb.regression                  test_arch_a_parser.test_full_ingress_all_mutation_mappings_and_python_crosscheck passed
 13090.00ns INFO     cocotb.regression                  running test_arch_a_parser.test_filters_heartbeat_multi_message_and_reuse (2/6)
 24030.00ns INFO     cocotb.regression                  test_arch_a_parser.test_filters_heartbeat_multi_message_and_reuse passed
 24030.00ns INFO     cocotb.regression                  running test_arch_a_parser.test_late_structural_suffix_and_itch_quarantine (3/6)
 30540.00ns INFO     cocotb.regression                  test_arch_a_parser.test_late_structural_suffix_and_itch_quarantine passed
 30540.00ns INFO     cocotb.regression                  running test_arch_a_parser.test_semantic_and_outer_fatal_recovery_rearm (4/6)
 42030.00ns INFO     cocotb.regression                  test_arch_a_parser.test_semantic_and_outer_fatal_recovery_rearm passed
 42030.00ns INFO     cocotb.regression                  running test_arch_a_parser.test_mold_header_eos_and_trailing_recovery (5/6)
 46250.00ns INFO     cocotb.regression                  test_arch_a_parser.test_mold_header_eos_and_trailing_recovery passed
 46250.00ns INFO     cocotb.regression                  running test_arch_a_parser.test_random_replayable_frames_and_fail_closed_rearm (6/6)
WIRE022_VECTOR seed=1 messages=4 malformed=wrong_length frame_hex=0201020304050a0b0c0d0e0f08004510005545674000401108c5c0000221c6336407beef12340041000057324454455354303031102030405060708400010023412345ab0101020304050111223344556677014210203041414c504820202020506070
WIRE022_VECTOR seed=7 messages=4 malformed=wrong_length frame_hex=0201020304050a0b0c0d0e0f08004510005545674000401108c5c0000221c6336407beef12340041000057324454455354303031102030405060708400010023412345ab0701020304050711223344556677074210203047414c504820202020506070
WIRE022_VECTOR seed=19 messages=4 malformed=wrong_length frame_hex=0201020304050a0b0c0d0e0f08004510005545674000401108c5c0000221c6336407beef12340041000057324454455354303031102030405060708400010023412345ab1301020304051311223344556677134210203053414c504820202020506070
WIRE022_VECTOR seed=42 messages=4 malformed=wrong_length frame_hex=0201020304050a0b0c0d0e0f08004510005545674000401108c5c0000221c6336407beef12340041000057324454455354303031102030405060708400010023412345ab2a01020304052a112233445566772a421020306a414c504820202020506070
WIRE022_VECTOR seed=97 messages=4 malformed=wrong_length frame_hex=0201020304050a0b0c0d0e0f08004510005545674000401108c5c0000221c6336407beef12340041000057324454455354303031102030405060708400010023412345ab61010203040561112233445566776142102030a1414c504820202020506070
 92160.01ns INFO     cocotb.regression                  test_arch_a_parser.test_random_replayable_frames_and_fail_closed_rearm passed
 92160.01ns INFO     cocotb.regression                  ******************************************************************************************************************************************
                                                        ** TEST                                                                              STATUS  SIM TIME (ns)  REAL TIME (s)  RATIO (ns/s) **
                                                        ******************************************************************************************************************************************
                                                        ** test_arch_a_parser.test_full_ingress_all_mutation_mappings_and_python_crosscheck   PASS       13090.00           0.04     307038.74  **
                                                        ** test_arch_a_parser.test_filters_heartbeat_multi_message_and_reuse                  PASS       10940.00           0.03     319845.57  **
                                                        ** test_arch_a_parser.test_late_structural_suffix_and_itch_quarantine                 PASS        6510.00           0.02     319426.76  **
                                                        ** test_arch_a_parser.test_semantic_and_outer_fatal_recovery_rearm                    PASS       11490.00           0.04     322000.67  **
                                                        ** test_arch_a_parser.test_mold_header_eos_and_trailing_recovery                      PASS        4220.00           0.01     316913.98  **
                                                        ** test_arch_a_parser.test_random_replayable_frames_and_fail_closed_rearm             PASS       45910.00           0.15     316524.45  **
                                                        ******************************************************************************************************************************************
                                                        ** TESTS=6 PASS=6 FAIL=0 SKIP=0                                                                  92160.01           0.30     309271.31  **
                                                        ******************************************************************************************************************************************
- :0: Verilog $finish
