SBY  0:54:15 [wire_ipv4_next_packet_reference] Removing directory '/Users/Dilan/Projects/wire-to-decision/formal/ipv4_parser/wire_ipv4_next_packet_reference'.
SBY  0:54:15 [wire_ipv4_next_packet_reference] Copy '/Users/Dilan/Projects/wire-to-decision/formal/ipv4_parser/wire_ipv4_parser_decomposed.sv' to '/Users/Dilan/Projects/wire-to-decision/formal/ipv4_parser/wire_ipv4_next_packet_reference/src/wire_ipv4_parser_decomposed.sv'.
SBY  0:54:15 [wire_ipv4_next_packet_reference] Copy '/Users/Dilan/Projects/wire-to-decision/formal/ipv4_parser/../../rtl/arch_a/wire_ipv4_parser.sv' to '/Users/Dilan/Projects/wire-to-decision/formal/ipv4_parser/wire_ipv4_next_packet_reference/src/wire_ipv4_parser.sv'.
SBY  0:54:15 [wire_ipv4_next_packet_reference] engine_0: smtbmc yices
SBY  0:54:15 [wire_ipv4_next_packet_reference] base: starting process "cd wire_ipv4_next_packet_reference/src; yosys -ql ../model/design.log ../model/design.ys"
SBY  0:54:15 [wire_ipv4_next_packet_reference] base: Warning: Wire ipv4_next_packet_reference.\rst is used but has no driver.
SBY  0:54:15 [wire_ipv4_next_packet_reference] base: Warning: Wire ipv4_next_packet_reference.\clk is used but has no driver.
SBY  0:54:15 [wire_ipv4_next_packet_reference] base: finished (returncode=0)
SBY  0:54:15 [wire_ipv4_next_packet_reference] prep: starting process "cd wire_ipv4_next_packet_reference/model; yosys -ql design_prep.log design_prep.ys"
SBY  0:54:15 [wire_ipv4_next_packet_reference] prep: Warning: Wire ipv4_next_packet_reference.\clk is used but has no driver.
SBY  0:54:15 [wire_ipv4_next_packet_reference] prep: Warning: Wire ipv4_next_packet_reference.\rst is used but has no driver.
SBY  0:54:15 [wire_ipv4_next_packet_reference] prep: finished (returncode=0)
SBY  0:54:15 [wire_ipv4_next_packet_reference] smt2: starting process "cd wire_ipv4_next_packet_reference/model; yosys -ql design_smt2.log design_smt2.ys"
SBY  0:54:15 [wire_ipv4_next_packet_reference] smt2: finished (returncode=0)
SBY  0:54:15 [wire_ipv4_next_packet_reference] engine_0: starting process "cd wire_ipv4_next_packet_reference; yosys-smtbmc -s yices --presat --unroll --noprogress -t 44  --append 0 --dump-vcd engine_0/trace.vcd --dump-yw engine_0/trace.yw --dump-vlogtb engine_0/trace_tb.v --dump-smtc engine_0/trace.smtc model/design_smt2.smt2"
SBY  0:54:15 [wire_ipv4_next_packet_reference] engine_0: ##   0:00:00  Solver: yices
SBY  0:54:15 [wire_ipv4_next_packet_reference] engine_0: ##   0:00:00  Checking assumptions in step 0..
SBY  0:54:15 [wire_ipv4_next_packet_reference] engine_0: ##   0:00:00  Checking assertions in step 0..
SBY  0:54:15 [wire_ipv4_next_packet_reference] engine_0: ##   0:00:00  Checking assumptions in step 1..
SBY  0:54:15 [wire_ipv4_next_packet_reference] engine_0: ##   0:00:00  Checking assertions in step 1..
SBY  0:54:15 [wire_ipv4_next_packet_reference] engine_0: ##   0:00:00  Checking assumptions in step 2..
SBY  0:54:15 [wire_ipv4_next_packet_reference] engine_0: ##   0:00:00  Checking assertions in step 2..
SBY  0:54:15 [wire_ipv4_next_packet_reference] engine_0: ##   0:00:00  Checking assumptions in step 3..
SBY  0:54:15 [wire_ipv4_next_packet_reference] engine_0: ##   0:00:00  Checking assertions in step 3..
SBY  0:54:15 [wire_ipv4_next_packet_reference] engine_0: ##   0:00:00  Checking assumptions in step 4..
SBY  0:54:15 [wire_ipv4_next_packet_reference] engine_0: ##   0:00:00  Checking assertions in step 4..
SBY  0:54:15 [wire_ipv4_next_packet_reference] engine_0: ##   0:00:00  Checking assumptions in step 5..
SBY  0:54:15 [wire_ipv4_next_packet_reference] engine_0: ##   0:00:00  Checking assertions in step 5..
SBY  0:54:15 [wire_ipv4_next_packet_reference] engine_0: ##   0:00:00  Checking assumptions in step 6..
SBY  0:54:15 [wire_ipv4_next_packet_reference] engine_0: ##   0:00:00  Checking assertions in step 6..
SBY  0:54:15 [wire_ipv4_next_packet_reference] engine_0: ##   0:00:00  Checking assumptions in step 7..
SBY  0:54:15 [wire_ipv4_next_packet_reference] engine_0: ##   0:00:00  Checking assertions in step 7..
SBY  0:54:15 [wire_ipv4_next_packet_reference] engine_0: ##   0:00:00  Checking assumptions in step 8..
SBY  0:54:15 [wire_ipv4_next_packet_reference] engine_0: ##   0:00:00  Checking assertions in step 8..
SBY  0:54:15 [wire_ipv4_next_packet_reference] engine_0: ##   0:00:00  Checking assumptions in step 9..
SBY  0:54:15 [wire_ipv4_next_packet_reference] engine_0: ##   0:00:00  Checking assertions in step 9..
SBY  0:54:15 [wire_ipv4_next_packet_reference] engine_0: ##   0:00:00  Checking assumptions in step 10..
SBY  0:54:15 [wire_ipv4_next_packet_reference] engine_0: ##   0:00:00  Checking assertions in step 10..
SBY  0:54:15 [wire_ipv4_next_packet_reference] engine_0: ##   0:00:00  Checking assumptions in step 11..
SBY  0:54:15 [wire_ipv4_next_packet_reference] engine_0: ##   0:00:00  Checking assertions in step 11..
SBY  0:54:15 [wire_ipv4_next_packet_reference] engine_0: ##   0:00:00  Checking assumptions in step 12..
SBY  0:54:15 [wire_ipv4_next_packet_reference] engine_0: ##   0:00:00  Checking assertions in step 12..
SBY  0:54:15 [wire_ipv4_next_packet_reference] engine_0: ##   0:00:00  Checking assumptions in step 13..
SBY  0:54:15 [wire_ipv4_next_packet_reference] engine_0: ##   0:00:00  Checking assertions in step 13..
SBY  0:54:15 [wire_ipv4_next_packet_reference] engine_0: ##   0:00:00  Checking assumptions in step 14..
SBY  0:54:15 [wire_ipv4_next_packet_reference] engine_0: ##   0:00:00  Checking assertions in step 14..
SBY  0:54:15 [wire_ipv4_next_packet_reference] engine_0: ##   0:00:00  Checking assumptions in step 15..
SBY  0:54:15 [wire_ipv4_next_packet_reference] engine_0: ##   0:00:00  Checking assertions in step 15..
SBY  0:54:15 [wire_ipv4_next_packet_reference] engine_0: ##   0:00:00  Checking assumptions in step 16..
SBY  0:54:15 [wire_ipv4_next_packet_reference] engine_0: ##   0:00:00  Checking assertions in step 16..
SBY  0:54:15 [wire_ipv4_next_packet_reference] engine_0: ##   0:00:00  Checking assumptions in step 17..
SBY  0:54:15 [wire_ipv4_next_packet_reference] engine_0: ##   0:00:00  Checking assertions in step 17..
SBY  0:54:15 [wire_ipv4_next_packet_reference] engine_0: ##   0:00:00  Checking assumptions in step 18..
SBY  0:54:15 [wire_ipv4_next_packet_reference] engine_0: ##   0:00:00  Checking assertions in step 18..
SBY  0:54:15 [wire_ipv4_next_packet_reference] engine_0: ##   0:00:00  Checking assumptions in step 19..
SBY  0:54:15 [wire_ipv4_next_packet_reference] engine_0: ##   0:00:00  Checking assertions in step 19..
SBY  0:54:15 [wire_ipv4_next_packet_reference] engine_0: ##   0:00:00  Checking assumptions in step 20..
SBY  0:54:15 [wire_ipv4_next_packet_reference] engine_0: ##   0:00:00  Checking assertions in step 20..
SBY  0:54:15 [wire_ipv4_next_packet_reference] engine_0: ##   0:00:00  Checking assumptions in step 21..
SBY  0:54:15 [wire_ipv4_next_packet_reference] engine_0: ##   0:00:00  Checking assertions in step 21..
SBY  0:54:15 [wire_ipv4_next_packet_reference] engine_0: ##   0:00:00  Checking assumptions in step 22..
SBY  0:54:16 [wire_ipv4_next_packet_reference] engine_0: ##   0:00:00  Checking assertions in step 22..
SBY  0:54:16 [wire_ipv4_next_packet_reference] engine_0: ##   0:00:00  Checking assumptions in step 23..
SBY  0:54:16 [wire_ipv4_next_packet_reference] engine_0: ##   0:00:00  Checking assertions in step 23..
SBY  0:54:16 [wire_ipv4_next_packet_reference] engine_0: ##   0:00:00  Checking assumptions in step 24..
SBY  0:54:16 [wire_ipv4_next_packet_reference] engine_0: ##   0:00:00  Checking assertions in step 24..
SBY  0:54:16 [wire_ipv4_next_packet_reference] engine_0: ##   0:00:01  Checking assumptions in step 25..
SBY  0:54:16 [wire_ipv4_next_packet_reference] engine_0: ##   0:00:01  Checking assertions in step 25..
SBY  0:54:16 [wire_ipv4_next_packet_reference] engine_0: ##   0:00:01  Checking assumptions in step 26..
SBY  0:54:16 [wire_ipv4_next_packet_reference] engine_0: ##   0:00:01  Checking assertions in step 26..
SBY  0:54:16 [wire_ipv4_next_packet_reference] engine_0: ##   0:00:01  Checking assumptions in step 27..
SBY  0:54:16 [wire_ipv4_next_packet_reference] engine_0: ##   0:00:01  Checking assertions in step 27..
SBY  0:54:17 [wire_ipv4_next_packet_reference] engine_0: ##   0:00:01  Checking assumptions in step 28..
SBY  0:54:17 [wire_ipv4_next_packet_reference] engine_0: ##   0:00:01  Checking assertions in step 28..
SBY  0:54:17 [wire_ipv4_next_packet_reference] engine_0: ##   0:00:02  Checking assumptions in step 29..
SBY  0:54:17 [wire_ipv4_next_packet_reference] engine_0: ##   0:00:02  Checking assertions in step 29..
SBY  0:54:17 [wire_ipv4_next_packet_reference] engine_0: ##   0:00:02  Checking assumptions in step 30..
SBY  0:54:17 [wire_ipv4_next_packet_reference] engine_0: ##   0:00:02  Checking assertions in step 30..
SBY  0:54:18 [wire_ipv4_next_packet_reference] engine_0: ##   0:00:02  Checking assumptions in step 31..
SBY  0:54:18 [wire_ipv4_next_packet_reference] engine_0: ##   0:00:02  Checking assertions in step 31..
SBY  0:54:18 [wire_ipv4_next_packet_reference] engine_0: ##   0:00:03  Checking assumptions in step 32..
SBY  0:54:18 [wire_ipv4_next_packet_reference] engine_0: ##   0:00:03  Checking assertions in step 32..
SBY  0:54:19 [wire_ipv4_next_packet_reference] engine_0: ##   0:00:03  Checking assumptions in step 33..
SBY  0:54:19 [wire_ipv4_next_packet_reference] engine_0: ##   0:00:03  Checking assertions in step 33..
SBY  0:54:19 [wire_ipv4_next_packet_reference] engine_0: ##   0:00:04  Checking assumptions in step 34..
SBY  0:54:19 [wire_ipv4_next_packet_reference] engine_0: ##   0:00:04  Checking assertions in step 34..
SBY  0:54:20 [wire_ipv4_next_packet_reference] engine_0: ##   0:00:04  Checking assumptions in step 35..
SBY  0:54:20 [wire_ipv4_next_packet_reference] engine_0: ##   0:00:04  Checking assertions in step 35..
SBY  0:54:20 [wire_ipv4_next_packet_reference] engine_0: ##   0:00:05  Checking assumptions in step 36..
SBY  0:54:20 [wire_ipv4_next_packet_reference] engine_0: ##   0:00:05  Checking assertions in step 36..
SBY  0:54:21 [wire_ipv4_next_packet_reference] engine_0: ##   0:00:05  Checking assumptions in step 37..
SBY  0:54:21 [wire_ipv4_next_packet_reference] engine_0: ##   0:00:05  Checking assertions in step 37..
SBY  0:54:21 [wire_ipv4_next_packet_reference] engine_0: ##   0:00:06  Checking assumptions in step 38..
SBY  0:54:21 [wire_ipv4_next_packet_reference] engine_0: ##   0:00:06  Checking assertions in step 38..
SBY  0:54:22 [wire_ipv4_next_packet_reference] engine_0: ##   0:00:07  Checking assumptions in step 39..
SBY  0:54:22 [wire_ipv4_next_packet_reference] engine_0: ##   0:00:07  Checking assertions in step 39..
SBY  0:54:23 [wire_ipv4_next_packet_reference] engine_0: ##   0:00:08  Checking assumptions in step 40..
SBY  0:54:23 [wire_ipv4_next_packet_reference] engine_0: ##   0:00:08  Checking assertions in step 40..
SBY  0:54:24 [wire_ipv4_next_packet_reference] engine_0: ##   0:00:09  Checking assumptions in step 41..
SBY  0:54:24 [wire_ipv4_next_packet_reference] engine_0: ##   0:00:09  Checking assertions in step 41..
SBY  0:54:25 [wire_ipv4_next_packet_reference] engine_0: ##   0:00:10  Checking assumptions in step 42..
SBY  0:54:26 [wire_ipv4_next_packet_reference] engine_0: ##   0:00:10  Checking assertions in step 42..
SBY  0:54:27 [wire_ipv4_next_packet_reference] engine_0: ##   0:00:11  Checking assumptions in step 43..
SBY  0:54:27 [wire_ipv4_next_packet_reference] engine_0: ##   0:00:11  Checking assertions in step 43..
SBY  0:54:28 [wire_ipv4_next_packet_reference] engine_0: ##   0:00:12  Status: passed
SBY  0:54:28 [wire_ipv4_next_packet_reference] engine_0: finished (returncode=0)
SBY  0:54:28 [wire_ipv4_next_packet_reference] engine_0: Status returned by engine: pass
SBY  0:54:28 [wire_ipv4_next_packet_reference] summary: Elapsed clock time [H:MM:SS (secs)]: 0:00:13 (13)
SBY  0:54:28 [wire_ipv4_next_packet_reference] summary: Elapsed process time [H:MM:SS (secs)]: 0:00:12 (12)
SBY  0:54:28 [wire_ipv4_next_packet_reference] summary: engine_0 (smtbmc yices) returned pass
SBY  0:54:28 [wire_ipv4_next_packet_reference] summary: engine_0 did not produce any traces
SBY  0:54:28 [wire_ipv4_next_packet_reference] DONE (PASS, rc=0)
