SBY  0:54:40 [wire_ipv4_parser_prove] Removing directory '/Users/Dilan/Projects/wire-to-decision/formal/ipv4_parser/wire_ipv4_parser_prove'.
SBY  0:54:40 [wire_ipv4_parser_prove] Copy '/Users/Dilan/Projects/wire-to-decision/formal/ipv4_parser/../../rtl/arch_a/wire_ipv4_parser.sv' to '/Users/Dilan/Projects/wire-to-decision/formal/ipv4_parser/wire_ipv4_parser_prove/src/wire_ipv4_parser.sv'.
SBY  0:54:40 [wire_ipv4_parser_prove] Copy '/Users/Dilan/Projects/wire-to-decision/formal/ipv4_parser/wire_ipv4_parser_safety.sv' to '/Users/Dilan/Projects/wire-to-decision/formal/ipv4_parser/wire_ipv4_parser_prove/src/wire_ipv4_parser_safety.sv'.
SBY  0:54:40 [wire_ipv4_parser_prove] engine_0: smtbmc yices
SBY  0:54:40 [wire_ipv4_parser_prove] base: starting process "cd wire_ipv4_parser_prove/src; yosys -ql ../model/design.log ../model/design.ys"
SBY  0:54:40 [wire_ipv4_parser_prove] base: finished (returncode=0)
SBY  0:54:40 [wire_ipv4_parser_prove] prep: starting process "cd wire_ipv4_parser_prove/model; yosys -ql design_prep.log design_prep.ys"
SBY  0:54:40 [wire_ipv4_parser_prove] prep: finished (returncode=0)
SBY  0:54:40 [wire_ipv4_parser_prove] smt2: starting process "cd wire_ipv4_parser_prove/model; yosys -ql design_smt2.log design_smt2.ys"
SBY  0:54:40 [wire_ipv4_parser_prove] smt2: finished (returncode=0)
SBY  0:54:40 [wire_ipv4_parser_prove] engine_0: starting process "cd wire_ipv4_parser_prove; yosys-smtbmc -s yices --presat --unroll --noprogress -t 20  --append 0 --dump-vcd engine_0/trace.vcd --dump-yw engine_0/trace.yw --dump-vlogtb engine_0/trace_tb.v --dump-smtc engine_0/trace.smtc model/design_smt2.smt2"
SBY  0:54:40 [wire_ipv4_parser_prove] engine_0: ##   0:00:00  Solver: yices
SBY  0:54:40 [wire_ipv4_parser_prove] engine_0: ##   0:00:00  Checking assumptions in step 0..
SBY  0:54:40 [wire_ipv4_parser_prove] engine_0: ##   0:00:00  Checking assertions in step 0..
SBY  0:54:40 [wire_ipv4_parser_prove] engine_0: ##   0:00:00  Checking assumptions in step 1..
SBY  0:54:40 [wire_ipv4_parser_prove] engine_0: ##   0:00:00  Checking assertions in step 1..
SBY  0:54:40 [wire_ipv4_parser_prove] engine_0: ##   0:00:00  Checking assumptions in step 2..
SBY  0:54:40 [wire_ipv4_parser_prove] engine_0: ##   0:00:00  Checking assertions in step 2..
SBY  0:54:40 [wire_ipv4_parser_prove] engine_0: ##   0:00:00  Checking assumptions in step 3..
SBY  0:54:40 [wire_ipv4_parser_prove] engine_0: ##   0:00:00  Checking assertions in step 3..
SBY  0:54:40 [wire_ipv4_parser_prove] engine_0: ##   0:00:00  Checking assumptions in step 4..
SBY  0:54:40 [wire_ipv4_parser_prove] engine_0: ##   0:00:00  Checking assertions in step 4..
SBY  0:54:40 [wire_ipv4_parser_prove] engine_0: ##   0:00:00  Checking assumptions in step 5..
SBY  0:54:40 [wire_ipv4_parser_prove] engine_0: ##   0:00:00  Checking assertions in step 5..
SBY  0:54:40 [wire_ipv4_parser_prove] engine_0: ##   0:00:00  Checking assumptions in step 6..
SBY  0:54:40 [wire_ipv4_parser_prove] engine_0: ##   0:00:00  Checking assertions in step 6..
SBY  0:54:40 [wire_ipv4_parser_prove] engine_0: ##   0:00:00  Checking assumptions in step 7..
SBY  0:54:40 [wire_ipv4_parser_prove] engine_0: ##   0:00:00  Checking assertions in step 7..
SBY  0:54:40 [wire_ipv4_parser_prove] engine_0: ##   0:00:00  Checking assumptions in step 8..
SBY  0:54:40 [wire_ipv4_parser_prove] engine_0: ##   0:00:00  Checking assertions in step 8..
SBY  0:54:40 [wire_ipv4_parser_prove] engine_0: ##   0:00:00  Checking assumptions in step 9..
SBY  0:54:40 [wire_ipv4_parser_prove] engine_0: ##   0:00:00  Checking assertions in step 9..
SBY  0:54:40 [wire_ipv4_parser_prove] engine_0: ##   0:00:00  Checking assumptions in step 10..
SBY  0:54:40 [wire_ipv4_parser_prove] engine_0: ##   0:00:00  Checking assertions in step 10..
SBY  0:54:40 [wire_ipv4_parser_prove] engine_0: ##   0:00:00  Checking assumptions in step 11..
SBY  0:54:40 [wire_ipv4_parser_prove] engine_0: ##   0:00:00  Checking assertions in step 11..
SBY  0:54:40 [wire_ipv4_parser_prove] engine_0: ##   0:00:00  Checking assumptions in step 12..
SBY  0:54:40 [wire_ipv4_parser_prove] engine_0: ##   0:00:00  Checking assertions in step 12..
SBY  0:54:40 [wire_ipv4_parser_prove] engine_0: ##   0:00:00  Checking assumptions in step 13..
SBY  0:54:40 [wire_ipv4_parser_prove] engine_0: ##   0:00:00  Checking assertions in step 13..
SBY  0:54:40 [wire_ipv4_parser_prove] engine_0: ##   0:00:00  Checking assumptions in step 14..
SBY  0:54:40 [wire_ipv4_parser_prove] engine_0: ##   0:00:00  Checking assertions in step 14..
SBY  0:54:40 [wire_ipv4_parser_prove] engine_0: ##   0:00:00  Checking assumptions in step 15..
SBY  0:54:40 [wire_ipv4_parser_prove] engine_0: ##   0:00:00  Checking assertions in step 15..
SBY  0:54:40 [wire_ipv4_parser_prove] engine_0: ##   0:00:00  Checking assumptions in step 16..
SBY  0:54:40 [wire_ipv4_parser_prove] engine_0: ##   0:00:00  Checking assertions in step 16..
SBY  0:54:40 [wire_ipv4_parser_prove] engine_0: ##   0:00:00  Checking assumptions in step 17..
SBY  0:54:40 [wire_ipv4_parser_prove] engine_0: ##   0:00:00  Checking assertions in step 17..
SBY  0:54:40 [wire_ipv4_parser_prove] engine_0: ##   0:00:00  Checking assumptions in step 18..
SBY  0:54:40 [wire_ipv4_parser_prove] engine_0: ##   0:00:00  Checking assertions in step 18..
SBY  0:54:40 [wire_ipv4_parser_prove] engine_0: ##   0:00:00  Checking assumptions in step 19..
SBY  0:54:40 [wire_ipv4_parser_prove] engine_0: ##   0:00:00  Checking assertions in step 19..
SBY  0:54:40 [wire_ipv4_parser_prove] engine_0: ##   0:00:00  Status: passed
SBY  0:54:40 [wire_ipv4_parser_prove] engine_0: finished (returncode=0)
SBY  0:54:40 [wire_ipv4_parser_prove] engine_0: Status returned by engine: pass
SBY  0:54:40 [wire_ipv4_parser_prove] summary: Elapsed clock time [H:MM:SS (secs)]: 0:00:00 (0)
SBY  0:54:40 [wire_ipv4_parser_prove] summary: Elapsed process time [H:MM:SS (secs)]: 0:00:00 (0)
SBY  0:54:40 [wire_ipv4_parser_prove] summary: engine_0 (smtbmc yices) returned pass
SBY  0:54:40 [wire_ipv4_parser_prove] summary: engine_0 did not produce any traces
SBY  0:54:40 [wire_ipv4_parser_prove] DONE (PASS, rc=0)
