SBY  0:53:39 [formal/arch_a_parser/wire_arch_a_parser_safety] Removing directory '/Users/Dilan/Projects/wire-to-decision/formal/arch_a_parser/wire_arch_a_parser_safety'.
SBY  0:53:39 [formal/arch_a_parser/wire_arch_a_parser_safety] Copy '/Users/Dilan/Projects/wire-to-decision/rtl/common/wire_ingress_buffer.sv' to '/Users/Dilan/Projects/wire-to-decision/formal/arch_a_parser/wire_arch_a_parser_safety/src/wire_ingress_buffer.sv'.
SBY  0:53:39 [formal/arch_a_parser/wire_arch_a_parser_safety] Copy '/Users/Dilan/Projects/wire-to-decision/rtl/arch_a/wire_gearbox_64to8.sv' to '/Users/Dilan/Projects/wire-to-decision/formal/arch_a_parser/wire_arch_a_parser_safety/src/wire_gearbox_64to8.sv'.
SBY  0:53:39 [formal/arch_a_parser/wire_arch_a_parser_safety] Copy '/Users/Dilan/Projects/wire-to-decision/rtl/arch_a/wire_eth_parser.sv' to '/Users/Dilan/Projects/wire-to-decision/formal/arch_a_parser/wire_arch_a_parser_safety/src/wire_eth_parser.sv'.
SBY  0:53:39 [formal/arch_a_parser/wire_arch_a_parser_safety] Copy '/Users/Dilan/Projects/wire-to-decision/rtl/arch_a/wire_ipv4_parser.sv' to '/Users/Dilan/Projects/wire-to-decision/formal/arch_a_parser/wire_arch_a_parser_safety/src/wire_ipv4_parser.sv'.
SBY  0:53:39 [formal/arch_a_parser/wire_arch_a_parser_safety] Copy '/Users/Dilan/Projects/wire-to-decision/rtl/arch_a/wire_udp_parser.sv' to '/Users/Dilan/Projects/wire-to-decision/formal/arch_a_parser/wire_arch_a_parser_safety/src/wire_udp_parser.sv'.
SBY  0:53:39 [formal/arch_a_parser/wire_arch_a_parser_safety] Copy '/Users/Dilan/Projects/wire-to-decision/rtl/arch_a/wire_mold_header_seq.sv' to '/Users/Dilan/Projects/wire-to-decision/formal/arch_a_parser/wire_arch_a_parser_safety/src/wire_mold_header_seq.sv'.
SBY  0:53:39 [formal/arch_a_parser/wire_arch_a_parser_safety] Copy '/Users/Dilan/Projects/wire-to-decision/rtl/arch_a/wire_mold_message_framer.sv' to '/Users/Dilan/Projects/wire-to-decision/formal/arch_a_parser/wire_arch_a_parser_safety/src/wire_mold_message_framer.sv'.
SBY  0:53:39 [formal/arch_a_parser/wire_arch_a_parser_safety] Copy '/Users/Dilan/Projects/wire-to-decision/rtl/arch_a/wire_itch_decoder.sv' to '/Users/Dilan/Projects/wire-to-decision/formal/arch_a_parser/wire_arch_a_parser_safety/src/wire_itch_decoder.sv'.
SBY  0:53:39 [formal/arch_a_parser/wire_arch_a_parser_safety] Copy '/Users/Dilan/Projects/wire-to-decision/rtl/arch_a/wire_arch_a_parser_top.sv' to '/Users/Dilan/Projects/wire-to-decision/formal/arch_a_parser/wire_arch_a_parser_safety/src/wire_arch_a_parser_top.sv'.
SBY  0:53:39 [formal/arch_a_parser/wire_arch_a_parser_safety] Copy '/Users/Dilan/Projects/wire-to-decision/formal/arch_a_parser/wire_arch_a_parser_safety.sv' to '/Users/Dilan/Projects/wire-to-decision/formal/arch_a_parser/wire_arch_a_parser_safety/src/wire_arch_a_parser_safety.sv'.
SBY  0:53:39 [formal/arch_a_parser/wire_arch_a_parser_safety] engine_0: smtbmc yices
SBY  0:53:39 [formal/arch_a_parser/wire_arch_a_parser_safety] base: starting process "cd formal/arch_a_parser/wire_arch_a_parser_safety/src; yosys -ql ../model/design.log ../model/design.ys"
SBY  0:53:40 [formal/arch_a_parser/wire_arch_a_parser_safety] base: finished (returncode=0)
SBY  0:53:40 [formal/arch_a_parser/wire_arch_a_parser_safety] prep: starting process "cd formal/arch_a_parser/wire_arch_a_parser_safety/model; yosys -ql design_prep.log design_prep.ys"
SBY  0:53:40 [formal/arch_a_parser/wire_arch_a_parser_safety] prep: finished (returncode=0)
SBY  0:53:40 [formal/arch_a_parser/wire_arch_a_parser_safety] smt2: starting process "cd formal/arch_a_parser/wire_arch_a_parser_safety/model; yosys -ql design_smt2.log design_smt2.ys"
SBY  0:53:40 [formal/arch_a_parser/wire_arch_a_parser_safety] smt2: finished (returncode=0)
SBY  0:53:40 [formal/arch_a_parser/wire_arch_a_parser_safety] engine_0: starting process "cd formal/arch_a_parser/wire_arch_a_parser_safety; yosys-smtbmc -s yices --presat --unroll --noprogress -t 20  --append 0 --dump-vcd engine_0/trace.vcd --dump-yw engine_0/trace.yw --dump-vlogtb engine_0/trace_tb.v --dump-smtc engine_0/trace.smtc model/design_smt2.smt2"
SBY  0:53:40 [formal/arch_a_parser/wire_arch_a_parser_safety] engine_0: ##   0:00:00  Solver: yices
SBY  0:53:40 [formal/arch_a_parser/wire_arch_a_parser_safety] engine_0: ##   0:00:00  Checking assumptions in step 0..
SBY  0:53:40 [formal/arch_a_parser/wire_arch_a_parser_safety] engine_0: ##   0:00:00  Checking assertions in step 0..
SBY  0:53:40 [formal/arch_a_parser/wire_arch_a_parser_safety] engine_0: ##   0:00:00  Checking assumptions in step 1..
SBY  0:53:40 [formal/arch_a_parser/wire_arch_a_parser_safety] engine_0: ##   0:00:00  Checking assertions in step 1..
SBY  0:53:40 [formal/arch_a_parser/wire_arch_a_parser_safety] engine_0: ##   0:00:00  Checking assumptions in step 2..
SBY  0:53:40 [formal/arch_a_parser/wire_arch_a_parser_safety] engine_0: ##   0:00:00  Checking assertions in step 2..
SBY  0:53:40 [formal/arch_a_parser/wire_arch_a_parser_safety] engine_0: ##   0:00:00  Checking assumptions in step 3..
SBY  0:53:40 [formal/arch_a_parser/wire_arch_a_parser_safety] engine_0: ##   0:00:00  Checking assertions in step 3..
SBY  0:53:40 [formal/arch_a_parser/wire_arch_a_parser_safety] engine_0: ##   0:00:00  Checking assumptions in step 4..
SBY  0:53:40 [formal/arch_a_parser/wire_arch_a_parser_safety] engine_0: ##   0:00:00  Checking assertions in step 4..
SBY  0:53:40 [formal/arch_a_parser/wire_arch_a_parser_safety] engine_0: ##   0:00:00  Checking assumptions in step 5..
SBY  0:53:40 [formal/arch_a_parser/wire_arch_a_parser_safety] engine_0: ##   0:00:00  Checking assertions in step 5..
SBY  0:53:40 [formal/arch_a_parser/wire_arch_a_parser_safety] engine_0: ##   0:00:00  Checking assumptions in step 6..
SBY  0:53:40 [formal/arch_a_parser/wire_arch_a_parser_safety] engine_0: ##   0:00:00  Checking assertions in step 6..
SBY  0:53:40 [formal/arch_a_parser/wire_arch_a_parser_safety] engine_0: ##   0:00:00  Checking assumptions in step 7..
SBY  0:53:40 [formal/arch_a_parser/wire_arch_a_parser_safety] engine_0: ##   0:00:00  Checking assertions in step 7..
SBY  0:53:40 [formal/arch_a_parser/wire_arch_a_parser_safety] engine_0: ##   0:00:00  Checking assumptions in step 8..
SBY  0:53:40 [formal/arch_a_parser/wire_arch_a_parser_safety] engine_0: ##   0:00:00  Checking assertions in step 8..
SBY  0:53:40 [formal/arch_a_parser/wire_arch_a_parser_safety] engine_0: ##   0:00:00  Checking assumptions in step 9..
SBY  0:53:40 [formal/arch_a_parser/wire_arch_a_parser_safety] engine_0: ##   0:00:00  Checking assertions in step 9..
SBY  0:53:40 [formal/arch_a_parser/wire_arch_a_parser_safety] engine_0: ##   0:00:00  Checking assumptions in step 10..
SBY  0:53:40 [formal/arch_a_parser/wire_arch_a_parser_safety] engine_0: ##   0:00:00  Checking assertions in step 10..
SBY  0:53:40 [formal/arch_a_parser/wire_arch_a_parser_safety] engine_0: ##   0:00:00  Checking assumptions in step 11..
SBY  0:53:40 [formal/arch_a_parser/wire_arch_a_parser_safety] engine_0: ##   0:00:00  Checking assertions in step 11..
SBY  0:53:41 [formal/arch_a_parser/wire_arch_a_parser_safety] engine_0: ##   0:00:00  Checking assumptions in step 12..
SBY  0:53:41 [formal/arch_a_parser/wire_arch_a_parser_safety] engine_0: ##   0:00:00  Checking assertions in step 12..
SBY  0:53:41 [formal/arch_a_parser/wire_arch_a_parser_safety] engine_0: ##   0:00:00  Checking assumptions in step 13..
SBY  0:53:41 [formal/arch_a_parser/wire_arch_a_parser_safety] engine_0: ##   0:00:00  Checking assertions in step 13..
SBY  0:53:41 [formal/arch_a_parser/wire_arch_a_parser_safety] engine_0: ##   0:00:00  Checking assumptions in step 14..
SBY  0:53:41 [formal/arch_a_parser/wire_arch_a_parser_safety] engine_0: ##   0:00:00  Checking assertions in step 14..
SBY  0:53:41 [formal/arch_a_parser/wire_arch_a_parser_safety] engine_0: ##   0:00:00  Checking assumptions in step 15..
SBY  0:53:41 [formal/arch_a_parser/wire_arch_a_parser_safety] engine_0: ##   0:00:00  Checking assertions in step 15..
SBY  0:53:41 [formal/arch_a_parser/wire_arch_a_parser_safety] engine_0: ##   0:00:00  Checking assumptions in step 16..
SBY  0:53:41 [formal/arch_a_parser/wire_arch_a_parser_safety] engine_0: ##   0:00:01  Checking assertions in step 16..
SBY  0:53:41 [formal/arch_a_parser/wire_arch_a_parser_safety] engine_0: ##   0:00:01  Checking assumptions in step 17..
SBY  0:53:41 [formal/arch_a_parser/wire_arch_a_parser_safety] engine_0: ##   0:00:01  Checking assertions in step 17..
SBY  0:53:41 [formal/arch_a_parser/wire_arch_a_parser_safety] engine_0: ##   0:00:01  Checking assumptions in step 18..
SBY  0:53:41 [formal/arch_a_parser/wire_arch_a_parser_safety] engine_0: ##   0:00:01  Checking assertions in step 18..
SBY  0:53:42 [formal/arch_a_parser/wire_arch_a_parser_safety] engine_0: ##   0:00:01  Checking assumptions in step 19..
SBY  0:53:42 [formal/arch_a_parser/wire_arch_a_parser_safety] engine_0: ##   0:00:01  Checking assertions in step 19..
SBY  0:53:42 [formal/arch_a_parser/wire_arch_a_parser_safety] engine_0: ##   0:00:02  Status: passed
SBY  0:53:42 [formal/arch_a_parser/wire_arch_a_parser_safety] engine_0: finished (returncode=0)
SBY  0:53:42 [formal/arch_a_parser/wire_arch_a_parser_safety] engine_0: Status returned by engine: pass
SBY  0:53:42 [formal/arch_a_parser/wire_arch_a_parser_safety] summary: Elapsed clock time [H:MM:SS (secs)]: 0:00:02 (2)
SBY  0:53:42 [formal/arch_a_parser/wire_arch_a_parser_safety] summary: Elapsed process time [H:MM:SS (secs)]: 0:00:02 (2)
SBY  0:53:42 [formal/arch_a_parser/wire_arch_a_parser_safety] summary: engine_0 (smtbmc yices) returned pass
SBY  0:53:42 [formal/arch_a_parser/wire_arch_a_parser_safety] summary: engine_0 did not produce any traces
SBY  0:53:42 [formal/arch_a_parser/wire_arch_a_parser_safety] DONE (PASS, rc=0)
