SBY  0:55:03 [itch_unknown] Removing directory '/Users/Dilan/Projects/wire-to-decision/formal/itch_decoder/itch_unknown'.
SBY  0:55:03 [itch_unknown] Copy '/Users/Dilan/Projects/wire-to-decision/formal/itch_decoder/../../rtl/arch_a/wire_itch_decoder.sv' to '/Users/Dilan/Projects/wire-to-decision/formal/itch_decoder/itch_unknown/src/wire_itch_decoder.sv'.
SBY  0:55:03 [itch_unknown] Copy '/Users/Dilan/Projects/wire-to-decision/formal/itch_decoder/itch_fixed_case.sv' to '/Users/Dilan/Projects/wire-to-decision/formal/itch_decoder/itch_unknown/src/itch_fixed_case.sv'.
SBY  0:55:03 [itch_unknown] engine_0: smtbmc yices
SBY  0:55:03 [itch_unknown] base: starting process "cd itch_unknown/src; yosys -ql ../model/design.log ../model/design.ys"
SBY  0:55:03 [itch_unknown] base: Warning: Wire itch_fixed_case.\clk is used but has no driver.
SBY  0:55:03 [itch_unknown] base: finished (returncode=0)
SBY  0:55:03 [itch_unknown] prep: starting process "cd itch_unknown/model; yosys -ql design_prep.log design_prep.ys"
SBY  0:55:03 [itch_unknown] prep: Warning: Wire itch_fixed_case.\clk is used but has no driver.
SBY  0:55:03 [itch_unknown] prep: finished (returncode=0)
SBY  0:55:03 [itch_unknown] smt2: starting process "cd itch_unknown/model; yosys -ql design_smt2.log design_smt2.ys"
SBY  0:55:03 [itch_unknown] smt2: finished (returncode=0)
SBY  0:55:03 [itch_unknown] engine_0: starting process "cd itch_unknown; yosys-smtbmc -s yices --presat --unroll --noprogress -t 24  --append 0 --dump-vcd engine_0/trace.vcd --dump-yw engine_0/trace.yw --dump-vlogtb engine_0/trace_tb.v --dump-smtc engine_0/trace.smtc model/design_smt2.smt2"
SBY  0:55:03 [itch_unknown] engine_0: ##   0:00:00  Solver: yices
SBY  0:55:03 [itch_unknown] engine_0: ##   0:00:00  Checking assumptions in step 0..
SBY  0:55:03 [itch_unknown] engine_0: ##   0:00:00  Checking assertions in step 0..
SBY  0:55:03 [itch_unknown] engine_0: ##   0:00:00  Checking assumptions in step 1..
SBY  0:55:03 [itch_unknown] engine_0: ##   0:00:00  Checking assertions in step 1..
SBY  0:55:03 [itch_unknown] engine_0: ##   0:00:00  Checking assumptions in step 2..
SBY  0:55:03 [itch_unknown] engine_0: ##   0:00:00  Checking assertions in step 2..
SBY  0:55:03 [itch_unknown] engine_0: ##   0:00:00  Checking assumptions in step 3..
SBY  0:55:03 [itch_unknown] engine_0: ##   0:00:00  Checking assertions in step 3..
SBY  0:55:03 [itch_unknown] engine_0: ##   0:00:00  Checking assumptions in step 4..
SBY  0:55:03 [itch_unknown] engine_0: ##   0:00:00  Checking assertions in step 4..
SBY  0:55:03 [itch_unknown] engine_0: ##   0:00:00  Checking assumptions in step 5..
SBY  0:55:03 [itch_unknown] engine_0: ##   0:00:00  Checking assertions in step 5..
SBY  0:55:03 [itch_unknown] engine_0: ##   0:00:00  Checking assumptions in step 6..
SBY  0:55:03 [itch_unknown] engine_0: ##   0:00:00  Checking assertions in step 6..
SBY  0:55:03 [itch_unknown] engine_0: ##   0:00:00  Checking assumptions in step 7..
SBY  0:55:03 [itch_unknown] engine_0: ##   0:00:00  Checking assertions in step 7..
SBY  0:55:03 [itch_unknown] engine_0: ##   0:00:00  Checking assumptions in step 8..
SBY  0:55:03 [itch_unknown] engine_0: ##   0:00:00  Checking assertions in step 8..
SBY  0:55:03 [itch_unknown] engine_0: ##   0:00:00  Checking assumptions in step 9..
SBY  0:55:03 [itch_unknown] engine_0: ##   0:00:00  Checking assertions in step 9..
SBY  0:55:03 [itch_unknown] engine_0: ##   0:00:00  Checking assumptions in step 10..
SBY  0:55:03 [itch_unknown] engine_0: ##   0:00:00  Checking assertions in step 10..
SBY  0:55:03 [itch_unknown] engine_0: ##   0:00:00  Checking assumptions in step 11..
SBY  0:55:03 [itch_unknown] engine_0: ##   0:00:00  Checking assertions in step 11..
SBY  0:55:03 [itch_unknown] engine_0: ##   0:00:00  Checking assumptions in step 12..
SBY  0:55:03 [itch_unknown] engine_0: ##   0:00:00  Checking assertions in step 12..
SBY  0:55:03 [itch_unknown] engine_0: ##   0:00:00  Checking assumptions in step 13..
SBY  0:55:03 [itch_unknown] engine_0: ##   0:00:00  Checking assertions in step 13..
SBY  0:55:03 [itch_unknown] engine_0: ##   0:00:00  Checking assumptions in step 14..
SBY  0:55:03 [itch_unknown] engine_0: ##   0:00:00  Checking assertions in step 14..
SBY  0:55:03 [itch_unknown] engine_0: ##   0:00:00  Checking assumptions in step 15..
SBY  0:55:03 [itch_unknown] engine_0: ##   0:00:00  Checking assertions in step 15..
SBY  0:55:03 [itch_unknown] engine_0: ##   0:00:00  Checking assumptions in step 16..
SBY  0:55:03 [itch_unknown] engine_0: ##   0:00:00  Checking assertions in step 16..
SBY  0:55:03 [itch_unknown] engine_0: ##   0:00:00  Checking assumptions in step 17..
SBY  0:55:03 [itch_unknown] engine_0: ##   0:00:00  Checking assertions in step 17..
SBY  0:55:03 [itch_unknown] engine_0: ##   0:00:00  Checking assumptions in step 18..
SBY  0:55:03 [itch_unknown] engine_0: ##   0:00:00  Checking assertions in step 18..
SBY  0:55:04 [itch_unknown] engine_0: ##   0:00:00  Checking assumptions in step 19..
SBY  0:55:04 [itch_unknown] engine_0: ##   0:00:00  Checking assertions in step 19..
SBY  0:55:04 [itch_unknown] engine_0: ##   0:00:00  Checking assumptions in step 20..
SBY  0:55:04 [itch_unknown] engine_0: ##   0:00:00  Checking assertions in step 20..
SBY  0:55:04 [itch_unknown] engine_0: ##   0:00:00  Checking assumptions in step 21..
SBY  0:55:04 [itch_unknown] engine_0: ##   0:00:00  Checking assertions in step 21..
SBY  0:55:04 [itch_unknown] engine_0: ##   0:00:00  Checking assumptions in step 22..
SBY  0:55:04 [itch_unknown] engine_0: ##   0:00:00  Checking assertions in step 22..
SBY  0:55:04 [itch_unknown] engine_0: ##   0:00:00  Checking assumptions in step 23..
SBY  0:55:04 [itch_unknown] engine_0: ##   0:00:00  Checking assertions in step 23..
SBY  0:55:04 [itch_unknown] engine_0: ##   0:00:00  Status: passed
SBY  0:55:04 [itch_unknown] engine_0: finished (returncode=0)
SBY  0:55:04 [itch_unknown] engine_0: Status returned by engine: pass
SBY  0:55:04 [itch_unknown] summary: Elapsed clock time [H:MM:SS (secs)]: 0:00:00 (0)
SBY  0:55:04 [itch_unknown] summary: Elapsed process time [H:MM:SS (secs)]: 0:00:00 (0)
SBY  0:55:04 [itch_unknown] summary: engine_0 (smtbmc yices) returned pass
SBY  0:55:04 [itch_unknown] summary: engine_0 did not produce any traces
SBY  0:55:04 [itch_unknown] DONE (PASS, rc=0)
