SBY  0:54:53 [itch_empty] Removing directory '/Users/Dilan/Projects/wire-to-decision/formal/itch_decoder/itch_empty'.
SBY  0:54:53 [itch_empty] Copy '/Users/Dilan/Projects/wire-to-decision/formal/itch_decoder/../../rtl/arch_a/wire_itch_decoder.sv' to '/Users/Dilan/Projects/wire-to-decision/formal/itch_decoder/itch_empty/src/wire_itch_decoder.sv'.
SBY  0:54:53 [itch_empty] Copy '/Users/Dilan/Projects/wire-to-decision/formal/itch_decoder/itch_fixed_case.sv' to '/Users/Dilan/Projects/wire-to-decision/formal/itch_decoder/itch_empty/src/itch_fixed_case.sv'.
SBY  0:54:53 [itch_empty] engine_0: smtbmc yices
SBY  0:54:53 [itch_empty] base: starting process "cd itch_empty/src; yosys -ql ../model/design.log ../model/design.ys"
SBY  0:54:53 [itch_empty] base: Warning: Wire itch_fixed_case.\clk is used but has no driver.
SBY  0:54:53 [itch_empty] base: finished (returncode=0)
SBY  0:54:53 [itch_empty] prep: starting process "cd itch_empty/model; yosys -ql design_prep.log design_prep.ys"
SBY  0:54:53 [itch_empty] prep: Warning: Wire itch_fixed_case.\clk is used but has no driver.
SBY  0:54:53 [itch_empty] prep: finished (returncode=0)
SBY  0:54:53 [itch_empty] smt2: starting process "cd itch_empty/model; yosys -ql design_smt2.log design_smt2.ys"
SBY  0:54:53 [itch_empty] smt2: finished (returncode=0)
SBY  0:54:53 [itch_empty] engine_0: starting process "cd itch_empty; yosys-smtbmc -s yices --presat --unroll --noprogress -t 12  --append 0 --dump-vcd engine_0/trace.vcd --dump-yw engine_0/trace.yw --dump-vlogtb engine_0/trace_tb.v --dump-smtc engine_0/trace.smtc model/design_smt2.smt2"
SBY  0:54:53 [itch_empty] engine_0: ##   0:00:00  Solver: yices
SBY  0:54:54 [itch_empty] engine_0: ##   0:00:00  Checking assumptions in step 0..
SBY  0:54:54 [itch_empty] engine_0: ##   0:00:00  Checking assertions in step 0..
SBY  0:54:54 [itch_empty] engine_0: ##   0:00:00  Checking assumptions in step 1..
SBY  0:54:54 [itch_empty] engine_0: ##   0:00:00  Checking assertions in step 1..
SBY  0:54:54 [itch_empty] engine_0: ##   0:00:00  Checking assumptions in step 2..
SBY  0:54:54 [itch_empty] engine_0: ##   0:00:00  Checking assertions in step 2..
SBY  0:54:54 [itch_empty] engine_0: ##   0:00:00  Checking assumptions in step 3..
SBY  0:54:54 [itch_empty] engine_0: ##   0:00:00  Checking assertions in step 3..
SBY  0:54:54 [itch_empty] engine_0: ##   0:00:00  Checking assumptions in step 4..
SBY  0:54:54 [itch_empty] engine_0: ##   0:00:00  Checking assertions in step 4..
SBY  0:54:54 [itch_empty] engine_0: ##   0:00:00  Checking assumptions in step 5..
SBY  0:54:54 [itch_empty] engine_0: ##   0:00:00  Checking assertions in step 5..
SBY  0:54:54 [itch_empty] engine_0: ##   0:00:00  Checking assumptions in step 6..
SBY  0:54:54 [itch_empty] engine_0: ##   0:00:00  Checking assertions in step 6..
SBY  0:54:54 [itch_empty] engine_0: ##   0:00:00  Checking assumptions in step 7..
SBY  0:54:54 [itch_empty] engine_0: ##   0:00:00  Checking assertions in step 7..
SBY  0:54:54 [itch_empty] engine_0: ##   0:00:00  Checking assumptions in step 8..
SBY  0:54:54 [itch_empty] engine_0: ##   0:00:00  Checking assertions in step 8..
SBY  0:54:54 [itch_empty] engine_0: ##   0:00:00  Checking assumptions in step 9..
SBY  0:54:54 [itch_empty] engine_0: ##   0:00:00  Checking assertions in step 9..
SBY  0:54:54 [itch_empty] engine_0: ##   0:00:00  Checking assumptions in step 10..
SBY  0:54:54 [itch_empty] engine_0: ##   0:00:00  Checking assertions in step 10..
SBY  0:54:54 [itch_empty] engine_0: ##   0:00:00  Checking assumptions in step 11..
SBY  0:54:54 [itch_empty] engine_0: ##   0:00:00  Checking assertions in step 11..
SBY  0:54:54 [itch_empty] engine_0: ##   0:00:00  Status: passed
SBY  0:54:54 [itch_empty] engine_0: finished (returncode=0)
SBY  0:54:54 [itch_empty] engine_0: Status returned by engine: pass
SBY  0:54:54 [itch_empty] summary: Elapsed clock time [H:MM:SS (secs)]: 0:00:00 (0)
SBY  0:54:54 [itch_empty] summary: Elapsed process time [H:MM:SS (secs)]: 0:00:00 (0)
SBY  0:54:54 [itch_empty] summary: engine_0 (smtbmc yices) returned pass
SBY  0:54:54 [itch_empty] summary: engine_0 did not produce any traces
SBY  0:54:54 [itch_empty] DONE (PASS, rc=0)
