SBY  0:57:01 [formal/ingress_buffer/wire_ingress_buffer_reference_bmc] Removing directory '/Users/Dilan/Projects/wire-to-decision/formal/ingress_buffer/wire_ingress_buffer_reference_bmc'.
SBY  0:57:01 [formal/ingress_buffer/wire_ingress_buffer_reference_bmc] Copy '/Users/Dilan/Projects/wire-to-decision/rtl/common/wire_ingress_buffer.sv' to '/Users/Dilan/Projects/wire-to-decision/formal/ingress_buffer/wire_ingress_buffer_reference_bmc/src/wire_ingress_buffer.sv'.
SBY  0:57:01 [formal/ingress_buffer/wire_ingress_buffer_reference_bmc] Copy '/Users/Dilan/Projects/wire-to-decision/formal/ingress_buffer/wire_ingress_buffer_reference.sv' to '/Users/Dilan/Projects/wire-to-decision/formal/ingress_buffer/wire_ingress_buffer_reference_bmc/src/wire_ingress_buffer_reference.sv'.
SBY  0:57:01 [formal/ingress_buffer/wire_ingress_buffer_reference_bmc] engine_0: smtbmc yices
SBY  0:57:01 [formal/ingress_buffer/wire_ingress_buffer_reference_bmc] base: starting process "cd formal/ingress_buffer/wire_ingress_buffer_reference_bmc/src; yosys -ql ../model/design.log ../model/design.ys"
SBY  0:57:01 [formal/ingress_buffer/wire_ingress_buffer_reference_bmc] base: finished (returncode=0)
SBY  0:57:01 [formal/ingress_buffer/wire_ingress_buffer_reference_bmc] prep: starting process "cd formal/ingress_buffer/wire_ingress_buffer_reference_bmc/model; yosys -ql design_prep.log design_prep.ys"
SBY  0:57:01 [formal/ingress_buffer/wire_ingress_buffer_reference_bmc] prep: finished (returncode=0)
SBY  0:57:01 [formal/ingress_buffer/wire_ingress_buffer_reference_bmc] smt2: starting process "cd formal/ingress_buffer/wire_ingress_buffer_reference_bmc/model; yosys -ql design_smt2.log design_smt2.ys"
SBY  0:57:01 [formal/ingress_buffer/wire_ingress_buffer_reference_bmc] smt2: finished (returncode=0)
SBY  0:57:01 [formal/ingress_buffer/wire_ingress_buffer_reference_bmc] engine_0: starting process "cd formal/ingress_buffer/wire_ingress_buffer_reference_bmc; yosys-smtbmc -s yices --presat --unroll --noprogress -t 10  --append 0 --dump-vcd engine_0/trace.vcd --dump-yw engine_0/trace.yw --dump-vlogtb engine_0/trace_tb.v --dump-smtc engine_0/trace.smtc model/design_smt2.smt2"
SBY  0:57:01 [formal/ingress_buffer/wire_ingress_buffer_reference_bmc] engine_0: ##   0:00:00  Solver: yices
SBY  0:57:01 [formal/ingress_buffer/wire_ingress_buffer_reference_bmc] engine_0: ##   0:00:00  Checking assumptions in step 0..
SBY  0:57:01 [formal/ingress_buffer/wire_ingress_buffer_reference_bmc] engine_0: ##   0:00:00  Checking assertions in step 0..
SBY  0:57:01 [formal/ingress_buffer/wire_ingress_buffer_reference_bmc] engine_0: ##   0:00:00  Checking assumptions in step 1..
SBY  0:57:01 [formal/ingress_buffer/wire_ingress_buffer_reference_bmc] engine_0: ##   0:00:00  Checking assertions in step 1..
SBY  0:57:01 [formal/ingress_buffer/wire_ingress_buffer_reference_bmc] engine_0: ##   0:00:00  Checking assumptions in step 2..
SBY  0:57:01 [formal/ingress_buffer/wire_ingress_buffer_reference_bmc] engine_0: ##   0:00:00  Checking assertions in step 2..
SBY  0:57:01 [formal/ingress_buffer/wire_ingress_buffer_reference_bmc] engine_0: ##   0:00:00  Checking assumptions in step 3..
SBY  0:57:01 [formal/ingress_buffer/wire_ingress_buffer_reference_bmc] engine_0: ##   0:00:00  Checking assertions in step 3..
SBY  0:57:01 [formal/ingress_buffer/wire_ingress_buffer_reference_bmc] engine_0: ##   0:00:00  Checking assumptions in step 4..
SBY  0:57:01 [formal/ingress_buffer/wire_ingress_buffer_reference_bmc] engine_0: ##   0:00:00  Checking assertions in step 4..
SBY  0:57:01 [formal/ingress_buffer/wire_ingress_buffer_reference_bmc] engine_0: ##   0:00:00  Checking assumptions in step 5..
SBY  0:57:01 [formal/ingress_buffer/wire_ingress_buffer_reference_bmc] engine_0: ##   0:00:00  Checking assertions in step 5..
SBY  0:57:02 [formal/ingress_buffer/wire_ingress_buffer_reference_bmc] engine_0: ##   0:00:00  Checking assumptions in step 6..
SBY  0:57:02 [formal/ingress_buffer/wire_ingress_buffer_reference_bmc] engine_0: ##   0:00:00  Checking assertions in step 6..
SBY  0:57:03 [formal/ingress_buffer/wire_ingress_buffer_reference_bmc] engine_0: ##   0:00:01  Checking assumptions in step 7..
SBY  0:57:03 [formal/ingress_buffer/wire_ingress_buffer_reference_bmc] engine_0: ##   0:00:01  Checking assertions in step 7..
SBY  0:57:04 [formal/ingress_buffer/wire_ingress_buffer_reference_bmc] engine_0: ##   0:00:03  Checking assumptions in step 8..
SBY  0:57:04 [formal/ingress_buffer/wire_ingress_buffer_reference_bmc] engine_0: ##   0:00:03  Checking assertions in step 8..
SBY  0:57:07 [formal/ingress_buffer/wire_ingress_buffer_reference_bmc] engine_0: ##   0:00:06  Checking assumptions in step 9..
SBY  0:57:07 [formal/ingress_buffer/wire_ingress_buffer_reference_bmc] engine_0: ##   0:00:06  Checking assertions in step 9..
SBY  0:57:12 [formal/ingress_buffer/wire_ingress_buffer_reference_bmc] engine_0: ##   0:00:10  Status: passed
SBY  0:57:12 [formal/ingress_buffer/wire_ingress_buffer_reference_bmc] engine_0: finished (returncode=0)
SBY  0:57:12 [formal/ingress_buffer/wire_ingress_buffer_reference_bmc] engine_0: Status returned by engine: pass
SBY  0:57:12 [formal/ingress_buffer/wire_ingress_buffer_reference_bmc] summary: Elapsed clock time [H:MM:SS (secs)]: 0:00:10 (10)
SBY  0:57:12 [formal/ingress_buffer/wire_ingress_buffer_reference_bmc] summary: Elapsed process time [H:MM:SS (secs)]: 0:00:10 (10)
SBY  0:57:12 [formal/ingress_buffer/wire_ingress_buffer_reference_bmc] summary: engine_0 (smtbmc yices) returned pass
SBY  0:57:12 [formal/ingress_buffer/wire_ingress_buffer_reference_bmc] summary: engine_0 did not produce any traces
SBY  0:57:12 [formal/ingress_buffer/wire_ingress_buffer_reference_bmc] DONE (PASS, rc=0)
