rm -f results.xml
"/Applications/Xcode.app/Contents/Developer/usr/bin/make" -f Makefile results.xml
mkdir -p sim_build
/Users/Dilan/eda/wire-to-decision/oss-cad-suite/bin/verilator -cc --exe -Mdir sim_build --top-module wire_udp_parser --language 1800-2012 --timescale 1ns/1ps --vpi --public-flat-rw --prefix Vtop -o Vtop -LDFLAGS "-Wl,-rpath,/Users/Dilan/eda/wire-to-decision/oss-cad-suite/lib/python3.11/site-packages/cocotb-2.1.0.dev0+41564633-py3.11-darwin-aarch64.egg/cocotb/libs -L/Users/Dilan/eda/wire-to-decision/oss-cad-suite/lib/python3.11/site-packages/cocotb-2.1.0.dev0+41564633-py3.11-darwin-aarch64.egg/cocotb/libs -lcocotbvpi_verilator"  /Users/Dilan/Projects/wire-to-decision/rtl/arch_a/wire_udp_parser.sv /Users/Dilan/eda/wire-to-decision/oss-cad-suite/lib/python3.11/site-packages/cocotb-2.1.0.dev0+41564633-py3.11-darwin-aarch64.egg/cocotb/share/lib/verilator/verilator.cpp
- V e r i l a t i o n   R e p o r t: Verilator 5.053 devel rev v5.052-119-g014c9820d (mod)
- Verilator: Built from 0.043 MB sources in 3 modules, into 0.071 MB in 6 C++ files needing 0.000 MB
- Verilator: Walltime 0.033 s (elab=0.006, cvt=0.013, bld=0.000); cpu 0.017 s on 1 threads; allocated 12.547 MB
/Applications/Xcode.app/Contents/Developer/usr/bin/make -C sim_build  -f Vtop.mk
g++  -I.  -MMD -I/Users/Dilan/eda/wire-to-decision/oss-cad-suite/share/verilator/include -I/Users/Dilan/eda/wire-to-decision/oss-cad-suite/share/verilator/include/vltstd -DVERILATOR=1 -DVM_COVERAGE=0 -DVM_SC=0 -DVM_TIMING=0 -DVM_TRACE=0 -DVM_TRACE_FST=0 -DVM_TRACE_VCD=0 -DVM_TRACE_SAIF=0 -DVM_VPI=1 -faligned-new -fbracket-depth=4096 -fcf-protection=none -Xclang -fno-pch-timestamp -Qunused-arguments  -Wno-c++11-narrowing -Wno-constant-logical-operand -Wno-int-in-bool-context -Wno-non-pod-varargs -Wno-parentheses-equality -Wno-shadow -Wno-sign-compare  -Wno-tautological-compare -Wno-uninitialized -Wno-unnecessary-virtual-specifier -Wno-unused-but-set-parameter -Wno-unused-but-set-variable -Wno-unused-parameter -Wno-unused-variable -Wno-vla-cxx-extension  -DVM_PREFIX_INCLUDE="<Vtop.h>" -DVM_PREFIX_INCLUDE_DPI="<Vtop__Dpi.h>"     -Os  -c -o verilator.o /Users/Dilan/eda/wire-to-decision/oss-cad-suite/lib/python3.11/site-packages/cocotb-2.1.0.dev0+41564633-py3.11-darwin-aarch64.egg/cocotb/share/lib/verilator/verilator.cpp
g++ -Os  -I.  -MMD -I/Users/Dilan/eda/wire-to-decision/oss-cad-suite/share/verilator/include -I/Users/Dilan/eda/wire-to-decision/oss-cad-suite/share/verilator/include/vltstd -DVERILATOR=1 -DVM_COVERAGE=0 -DVM_SC=0 -DVM_TIMING=0 -DVM_TRACE=0 -DVM_TRACE_FST=0 -DVM_TRACE_VCD=0 -DVM_TRACE_SAIF=0 -DVM_VPI=1 -faligned-new -fbracket-depth=4096 -fcf-protection=none -Xclang -fno-pch-timestamp -Qunused-arguments  -Wno-c++11-narrowing -Wno-constant-logical-operand -Wno-int-in-bool-context -Wno-non-pod-varargs -Wno-parentheses-equality -Wno-shadow -Wno-sign-compare  -Wno-tautological-compare -Wno-uninitialized -Wno-unnecessary-virtual-specifier -Wno-unused-but-set-parameter -Wno-unused-but-set-variable -Wno-unused-parameter -Wno-unused-variable -Wno-vla-cxx-extension  -DVM_PREFIX_INCLUDE="<Vtop.h>" -DVM_PREFIX_INCLUDE_DPI="<Vtop__Dpi.h>"     -c -o verilated.o /Users/Dilan/eda/wire-to-decision/oss-cad-suite/share/verilator/include/verilated.cpp
g++ -Os  -I.  -MMD -I/Users/Dilan/eda/wire-to-decision/oss-cad-suite/share/verilator/include -I/Users/Dilan/eda/wire-to-decision/oss-cad-suite/share/verilator/include/vltstd -DVERILATOR=1 -DVM_COVERAGE=0 -DVM_SC=0 -DVM_TIMING=0 -DVM_TRACE=0 -DVM_TRACE_FST=0 -DVM_TRACE_VCD=0 -DVM_TRACE_SAIF=0 -DVM_VPI=1 -faligned-new -fbracket-depth=4096 -fcf-protection=none -Xclang -fno-pch-timestamp -Qunused-arguments  -Wno-c++11-narrowing -Wno-constant-logical-operand -Wno-int-in-bool-context -Wno-non-pod-varargs -Wno-parentheses-equality -Wno-shadow -Wno-sign-compare  -Wno-tautological-compare -Wno-uninitialized -Wno-unnecessary-virtual-specifier -Wno-unused-but-set-parameter -Wno-unused-but-set-variable -Wno-unused-parameter -Wno-unused-variable -Wno-vla-cxx-extension  -DVM_PREFIX_INCLUDE="<Vtop.h>" -DVM_PREFIX_INCLUDE_DPI="<Vtop__Dpi.h>"     -c -o verilated_dpi.o /Users/Dilan/eda/wire-to-decision/oss-cad-suite/share/verilator/include/verilated_dpi.cpp
g++ -Os  -I.  -MMD -I/Users/Dilan/eda/wire-to-decision/oss-cad-suite/share/verilator/include -I/Users/Dilan/eda/wire-to-decision/oss-cad-suite/share/verilator/include/vltstd -DVERILATOR=1 -DVM_COVERAGE=0 -DVM_SC=0 -DVM_TIMING=0 -DVM_TRACE=0 -DVM_TRACE_FST=0 -DVM_TRACE_VCD=0 -DVM_TRACE_SAIF=0 -DVM_VPI=1 -faligned-new -fbracket-depth=4096 -fcf-protection=none -Xclang -fno-pch-timestamp -Qunused-arguments  -Wno-c++11-narrowing -Wno-constant-logical-operand -Wno-int-in-bool-context -Wno-non-pod-varargs -Wno-parentheses-equality -Wno-shadow -Wno-sign-compare  -Wno-tautological-compare -Wno-uninitialized -Wno-unnecessary-virtual-specifier -Wno-unused-but-set-parameter -Wno-unused-but-set-variable -Wno-unused-parameter -Wno-unused-variable -Wno-vla-cxx-extension  -DVM_PREFIX_INCLUDE="<Vtop.h>" -DVM_PREFIX_INCLUDE_DPI="<Vtop__Dpi.h>"     -c -o verilated_vpi.o /Users/Dilan/eda/wire-to-decision/oss-cad-suite/share/verilator/include/verilated_vpi.cpp
g++ -Os  -I.  -MMD -I/Users/Dilan/eda/wire-to-decision/oss-cad-suite/share/verilator/include -I/Users/Dilan/eda/wire-to-decision/oss-cad-suite/share/verilator/include/vltstd -DVERILATOR=1 -DVM_COVERAGE=0 -DVM_SC=0 -DVM_TIMING=0 -DVM_TRACE=0 -DVM_TRACE_FST=0 -DVM_TRACE_VCD=0 -DVM_TRACE_SAIF=0 -DVM_VPI=1 -faligned-new -fbracket-depth=4096 -fcf-protection=none -Xclang -fno-pch-timestamp -Qunused-arguments  -Wno-c++11-narrowing -Wno-constant-logical-operand -Wno-int-in-bool-context -Wno-non-pod-varargs -Wno-parentheses-equality -Wno-shadow -Wno-sign-compare  -Wno-tautological-compare -Wno-uninitialized -Wno-unnecessary-virtual-specifier -Wno-unused-but-set-parameter -Wno-unused-but-set-variable -Wno-unused-parameter -Wno-unused-variable -Wno-vla-cxx-extension  -DVM_PREFIX_INCLUDE="<Vtop.h>" -DVM_PREFIX_INCLUDE_DPI="<Vtop__Dpi.h>"     -c -o verilated_threads.o /Users/Dilan/eda/wire-to-decision/oss-cad-suite/share/verilator/include/verilated_threads.cpp
python3 /Users/Dilan/eda/wire-to-decision/oss-cad-suite/share/verilator/bin/verilator_includer -DVL_INCLUDE_OPT=include Vtop.cpp Vtop___024root__0.cpp Vtop__Dpi.cpp Vtop___024root__Slow.cpp Vtop___024root__0__Slow.cpp Vtop__Syms__Slow.cpp > Vtop__ALL.cpp
g++ -Os  -I.  -MMD -I/Users/Dilan/eda/wire-to-decision/oss-cad-suite/share/verilator/include -I/Users/Dilan/eda/wire-to-decision/oss-cad-suite/share/verilator/include/vltstd -DVERILATOR=1 -DVM_COVERAGE=0 -DVM_SC=0 -DVM_TIMING=0 -DVM_TRACE=0 -DVM_TRACE_FST=0 -DVM_TRACE_VCD=0 -DVM_TRACE_SAIF=0 -DVM_VPI=1 -faligned-new -fbracket-depth=4096 -fcf-protection=none -Xclang -fno-pch-timestamp -Qunused-arguments  -Wno-c++11-narrowing -Wno-constant-logical-operand -Wno-int-in-bool-context -Wno-non-pod-varargs -Wno-parentheses-equality -Wno-shadow -Wno-sign-compare  -Wno-tautological-compare -Wno-uninitialized -Wno-unnecessary-virtual-specifier -Wno-unused-but-set-parameter -Wno-unused-but-set-variable -Wno-unused-parameter -Wno-unused-variable -Wno-vla-cxx-extension  -DVM_PREFIX_INCLUDE="<Vtop.h>" -DVM_PREFIX_INCLUDE_DPI="<Vtop__Dpi.h>"     -c -o Vtop__ALL.o Vtop__ALL.cpp
g++  -Wl,-U,__Z15vl_time_stamp64v,-U,__Z13sc_time_stampv,-U,_vlog_startup_routines   -rdynamic verilator.o verilated.o verilated_dpi.o verilated_vpi.o verilated_threads.o Vtop__ALL.a   -Wl,-rpath,/Users/Dilan/eda/wire-to-decision/oss-cad-suite/lib/python3.11/site-packages/cocotb-2.1.0.dev0+41564633-py3.11-darwin-aarch64.egg/cocotb/libs -L/Users/Dilan/eda/wire-to-decision/oss-cad-suite/lib/python3.11/site-packages/cocotb-2.1.0.dev0+41564633-py3.11-darwin-aarch64.egg/cocotb/libs -lcocotbvpi_verilator  -pthread -lpthread -ldl   -o Vtop
rm Vtop__ALL.verilator_deplist.tmp
rm -f results.xml
COCOTB_TEST_MODULES=test_udp_parser COCOTB_TESTCASE= COCOTB_TEST_FILTER= COCOTB_TOPLEVEL=wire_udp_parser TOPLEVEL_LANG=verilog \
         sim_build/Vtop
     -.--ns INFO     gpi                                ../gpi/GpiCommon.cpp:217  in gpi_load_users                  Running entry func 'initialize' from loaded library '/Users/Dilan/eda/wire-to-decision/oss-cad-suite/lib/python3.11/site-packages/cocotb-2.1.0.dev0+41564633-py3.11-darwin-aarch64.egg/cocotb/libs/libcocotb.so'
     -.--ns INFO     gpi                                ..mbed/gpi_embed.cpp:97   in initialize                      Using Python 3.11.6 interpreter at /Users/Dilan/eda/wire-to-decision/oss-cad-suite/bin/tabbypy3
     0.00ns INFO     cocotb                             Running on Verilator version 5.053 devel
     0.00ns INFO     cocotb                             Seeding Python random module with 1790632329
     0.00ns INFO     cocotb                             Initialized cocotb v2.1.0.dev0+41564633 from /Users/Dilan/eda/wire-to-decision/oss-cad-suite/lib/python3.11/site-packages/cocotb-2.1.0.dev0+41564633-py3.11-darwin-aarch64.egg/cocotb
     0.00ns INFO     cocotb                             Running tests
     0.00ns INFO     cocotb.regression                  running test_udp_parser.test_valid_source_independence_and_endianness (1/5)
     0.00ns WARNING  py.warnings                        /Users/Dilan/Projects/wire-to-decision/tb/udp_parser/test_udp_parser.py:91: DeprecationWarning: The 'units' argument has been renamed to 'unit'.
                                                          cocotb.start_soon(Clock(dut.clk, 10, units="ns").start())
    10.00ns WARNING  py.warnings                        /Users/Dilan/Projects/wire-to-decision/tb/udp_parser/test_udp_parser.py:43: DeprecationWarning: The 'units' argument has been renamed to 'unit'.
                                                          await Timer(1, units="ns")
    11.00ns WARNING  py.warnings                        /Users/Dilan/Projects/wire-to-decision/tb/udp_parser/test_udp_parser.py:62: DeprecationWarning: The 'units' argument has been renamed to 'unit'.
                                                          await Timer(1, units="ns")
   580.00ns INFO     cocotb.regression                  test_udp_parser.test_valid_source_independence_and_endianness passed
   580.00ns INFO     cocotb.regression                  running test_udp_parser.test_header_truncation_and_lower_length (2/5)
   580.00ns WARNING  py.warnings                        /Users/Dilan/Projects/wire-to-decision/tb/udp_parser/test_udp_parser.py:102: DeprecationWarning: The 'units' argument has been renamed to 'unit'.
                                                          cocotb.start_soon(Clock(dut.clk, 10, units="ns").start())
  1900.00ns INFO     cocotb.regression                  test_udp_parser.test_header_truncation_and_lower_length passed
  1900.00ns INFO     cocotb.regression                  running test_udp_parser.test_length_priority_and_filters (3/5)
  1900.00ns WARNING  py.warnings                        /Users/Dilan/Projects/wire-to-decision/tb/udp_parser/test_udp_parser.py:114: DeprecationWarning: The 'units' argument has been renamed to 'unit'.
                                                          cocotb.start_soon(Clock(dut.clk, 10, units="ns").start())
  3800.00ns INFO     cocotb.regression                  test_udp_parser.test_length_priority_and_filters passed
  3800.00ns INFO     cocotb.regression                  running test_udp_parser.test_stalls_and_back_to_back (4/5)
  3800.00ns WARNING  py.warnings                        /Users/Dilan/Projects/wire-to-decision/tb/udp_parser/test_udp_parser.py:141: DeprecationWarning: The 'units' argument has been renamed to 'unit'.
                                                          cocotb.start_soon(Clock(dut.clk, 10, units="ns").start())
  4390.00ns INFO     cocotb.regression                  test_udp_parser.test_stalls_and_back_to_back passed
  4390.00ns INFO     cocotb.regression                  running test_udp_parser.test_deterministic_random_cases (5/5)
  4390.00ns WARNING  py.warnings                        /Users/Dilan/Projects/wire-to-decision/tb/udp_parser/test_udp_parser.py:151: DeprecationWarning: The 'units' argument has been renamed to 'unit'.
                                                          cocotb.start_soon(Clock(dut.clk, 10, units="ns").start())
 11940.00ns INFO     cocotb.regression                  test_udp_parser.test_deterministic_random_cases passed
 11940.00ns INFO     cocotb.regression                  ***********************************************************************************************************************
                                                        ** TEST                                                           STATUS  SIM TIME (ns)  REAL TIME (s)  RATIO (ns/s) **
                                                        ***********************************************************************************************************************
                                                        ** test_udp_parser.test_valid_source_independence_and_endianness   PASS         580.00           0.00     217476.87  **
                                                        ** test_udp_parser.test_header_truncation_and_lower_length         PASS        1320.00           0.00     300210.46  **
                                                        ** test_udp_parser.test_length_priority_and_filters                PASS        1900.00           0.01     299739.63  **
                                                        ** test_udp_parser.test_stalls_and_back_to_back                    PASS         590.00           0.00     269187.36  **
                                                        ** test_udp_parser.test_deterministic_random_cases                 PASS        7550.00           0.03     295059.77  **
                                                        ***********************************************************************************************************************
                                                        ** TESTS=5 PASS=5 FAIL=0 SKIP=0                                               11940.00           0.05     263087.42  **
                                                        ***********************************************************************************************************************
- :0: Verilog $finish
