SBY 22:51:25 [wire_udp_parser_header3] Removing directory '/Users/Dilan/Projects/wire-to-decision/formal/udp_parser/wire_udp_parser_header3'.
SBY 22:51:25 [wire_udp_parser_header3] Copy '/Users/Dilan/Projects/wire-to-decision/formal/udp_parser/../../rtl/arch_a/wire_udp_parser.sv' to '/Users/Dilan/Projects/wire-to-decision/formal/udp_parser/wire_udp_parser_header3/src/wire_udp_parser.sv'.
SBY 22:51:25 [wire_udp_parser_header3] Copy '/Users/Dilan/Projects/wire-to-decision/formal/udp_parser/wire_udp_parser_formal.sv' to '/Users/Dilan/Projects/wire-to-decision/formal/udp_parser/wire_udp_parser_header3/src/wire_udp_parser_formal.sv'.
SBY 22:51:25 [wire_udp_parser_header3] engine_0: smtbmc yices
SBY 22:51:25 [wire_udp_parser_header3] base: starting process "cd wire_udp_parser_header3/src; yosys -ql ../model/design.log ../model/design.ys"
SBY 22:51:25 [wire_udp_parser_header3] base: finished (returncode=0)
SBY 22:51:25 [wire_udp_parser_header3] prep: starting process "cd wire_udp_parser_header3/model; yosys -ql design_prep.log design_prep.ys"
SBY 22:51:25 [wire_udp_parser_header3] prep: finished (returncode=0)
SBY 22:51:25 [wire_udp_parser_header3] smt2: starting process "cd wire_udp_parser_header3/model; yosys -ql design_smt2.log design_smt2.ys"
SBY 22:51:25 [wire_udp_parser_header3] smt2: finished (returncode=0)
SBY 22:51:25 [wire_udp_parser_header3] engine_0: starting process "cd wire_udp_parser_header3; yosys-smtbmc -s yices --presat --unroll --noprogress -t 20  --append 0 --dump-vcd engine_0/trace.vcd --dump-yw engine_0/trace.yw --dump-vlogtb engine_0/trace_tb.v --dump-smtc engine_0/trace.smtc model/design_smt2.smt2"
SBY 22:51:26 [wire_udp_parser_header3] engine_0: ##   0:00:00  Solver: yices
SBY 22:51:26 [wire_udp_parser_header3] engine_0: ##   0:00:00  Checking assumptions in step 0..
SBY 22:51:26 [wire_udp_parser_header3] engine_0: ##   0:00:00  Checking assertions in step 0..
SBY 22:51:26 [wire_udp_parser_header3] engine_0: ##   0:00:00  Checking assumptions in step 1..
SBY 22:51:26 [wire_udp_parser_header3] engine_0: ##   0:00:00  Checking assertions in step 1..
SBY 22:51:26 [wire_udp_parser_header3] engine_0: ##   0:00:00  Checking assumptions in step 2..
SBY 22:51:26 [wire_udp_parser_header3] engine_0: ##   0:00:00  Checking assertions in step 2..
SBY 22:51:26 [wire_udp_parser_header3] engine_0: ##   0:00:00  Checking assumptions in step 3..
SBY 22:51:26 [wire_udp_parser_header3] engine_0: ##   0:00:00  Checking assertions in step 3..
SBY 22:51:26 [wire_udp_parser_header3] engine_0: ##   0:00:00  Checking assumptions in step 4..
SBY 22:51:26 [wire_udp_parser_header3] engine_0: ##   0:00:00  Checking assertions in step 4..
SBY 22:51:26 [wire_udp_parser_header3] engine_0: ##   0:00:00  Checking assumptions in step 5..
SBY 22:51:26 [wire_udp_parser_header3] engine_0: ##   0:00:00  Checking assertions in step 5..
SBY 22:51:26 [wire_udp_parser_header3] engine_0: ##   0:00:00  Checking assumptions in step 6..
SBY 22:51:26 [wire_udp_parser_header3] engine_0: ##   0:00:00  Checking assertions in step 6..
SBY 22:51:26 [wire_udp_parser_header3] engine_0: ##   0:00:00  Checking assumptions in step 7..
SBY 22:51:26 [wire_udp_parser_header3] engine_0: ##   0:00:00  Checking assertions in step 7..
SBY 22:51:26 [wire_udp_parser_header3] engine_0: ##   0:00:00  Checking assumptions in step 8..
SBY 22:51:26 [wire_udp_parser_header3] engine_0: ##   0:00:00  Checking assertions in step 8..
SBY 22:51:26 [wire_udp_parser_header3] engine_0: ##   0:00:00  Checking assumptions in step 9..
SBY 22:51:26 [wire_udp_parser_header3] engine_0: ##   0:00:00  Checking assertions in step 9..
SBY 22:51:26 [wire_udp_parser_header3] engine_0: ##   0:00:00  Checking assumptions in step 10..
SBY 22:51:26 [wire_udp_parser_header3] engine_0: ##   0:00:00  Checking assertions in step 10..
SBY 22:51:26 [wire_udp_parser_header3] engine_0: ##   0:00:00  Checking assumptions in step 11..
SBY 22:51:26 [wire_udp_parser_header3] engine_0: ##   0:00:00  Checking assertions in step 11..
SBY 22:51:26 [wire_udp_parser_header3] engine_0: ##   0:00:00  Checking assumptions in step 12..
SBY 22:51:26 [wire_udp_parser_header3] engine_0: ##   0:00:00  Checking assertions in step 12..
SBY 22:51:26 [wire_udp_parser_header3] engine_0: ##   0:00:00  Checking assumptions in step 13..
SBY 22:51:26 [wire_udp_parser_header3] engine_0: ##   0:00:00  Checking assertions in step 13..
SBY 22:51:26 [wire_udp_parser_header3] engine_0: ##   0:00:00  Checking assumptions in step 14..
SBY 22:51:26 [wire_udp_parser_header3] engine_0: ##   0:00:00  Checking assertions in step 14..
SBY 22:51:26 [wire_udp_parser_header3] engine_0: ##   0:00:00  Checking assumptions in step 15..
SBY 22:51:26 [wire_udp_parser_header3] engine_0: ##   0:00:00  Checking assertions in step 15..
SBY 22:51:26 [wire_udp_parser_header3] engine_0: ##   0:00:00  Checking assumptions in step 16..
SBY 22:51:26 [wire_udp_parser_header3] engine_0: ##   0:00:00  Checking assertions in step 16..
SBY 22:51:26 [wire_udp_parser_header3] engine_0: ##   0:00:00  Checking assumptions in step 17..
SBY 22:51:26 [wire_udp_parser_header3] engine_0: ##   0:00:00  Checking assertions in step 17..
SBY 22:51:26 [wire_udp_parser_header3] engine_0: ##   0:00:00  Checking assumptions in step 18..
SBY 22:51:26 [wire_udp_parser_header3] engine_0: ##   0:00:00  Checking assertions in step 18..
SBY 22:51:26 [wire_udp_parser_header3] engine_0: ##   0:00:00  Checking assumptions in step 19..
SBY 22:51:26 [wire_udp_parser_header3] engine_0: ##   0:00:00  Checking assertions in step 19..
SBY 22:51:26 [wire_udp_parser_header3] engine_0: ##   0:00:00  Status: passed
SBY 22:51:26 [wire_udp_parser_header3] engine_0: finished (returncode=0)
SBY 22:51:26 [wire_udp_parser_header3] engine_0: Status returned by engine: pass
SBY 22:51:26 [wire_udp_parser_header3] summary: Elapsed clock time [H:MM:SS (secs)]: 0:00:00 (0)
SBY 22:51:26 [wire_udp_parser_header3] summary: Elapsed process time [H:MM:SS (secs)]: 0:00:00 (0)
SBY 22:51:26 [wire_udp_parser_header3] summary: engine_0 (smtbmc yices) returned pass
SBY 22:51:26 [wire_udp_parser_header3] summary: engine_0 did not produce any traces
SBY 22:51:26 [wire_udp_parser_header3] DONE (PASS, rc=0)
