SBY 13:11:55 [/tmp/wire004-smoke-build.P3033S/formal_cover] Removing directory '/tmp/wire004-smoke-build.P3033S/formal_cover'.
SBY 13:11:55 [/tmp/wire004-smoke-build.P3033S/formal_cover] Copy '/Users/Dilan/Projects/wire-to-decision/tools/smoke/rtl/toolchain_smoke.sv' to '/tmp/wire004-smoke-build.P3033S/formal_cover/src/toolchain_smoke.sv'.
SBY 13:11:55 [/tmp/wire004-smoke-build.P3033S/formal_cover] Copy '/Users/Dilan/Projects/wire-to-decision/tools/smoke/formal/toolchain_smoke_formal.sv' to '/tmp/wire004-smoke-build.P3033S/formal_cover/src/toolchain_smoke_formal.sv'.
SBY 13:11:55 [/tmp/wire004-smoke-build.P3033S/formal_cover] engine_0: smtbmc yices
SBY 13:11:55 [/tmp/wire004-smoke-build.P3033S/formal_cover] base: starting process "cd /tmp/wire004-smoke-build.P3033S/formal_cover/src; yosys -ql ../model/design.log ../model/design.ys"
SBY 13:11:55 [/tmp/wire004-smoke-build.P3033S/formal_cover] base: finished (returncode=0)
SBY 13:11:55 [/tmp/wire004-smoke-build.P3033S/formal_cover] prep: starting process "cd /tmp/wire004-smoke-build.P3033S/formal_cover/model; yosys -ql design_prep.log design_prep.ys"
SBY 13:11:55 [/tmp/wire004-smoke-build.P3033S/formal_cover] prep: finished (returncode=0)
SBY 13:11:55 [/tmp/wire004-smoke-build.P3033S/formal_cover] smt2: starting process "cd /tmp/wire004-smoke-build.P3033S/formal_cover/model; yosys -ql design_smt2.log design_smt2.ys"
SBY 13:11:55 [/tmp/wire004-smoke-build.P3033S/formal_cover] smt2: finished (returncode=0)
SBY 13:11:55 [/tmp/wire004-smoke-build.P3033S/formal_cover] engine_0: starting process "cd /tmp/wire004-smoke-build.P3033S/formal_cover; yosys-smtbmc -s yices --presat --unroll -c --noprogress -t 8  --append 0 --dump-vcd engine_0/trace%.vcd --dump-yw engine_0/trace%.yw --dump-vlogtb engine_0/trace%_tb.v --dump-smtc engine_0/trace%.smtc model/design_smt2.smt2"
SBY 13:11:55 [/tmp/wire004-smoke-build.P3033S/formal_cover] engine_0: ##   0:00:00  Solver: yices
SBY 13:11:55 [/tmp/wire004-smoke-build.P3033S/formal_cover] engine_0: ##   0:00:00  Checking cover reachability in step 0..
SBY 13:11:55 [/tmp/wire004-smoke-build.P3033S/formal_cover] engine_0: ##   0:00:00  Checking cover reachability in step 1..
SBY 13:11:55 [/tmp/wire004-smoke-build.P3033S/formal_cover] engine_0: ##   0:00:00  Checking cover reachability in step 2..
SBY 13:11:55 [/tmp/wire004-smoke-build.P3033S/formal_cover] engine_0: ##   0:00:00  Reached cover statement in step 2 at toolchain_smoke_formal: toolchain_smoke_formal.sv:30.13-30.25 (_witness_.check_cover_toolchain_smoke_formal_sv_30_24)
SBY 13:11:55 [/tmp/wire004-smoke-build.P3033S/formal_cover] engine_0: ##   0:00:00  Writing trace to VCD file: engine_0/trace0.vcd
SBY 13:11:55 [/tmp/wire004-smoke-build.P3033S/formal_cover] engine_0: ##   0:00:00  Writing trace to Verilog testbench: engine_0/trace0_tb.v
SBY 13:11:55 [/tmp/wire004-smoke-build.P3033S/formal_cover] engine_0: ##   0:00:00  Writing trace to constraints file: engine_0/trace0.smtc
SBY 13:11:55 [/tmp/wire004-smoke-build.P3033S/formal_cover] engine_0: ##   0:00:00  Writing trace to Yosys witness file: engine_0/trace0.yw
SBY 13:11:55 [/tmp/wire004-smoke-build.P3033S/formal_cover] engine_0: ##   0:00:00  Status: passed
SBY 13:11:55 [/tmp/wire004-smoke-build.P3033S/formal_cover] engine_0: finished (returncode=0)
SBY 13:11:55 [/tmp/wire004-smoke-build.P3033S/formal_cover] engine_0: Status returned by engine: pass
SBY 13:11:55 [/tmp/wire004-smoke-build.P3033S/formal_cover] summary: Elapsed clock time [H:MM:SS (secs)]: 0:00:00 (0)
SBY 13:11:55 [/tmp/wire004-smoke-build.P3033S/formal_cover] summary: Elapsed process time [H:MM:SS (secs)]: 0:00:00 (0)
SBY 13:11:55 [/tmp/wire004-smoke-build.P3033S/formal_cover] summary: engine_0 (smtbmc yices) returned pass
SBY 13:11:55 [/tmp/wire004-smoke-build.P3033S/formal_cover] summary: cover trace: /tmp/wire004-smoke-build.P3033S/formal_cover/engine_0/trace0.vcd
SBY 13:11:55 [/tmp/wire004-smoke-build.P3033S/formal_cover] summary:   reached cover statement toolchain_smoke_formal._witness_.check_cover_toolchain_smoke_formal_sv_30_24 at toolchain_smoke_formal.sv:30.13-30.25 step 2
SBY 13:11:55 [/tmp/wire004-smoke-build.P3033S/formal_cover] DONE (PASS, rc=0)
