SBY 13:11:06 [/tmp/wire004-smoke-build.9CwVqb/formal_prove] Removing directory '/tmp/wire004-smoke-build.9CwVqb/formal_prove'.
SBY 13:11:06 [/tmp/wire004-smoke-build.9CwVqb/formal_prove] Copy '/Users/Dilan/Projects/wire-to-decision/tools/smoke/rtl/toolchain_smoke.sv' to '/tmp/wire004-smoke-build.9CwVqb/formal_prove/src/toolchain_smoke.sv'.
SBY 13:11:06 [/tmp/wire004-smoke-build.9CwVqb/formal_prove] Copy '/Users/Dilan/Projects/wire-to-decision/tools/smoke/formal/toolchain_smoke_formal.sv' to '/tmp/wire004-smoke-build.9CwVqb/formal_prove/src/toolchain_smoke_formal.sv'.
SBY 13:11:06 [/tmp/wire004-smoke-build.9CwVqb/formal_prove] engine_0: smtbmc yices
SBY 13:11:06 [/tmp/wire004-smoke-build.9CwVqb/formal_prove] base: starting process "cd /tmp/wire004-smoke-build.9CwVqb/formal_prove/src; yosys -ql ../model/design.log ../model/design.ys"
SBY 13:11:06 [/tmp/wire004-smoke-build.9CwVqb/formal_prove] base: finished (returncode=0)
SBY 13:11:06 [/tmp/wire004-smoke-build.9CwVqb/formal_prove] prep: starting process "cd /tmp/wire004-smoke-build.9CwVqb/formal_prove/model; yosys -ql design_prep.log design_prep.ys"
SBY 13:11:06 [/tmp/wire004-smoke-build.9CwVqb/formal_prove] prep: finished (returncode=0)
SBY 13:11:06 [/tmp/wire004-smoke-build.9CwVqb/formal_prove] smt2: starting process "cd /tmp/wire004-smoke-build.9CwVqb/formal_prove/model; yosys -ql design_smt2.log design_smt2.ys"
SBY 13:11:06 [/tmp/wire004-smoke-build.9CwVqb/formal_prove] smt2: finished (returncode=0)
SBY 13:11:06 [/tmp/wire004-smoke-build.9CwVqb/formal_prove] engine_0.basecase: starting process "cd /tmp/wire004-smoke-build.9CwVqb/formal_prove; yosys-smtbmc -s yices --presat --unroll --noprogress -t 8  --append 0 --dump-vcd engine_0/trace.vcd --dump-yw engine_0/trace.yw --dump-vlogtb engine_0/trace_tb.v --dump-smtc engine_0/trace.smtc model/design_smt2.smt2"
SBY 13:11:06 [/tmp/wire004-smoke-build.9CwVqb/formal_prove] engine_0.induction: starting process "cd /tmp/wire004-smoke-build.9CwVqb/formal_prove; yosys-smtbmc -s yices --presat --unroll -i --noprogress -t 8  --append 0 --dump-vcd engine_0/trace_induct.vcd --dump-yw engine_0/trace_induct.yw --dump-vlogtb engine_0/trace_induct_tb.v --dump-smtc engine_0/trace_induct.smtc model/design_smt2.smt2"
SBY 13:11:06 [/tmp/wire004-smoke-build.9CwVqb/formal_prove] engine_0.basecase: ##   0:00:00  Solver: yices
SBY 13:11:06 [/tmp/wire004-smoke-build.9CwVqb/formal_prove] engine_0.induction: ##   0:00:00  Solver: yices
SBY 13:11:06 [/tmp/wire004-smoke-build.9CwVqb/formal_prove] engine_0.basecase: ##   0:00:00  Checking assumptions in step 0..
SBY 13:11:06 [/tmp/wire004-smoke-build.9CwVqb/formal_prove] engine_0.induction: ##   0:00:00  Trying induction in step 8..
SBY 13:11:06 [/tmp/wire004-smoke-build.9CwVqb/formal_prove] engine_0.basecase: ##   0:00:00  Checking assertions in step 0..
SBY 13:11:06 [/tmp/wire004-smoke-build.9CwVqb/formal_prove] engine_0.induction: ##   0:00:00  Trying induction in step 7..
SBY 13:11:06 [/tmp/wire004-smoke-build.9CwVqb/formal_prove] engine_0.basecase: ##   0:00:00  Checking assumptions in step 1..
SBY 13:11:06 [/tmp/wire004-smoke-build.9CwVqb/formal_prove] engine_0.basecase: ##   0:00:00  Checking assertions in step 1..
SBY 13:11:06 [/tmp/wire004-smoke-build.9CwVqb/formal_prove] engine_0.basecase: ##   0:00:00  BMC failed!
SBY 13:11:06 [/tmp/wire004-smoke-build.9CwVqb/formal_prove] engine_0.basecase: ##   0:00:00  Assert failed in toolchain_smoke_formal: toolchain_smoke_formal.sv:36.13-36.67 (_witness_.check_assert_toolchain_smoke_formal_sv_36_19)
SBY 13:11:06 [/tmp/wire004-smoke-build.9CwVqb/formal_prove] engine_0.basecase: ##   0:00:00  Writing trace to VCD file: engine_0/trace.vcd
SBY 13:11:06 [/tmp/wire004-smoke-build.9CwVqb/formal_prove] engine_0.induction: ##   0:00:00  Trying induction in step 6..
SBY 13:11:06 [/tmp/wire004-smoke-build.9CwVqb/formal_prove] engine_0.induction: ##   0:00:00  Temporal induction successful.
SBY 13:11:06 [/tmp/wire004-smoke-build.9CwVqb/formal_prove] engine_0.induction: ##   0:00:00  Status: passed
SBY 13:11:06 [/tmp/wire004-smoke-build.9CwVqb/formal_prove] engine_0.basecase: ##   0:00:00  Writing trace to Verilog testbench: engine_0/trace_tb.v
SBY 13:11:06 [/tmp/wire004-smoke-build.9CwVqb/formal_prove] engine_0.basecase: ##   0:00:00  Writing trace to constraints file: engine_0/trace.smtc
SBY 13:11:06 [/tmp/wire004-smoke-build.9CwVqb/formal_prove] engine_0.basecase: ##   0:00:00  Writing trace to Yosys witness file: engine_0/trace.yw
SBY 13:11:06 [/tmp/wire004-smoke-build.9CwVqb/formal_prove] engine_0.basecase: ##   0:00:00  Status: failed
SBY 13:11:06 [/tmp/wire004-smoke-build.9CwVqb/formal_prove] engine_0.induction: finished (returncode=0)
SBY 13:11:06 [/tmp/wire004-smoke-build.9CwVqb/formal_prove] engine_0.induction: Status returned by engine for induction: pass
SBY 13:11:06 [/tmp/wire004-smoke-build.9CwVqb/formal_prove] engine_0.basecase: finished (returncode=1)
SBY 13:11:06 [/tmp/wire004-smoke-build.9CwVqb/formal_prove] engine_0.basecase: Status returned by engine for basecase: FAIL
SBY 13:11:06 [/tmp/wire004-smoke-build.9CwVqb/formal_prove] summary: Elapsed clock time [H:MM:SS (secs)]: 0:00:00 (0)
SBY 13:11:06 [/tmp/wire004-smoke-build.9CwVqb/formal_prove] summary: Elapsed process time [H:MM:SS (secs)]: 0:00:00 (0)
SBY 13:11:06 [/tmp/wire004-smoke-build.9CwVqb/formal_prove] summary: engine_0 (smtbmc yices) returned FAIL for basecase
SBY 13:11:06 [/tmp/wire004-smoke-build.9CwVqb/formal_prove] summary: engine_0 (smtbmc yices) returned pass for induction
SBY 13:11:06 [/tmp/wire004-smoke-build.9CwVqb/formal_prove] summary: counterexample trace [basecase]: /tmp/wire004-smoke-build.9CwVqb/formal_prove/engine_0/trace.vcd
SBY 13:11:06 [/tmp/wire004-smoke-build.9CwVqb/formal_prove] summary:   failed assertion toolchain_smoke_formal._witness_.check_assert_toolchain_smoke_formal_sv_36_19 at toolchain_smoke_formal.sv:36.13-36.67 step 1
SBY 13:11:06 [/tmp/wire004-smoke-build.9CwVqb/formal_prove] DONE (FAIL, rc=2)
