
 /----------------------------------------------------------------------------\
 |  yosys -- Yosys Open SYnthesis Suite                                       |
 |  Copyright (C) 2012 - 2026  Claire Xenia Wolf <claire@yosyshq.com>         |
 |  Distributed under an ISC-like license, type "license" to see terms        |
 \----------------------------------------------------------------------------/
 Yosys 0.69+154 (git sha1 30d62572e-dirty, Release, Clang /usr/local/osxcross/target/bin/aarch64-apple-darwin25.5-clang++ 21.1.8)

-- Running command `read_verilog -sv /Users/Dilan/Projects/wire-to-decision/tools/smoke/rtl/toolchain_smoke.sv; hierarchy -top toolchain_smoke; proc; opt; stat' --

1. Executing Verilog-2005 frontend: /Users/Dilan/Projects/wire-to-decision/tools/smoke/rtl/toolchain_smoke.sv
Parsing SystemVerilog input from `/Users/Dilan/Projects/wire-to-decision/tools/smoke/rtl/toolchain_smoke.sv' to AST representation.
Generating RTLIL representation for module `\toolchain_smoke'.
Successfully finished Verilog frontend.

2. Executing HIERARCHY pass (managing design hierarchy).

2.1. Analyzing design hierarchy..
Top module:  \toolchain_smoke

2.2. Analyzing design hierarchy..
Top module:  \toolchain_smoke
Removed 0 unused modules.

3. Executing PROC pass (convert processes to netlists).

3.1. Executing PROC_CLEAN pass (remove empty switches from decision trees).
Cleaned up 0 empty switches.

3.2. Executing PROC_RMDEAD pass (remove dead branches from decision trees).
Marked 1 switch rules as full_case in process $proc$/Users/Dilan/Projects/wire-to-decision/tools/smoke/rtl/toolchain_smoke.sv:11$1 in module toolchain_smoke.
Removed a total of 0 dead cases.

3.3. Executing PROC_PRUNE pass (remove redundant assignments in processes).
Removed 1 redundant assignment.
Promoted 0 assignments to connections.

3.4. Executing PROC_INIT pass (extract init attributes).

3.5. Executing PROC_ARST pass (detect async resets in processes).

3.6. Executing PROC_ROM pass (convert switches to ROMs).
Converted 0 switches.
<suppressed ~1 debug messages>

3.7. Executing PROC_MUX pass (convert decision trees to multiplexers).
Creating decoders for process `\toolchain_smoke.$proc$/Users/Dilan/Projects/wire-to-decision/tools/smoke/rtl/toolchain_smoke.sv:11$1'.
     1/1: $0\sum_q[8:0]

3.8. Executing PROC_DLATCH pass (convert process syncs to latches).

3.9. Executing PROC_DFF pass (convert process syncs to FFs).
Creating register for signal `\toolchain_smoke.\sum_q' using process `\toolchain_smoke.$proc$/Users/Dilan/Projects/wire-to-decision/tools/smoke/rtl/toolchain_smoke.sv:11$1'.
  created $dff cell `$procdff$7' with positive edge clock.

3.10. Executing PROC_MEMWR pass (convert process memory writes to cells).

3.11. Executing PROC_CLEAN pass (remove empty switches from decision trees).
Found and cleaned up 1 empty switch in `\toolchain_smoke.$proc$/Users/Dilan/Projects/wire-to-decision/tools/smoke/rtl/toolchain_smoke.sv:11$1'.
Removing empty process `toolchain_smoke.$proc$/Users/Dilan/Projects/wire-to-decision/tools/smoke/rtl/toolchain_smoke.sv:11$1'.
Cleaned up 1 empty switch.

3.12. Executing OPT_EXPR pass (perform const folding).
Optimizing module toolchain_smoke.
<suppressed ~1 debug messages>

4. Executing OPT pass (performing simple optimizations).

4.1. Executing OPT_EXPR pass (perform const folding).
Optimizing module toolchain_smoke.

4.2. Executing OPT_MERGE pass (detect identical cells).
Finding identical cells in module `\toolchain_smoke'.
Computing hashes of 4 cells of `\toolchain_smoke'.
Finding duplicate cells in `\toolchain_smoke'.
Removed a total of 0 cells.

4.3. Executing OPT_MUXTREE pass (detect dead branches in mux trees).
Running muxtree optimizer on module \toolchain_smoke..
  Creating internal representation of mux trees.
  Evaluating internal representation of mux trees.
  Analyzing evaluation results.
Removed 0 multiplexer ports.
<suppressed ~2 debug messages>

4.4. Executing OPT_REDUCE pass (consolidate $*mux and $reduce_* inputs).
  Optimizing cells in module \toolchain_smoke.
Performed a total of 0 changes.

4.5. Executing OPT_MERGE pass (detect identical cells).
Finding identical cells in module `\toolchain_smoke'.
Computing hashes of 4 cells of `\toolchain_smoke'.
Finding duplicate cells in `\toolchain_smoke'.
Removed a total of 0 cells.

4.6. Executing OPT_DFF pass (perform DFF optimizations).
Adding SRST signal on $procdff$7 ($dff) from module toolchain_smoke (D = $add$/Users/Dilan/Projects/wire-to-decision/tools/smoke/rtl/toolchain_smoke.sv:15$3_Y, Q = \sum_q, rval = 9'000000000).

4.7. Executing OPT_CLEAN pass (remove unused cells and wires).
Finding unused cells or wires in module \toolchain_smoke..
Removed 2 unused cells and 4 unused wires.
<suppressed ~3 debug messages>

4.8. Executing OPT_EXPR pass (perform const folding).
Optimizing module toolchain_smoke.

4.9. Rerunning OPT passes. (Maybe there is more to do..)

4.10. Executing OPT_MUXTREE pass (detect dead branches in mux trees).
Running muxtree optimizer on module \toolchain_smoke..
  Creating internal representation of mux trees.
  No muxes found in this module.
Removed 0 multiplexer ports.

4.11. Executing OPT_REDUCE pass (consolidate $*mux and $reduce_* inputs).
  Optimizing cells in module \toolchain_smoke.
Performed a total of 0 changes.

4.12. Executing OPT_MERGE pass (detect identical cells).
Finding identical cells in module `\toolchain_smoke'.
Computing hashes of 2 cells of `\toolchain_smoke'.
Finding duplicate cells in `\toolchain_smoke'.
Removed a total of 0 cells.

4.13. Executing OPT_DFF pass (perform DFF optimizations).

4.14. Executing OPT_CLEAN pass (remove unused cells and wires).
Finding unused cells or wires in module \toolchain_smoke..

4.15. Executing OPT_EXPR pass (perform const folding).
Optimizing module toolchain_smoke.

4.16. Finished fast OPT passes. (There is nothing left to do.)

5. Printing statistics.

=== toolchain_smoke ===

        +----------Local Count, excluding submodules.
        | 
        6 wires
       36 wire bits
        5 public wires
       27 public wire bits
        5 ports
       27 port bits
        2 cells
        1   $add
        1   $sdff

End of script. Logfile hash: f63e0b3e92, time: 0.01s, user: 0.01s, system: 0.01s, MEM: 13.08 MB peak
Yosys 0.69+154 (git sha1 30d62572e-dirty, Release, Clang /usr/local/osxcross/target/bin/aarch64-apple-darwin25.5-clang++ 21.1.8)
Time spent: 34% 2x read_verilog (0 sec), 14% 3x opt_merge (0 sec), ...
