SBY 23:07:43 [itch_safety] Removing directory '/Users/Dilan/Projects/wire-to-decision/formal/itch_decoder/itch_safety'.
SBY 23:07:43 [itch_safety] Copy '/Users/Dilan/Projects/wire-to-decision/formal/itch_decoder/../../rtl/arch_a/wire_itch_decoder.sv' to '/Users/Dilan/Projects/wire-to-decision/formal/itch_decoder/itch_safety/src/wire_itch_decoder.sv'.
SBY 23:07:43 [itch_safety] Copy '/Users/Dilan/Projects/wire-to-decision/formal/itch_decoder/itch_safety.sv' to '/Users/Dilan/Projects/wire-to-decision/formal/itch_decoder/itch_safety/src/itch_safety.sv'.
SBY 23:07:43 [itch_safety] engine_0: smtbmc yices
SBY 23:07:43 [itch_safety] base: starting process "cd itch_safety/src; yosys -ql ../model/design.log ../model/design.ys"
SBY 23:07:44 [itch_safety] base: finished (returncode=0)
SBY 23:07:44 [itch_safety] prep: starting process "cd itch_safety/model; yosys -ql design_prep.log design_prep.ys"
SBY 23:07:44 [itch_safety] prep: finished (returncode=0)
SBY 23:07:44 [itch_safety] smt2: starting process "cd itch_safety/model; yosys -ql design_smt2.log design_smt2.ys"
SBY 23:07:44 [itch_safety] smt2: finished (returncode=0)
SBY 23:07:44 [itch_safety] engine_0: starting process "cd itch_safety; yosys-smtbmc -s yices --presat --unroll --noprogress -t 24  --append 0 --dump-vcd engine_0/trace.vcd --dump-yw engine_0/trace.yw --dump-vlogtb engine_0/trace_tb.v --dump-smtc engine_0/trace.smtc model/design_smt2.smt2"
SBY 23:07:44 [itch_safety] engine_0: ##   0:00:00  Solver: yices
SBY 23:07:44 [itch_safety] engine_0: ##   0:00:00  Checking assumptions in step 0..
SBY 23:07:44 [itch_safety] engine_0: ##   0:00:00  Checking assertions in step 0..
SBY 23:07:44 [itch_safety] engine_0: ##   0:00:00  Checking assumptions in step 1..
SBY 23:07:44 [itch_safety] engine_0: ##   0:00:00  Checking assertions in step 1..
SBY 23:07:44 [itch_safety] engine_0: ##   0:00:00  Checking assumptions in step 2..
SBY 23:07:44 [itch_safety] engine_0: ##   0:00:00  Checking assertions in step 2..
SBY 23:07:44 [itch_safety] engine_0: ##   0:00:00  Checking assumptions in step 3..
SBY 23:07:44 [itch_safety] engine_0: ##   0:00:00  Checking assertions in step 3..
SBY 23:07:44 [itch_safety] engine_0: ##   0:00:00  Checking assumptions in step 4..
SBY 23:07:44 [itch_safety] engine_0: ##   0:00:00  Checking assertions in step 4..
SBY 23:07:44 [itch_safety] engine_0: ##   0:00:00  BMC failed!
SBY 23:07:44 [itch_safety] engine_0: ##   0:00:00  Assert failed in itch_safety: itch_safety.sv:48.40-48.73 (_witness_.check_assert_itch_safety_sv_48_387)
SBY 23:07:44 [itch_safety] engine_0: ##   0:00:00  Writing trace to VCD file: engine_0/trace.vcd
SBY 23:07:44 [itch_safety] engine_0: ##   0:00:00  Writing trace to Verilog testbench: engine_0/trace_tb.v
SBY 23:07:44 [itch_safety] engine_0: ##   0:00:00  Writing trace to constraints file: engine_0/trace.smtc
SBY 23:07:44 [itch_safety] engine_0: ##   0:00:00  Writing trace to Yosys witness file: engine_0/trace.yw
SBY 23:07:44 [itch_safety] engine_0: ##   0:00:00  Status: failed
SBY 23:07:44 [itch_safety] engine_0: finished (returncode=1)
SBY 23:07:44 [itch_safety] engine_0: Status returned by engine: FAIL
SBY 23:07:44 [itch_safety] summary: Elapsed clock time [H:MM:SS (secs)]: 0:00:00 (0)
SBY 23:07:44 [itch_safety] summary: Elapsed process time [H:MM:SS (secs)]: 0:00:00 (0)
SBY 23:07:44 [itch_safety] summary: engine_0 (smtbmc yices) returned FAIL
SBY 23:07:44 [itch_safety] summary: counterexample trace: itch_safety/engine_0/trace.vcd
SBY 23:07:44 [itch_safety] summary:   failed assertion itch_safety._witness_.check_assert_itch_safety_sv_48_387 at itch_safety.sv:48.40-48.73 step 4
SBY 23:07:44 [itch_safety] DONE (FAIL, rc=2)
