test_aggregate_range_guard (test_book.OrderBookTests.test_aggregate_range_guard) ... ok
test_bounded_storage_hash_and_deterministic_ways (test_book.OrderBookTests.test_bounded_storage_hash_and_deterministic_ways) ... ok
test_cancel_partial_full_over_and_unknown (test_book.OrderBookTests.test_cancel_partial_full_over_and_unknown) ... ok
test_decoder_to_book_integration (test_book.OrderBookTests.test_decoder_to_book_integration) ... ok
test_delete_buy_and_sell (test_book.OrderBookTests.test_delete_buy_and_sell) ... ok
test_execute_partial_full_over_and_unknown (test_book.OrderBookTests.test_execute_partial_full_over_and_unknown) ... ok
test_execute_with_price_does_not_change_resting_price (test_book.OrderBookTests.test_execute_with_price_does_not_change_resting_price) ... ok
test_invalid_book_quarantine_and_reset (test_book.OrderBookTests.test_invalid_book_quarantine_and_reset) ... ok
test_replace_same_set_and_different_set (test_book.OrderBookTests.test_replace_same_set_and_different_set) ... ok
test_replace_unknown_conflict_and_destination_capacity (test_book.OrderBookTests.test_replace_unknown_conflict_and_destination_capacity) ... ok
test_third_collision_and_duplicate_fail_closed_without_eviction (test_book.OrderBookTests.test_third_collision_and_duplicate_fail_closed_without_eviction) ... ok
test_book_and_itch_to_decision_integration (test_decision.DecisionModelTests.test_book_and_itch_to_decision_integration) ... ok
test_buy_crossing_boundaries_and_no_repeat (test_decision.DecisionModelTests.test_buy_crossing_boundaries_and_no_repeat) ... ok
test_cross_back_and_recross_on_both_sides (test_decision.DecisionModelTests.test_cross_back_and_recross_on_both_sides) ... ok
test_disable_and_zero_budget_still_advance_previous_imbalance (test_decision.DecisionModelTests.test_disable_and_zero_budget_still_advance_previous_imbalance) ... ok
test_failed_nonmutating_and_invalid_status_do_not_advance (test_decision.DecisionModelTests.test_failed_nonmutating_and_invalid_status_do_not_advance) ... ok
test_imbalance_extremes (test_decision.DecisionModelTests.test_imbalance_extremes) ... ok
test_rearm_and_budget_invariant_stress (test_decision.DecisionModelTests.test_rearm_and_budget_invariant_stress) ... ok
test_sell_crossing_boundaries_and_no_repeat (test_decision.DecisionModelTests.test_sell_crossing_boundaries_and_no_repeat) ... ok
test_threshold_zero_uses_strict_previous_side (test_decision.DecisionModelTests.test_threshold_zero_uses_strict_previous_side) ... ok
test_fixed_ipv4_checksum_vector (test_framing.ChecksumTests.test_fixed_ipv4_checksum_vector) ... ok
test_end_of_session_requires_recovery (test_framing.FramingTests.test_end_of_session_requires_recovery) ... ok
test_ethernet_and_ipv4_rejections (test_framing.FramingTests.test_ethernet_and_ipv4_rejections) ... ok
test_ethernet_padding_after_ipv4_datagram_is_ignored (test_framing.FramingTests.test_ethernet_padding_after_ipv4_datagram_is_ignored) ... ok
test_mold_prefix_is_retained_on_late_truncation (test_framing.FramingTests.test_mold_prefix_is_retained_on_late_truncation) ... ok
test_mold_truncation_and_trailing_bytes (test_framing.FramingTests.test_mold_truncation_and_trailing_bytes) ... ok
test_one_and_multi_message_progression (test_framing.FramingTests.test_one_and_multi_message_progression) ... ok
test_sequence_regression_gap_and_heartbeat_error (test_framing.FramingTests.test_sequence_regression_gap_and_heartbeat_error) ... ok
test_session_mismatch (test_framing.FramingTests.test_session_mismatch) ... ok
test_udp_rejections (test_framing.FramingTests.test_udp_rejections) ... ok
test_valid_heartbeat_does_not_advance (test_framing.FramingTests.test_valid_heartbeat_does_not_advance) ... ok
test_fixed_vectors (test_hash.OrderSetIndexTests.test_fixed_vectors) ... ok
test_output_is_nine_bits (test_hash.OrderSetIndexTests.test_output_is_nine_bits) ... ok
test_rejects_out_of_range_values (test_hash.OrderSetIndexTests.test_rejects_out_of_range_values) ... ok
test_a_and_f_use_distinct_source_types_with_equivalent_add_semantics (test_itch.ItchDecoderTests.test_a_and_f_use_distinct_source_types_with_equivalent_add_semantics) ... ok
test_all_mutating_messages_map_to_authoritative_kinds (test_itch.ItchDecoderTests.test_all_mutating_messages_map_to_authoritative_kinds) ... ok
test_e_c_distinction_does_not_use_execution_price_as_resting_price (test_itch.ItchDecoderTests.test_e_c_distinction_does_not_use_execution_price_as_resting_price) ... ok
test_exact_lengths_are_required_for_every_supported_type (test_itch.ItchDecoderTests.test_exact_lengths_are_required_for_every_supported_type) ... ok
test_framed_message_and_late_suffix_integration (test_itch.ItchDecoderTests.test_framed_message_and_late_suffix_integration) ... ok
test_invalid_side_fails_closed (test_itch.ItchDecoderTests.test_invalid_side_fails_closed) ... ok
test_p_is_known_non_mutating (test_itch.ItchDecoderTests.test_p_is_known_non_mutating) ... ok
test_stock_locate_filtering (test_itch.ItchDecoderTests.test_stock_locate_filtering) ... ok
test_symbol_check_modes (test_itch.ItchDecoderTests.test_symbol_check_modes) ... ok
test_timestamp_and_numeric_boundaries (test_itch.ItchDecoderTests.test_timestamp_and_numeric_boundaries) ... ok
test_u_old_new_fields_and_validity (test_itch.ItchDecoderTests.test_u_old_new_fields_and_validity) ... ok
test_unknown_type_fails_closed (test_itch.ItchDecoderTests.test_unknown_type_fails_closed) ... ok
test_complete_frame_reaches_decision_and_persists_state (test_oracle.OracleTests.test_complete_frame_reaches_decision_and_persists_state) ... ok
test_duplicate_and_unknown_reference_fail_through_frames (test_oracle.OracleTests.test_duplicate_and_unknown_reference_fail_through_frames) ... ok
test_end_of_session_quarantine_and_rearm (test_oracle.OracleTests.test_end_of_session_quarantine_and_rearm) ... ok
test_heartbeat_and_p_are_noops_for_book_and_decision (test_oracle.OracleTests.test_heartbeat_and_p_are_noops_for_book_and_decision) ... ok
test_late_malformed_suffix_commits_prefix_then_quarantines (test_oracle.OracleTests.test_late_malformed_suffix_commits_prefix_then_quarantines) ... ok
test_multi_message_and_multi_frame_lifecycle (test_oracle.OracleTests.test_multi_message_and_multi_frame_lifecycle) ... ok
test_other_locate_and_nonfatal_profile_filter_do_not_quarantine (test_oracle.OracleTests.test_other_locate_and_nonfatal_profile_filter_do_not_quarantine) ... ok
test_rearm_clears_prefix_state_and_allows_normal_processing (test_oracle.OracleTests.test_rearm_clears_prefix_state_and_allows_normal_processing) ... ok
test_sequence_failure_quarantines_and_rearm_accepts_new_state (test_oracle.OracleTests.test_sequence_failure_quarantines_and_rearm_accepts_new_state) ... ok
test_unsupported_itch_quarantines (test_oracle.OracleTests.test_unsupported_itch_quarantines) ... ok
test_decision_event (test_types.TypePrimitiveTests.test_decision_event) ... ok
test_event_source_and_fields_are_checked (test_types.TypePrimitiveTests.test_event_source_and_fields_are_checked) ... ok
test_event_validity_flags_are_exact (test_types.TypePrimitiveTests.test_event_validity_flags_are_exact) ... ok
test_event_widths_and_negative_values (test_types.TypePrimitiveTests.test_event_widths_and_negative_values) ... ok
test_invalid_side (test_types.TypePrimitiveTests.test_invalid_side) ... ok
test_model_config (test_types.TypePrimitiveTests.test_model_config) ... ok
test_model_config_ranges (test_types.TypePrimitiveTests.test_model_config_ranges) ... ok
test_model_status (test_types.TypePrimitiveTests.test_model_status) ... ok
test_order_entry (test_types.TypePrimitiveTests.test_order_entry) ... ok
test_side_round_trip (test_types.TypePrimitiveTests.test_side_round_trip) ... ok
test_source_message_types (test_types.TypePrimitiveTests.test_source_message_types) ... ok
test_valid_add_events_use_new_reference (test_types.TypePrimitiveTests.test_valid_add_events_use_new_reference) ... ok
test_valid_cancel_delete_replace_events (test_types.TypePrimitiveTests.test_valid_cancel_delete_replace_events) ... ok
test_valid_execute_event (test_types.TypePrimitiveTests.test_valid_execute_event) ... ok
test_valid_execute_with_price_event (test_types.TypePrimitiveTests.test_valid_execute_with_price_event) ... ok

----------------------------------------------------------------------
Ran 71 tests in 0.010s

OK
