SBY 22:46:36 [wire_mold_header_seq_wrap] Removing directory '/Users/Dilan/Projects/wire-to-decision/formal/mold_header_seq/wire_mold_header_seq_wrap'.
SBY 22:46:36 [wire_mold_header_seq_wrap] Copy '/Users/Dilan/Projects/wire-to-decision/formal/mold_header_seq/../../rtl/arch_a/wire_mold_header_seq.sv' to '/Users/Dilan/Projects/wire-to-decision/formal/mold_header_seq/wire_mold_header_seq_wrap/src/wire_mold_header_seq.sv'.
SBY 22:46:36 [wire_mold_header_seq_wrap] Copy '/Users/Dilan/Projects/wire-to-decision/formal/mold_header_seq/wire_mold_header_seq_vectors.sv' to '/Users/Dilan/Projects/wire-to-decision/formal/mold_header_seq/wire_mold_header_seq_wrap/src/wire_mold_header_seq_vectors.sv'.
SBY 22:46:36 [wire_mold_header_seq_wrap] engine_0: smtbmc yices
SBY 22:46:36 [wire_mold_header_seq_wrap] base: starting process "cd wire_mold_header_seq_wrap/src; yosys -ql ../model/design.log ../model/design.ys"
SBY 22:46:36 [wire_mold_header_seq_wrap] base: Warning: Wire mold_vector.\clk is used but has no driver.
SBY 22:46:36 [wire_mold_header_seq_wrap] base: finished (returncode=0)
SBY 22:46:36 [wire_mold_header_seq_wrap] prep: starting process "cd wire_mold_header_seq_wrap/model; yosys -ql design_prep.log design_prep.ys"
SBY 22:46:36 [wire_mold_header_seq_wrap] prep: Warning: Wire mold_vector.\clk is used but has no driver.
SBY 22:46:36 [wire_mold_header_seq_wrap] prep: finished (returncode=0)
SBY 22:46:36 [wire_mold_header_seq_wrap] smt2: starting process "cd wire_mold_header_seq_wrap/model; yosys -ql design_smt2.log design_smt2.ys"
SBY 22:46:36 [wire_mold_header_seq_wrap] smt2: finished (returncode=0)
SBY 22:46:36 [wire_mold_header_seq_wrap] engine_0: starting process "cd wire_mold_header_seq_wrap; yosys-smtbmc -s yices --presat --unroll --noprogress -t 40  --append 0 --dump-vcd engine_0/trace.vcd --dump-yw engine_0/trace.yw --dump-vlogtb engine_0/trace_tb.v --dump-smtc engine_0/trace.smtc model/design_smt2.smt2"
SBY 22:46:36 [wire_mold_header_seq_wrap] engine_0: ##   0:00:00  Solver: yices
SBY 22:46:36 [wire_mold_header_seq_wrap] engine_0: ##   0:00:00  Checking assumptions in step 0..
SBY 22:46:36 [wire_mold_header_seq_wrap] engine_0: ##   0:00:00  Checking assertions in step 0..
SBY 22:46:36 [wire_mold_header_seq_wrap] engine_0: ##   0:00:00  Checking assumptions in step 1..
SBY 22:46:36 [wire_mold_header_seq_wrap] engine_0: ##   0:00:00  Checking assertions in step 1..
SBY 22:46:36 [wire_mold_header_seq_wrap] engine_0: ##   0:00:00  Checking assumptions in step 2..
SBY 22:46:36 [wire_mold_header_seq_wrap] engine_0: ##   0:00:00  Checking assertions in step 2..
SBY 22:46:36 [wire_mold_header_seq_wrap] engine_0: ##   0:00:00  Checking assumptions in step 3..
SBY 22:46:36 [wire_mold_header_seq_wrap] engine_0: ##   0:00:00  Checking assertions in step 3..
SBY 22:46:36 [wire_mold_header_seq_wrap] engine_0: ##   0:00:00  Checking assumptions in step 4..
SBY 22:46:36 [wire_mold_header_seq_wrap] engine_0: ##   0:00:00  Checking assertions in step 4..
SBY 22:46:36 [wire_mold_header_seq_wrap] engine_0: ##   0:00:00  Checking assumptions in step 5..
SBY 22:46:36 [wire_mold_header_seq_wrap] engine_0: ##   0:00:00  Checking assertions in step 5..
SBY 22:46:36 [wire_mold_header_seq_wrap] engine_0: ##   0:00:00  Checking assumptions in step 6..
SBY 22:46:36 [wire_mold_header_seq_wrap] engine_0: ##   0:00:00  Checking assertions in step 6..
SBY 22:46:36 [wire_mold_header_seq_wrap] engine_0: ##   0:00:00  Checking assumptions in step 7..
SBY 22:46:36 [wire_mold_header_seq_wrap] engine_0: ##   0:00:00  Checking assertions in step 7..
SBY 22:46:36 [wire_mold_header_seq_wrap] engine_0: ##   0:00:00  Checking assumptions in step 8..
SBY 22:46:36 [wire_mold_header_seq_wrap] engine_0: ##   0:00:00  Checking assertions in step 8..
SBY 22:46:36 [wire_mold_header_seq_wrap] engine_0: ##   0:00:00  Checking assumptions in step 9..
SBY 22:46:36 [wire_mold_header_seq_wrap] engine_0: ##   0:00:00  Checking assertions in step 9..
SBY 22:46:36 [wire_mold_header_seq_wrap] engine_0: ##   0:00:00  Checking assumptions in step 10..
SBY 22:46:36 [wire_mold_header_seq_wrap] engine_0: ##   0:00:00  Checking assertions in step 10..
SBY 22:46:36 [wire_mold_header_seq_wrap] engine_0: ##   0:00:00  Checking assumptions in step 11..
SBY 22:46:36 [wire_mold_header_seq_wrap] engine_0: ##   0:00:00  Checking assertions in step 11..
SBY 22:46:36 [wire_mold_header_seq_wrap] engine_0: ##   0:00:00  Checking assumptions in step 12..
SBY 22:46:36 [wire_mold_header_seq_wrap] engine_0: ##   0:00:00  Checking assertions in step 12..
SBY 22:46:36 [wire_mold_header_seq_wrap] engine_0: ##   0:00:00  Checking assumptions in step 13..
SBY 22:46:36 [wire_mold_header_seq_wrap] engine_0: ##   0:00:00  Checking assertions in step 13..
SBY 22:46:36 [wire_mold_header_seq_wrap] engine_0: ##   0:00:00  Checking assumptions in step 14..
SBY 22:46:36 [wire_mold_header_seq_wrap] engine_0: ##   0:00:00  Checking assertions in step 14..
SBY 22:46:36 [wire_mold_header_seq_wrap] engine_0: ##   0:00:00  Checking assumptions in step 15..
SBY 22:46:36 [wire_mold_header_seq_wrap] engine_0: ##   0:00:00  Checking assertions in step 15..
SBY 22:46:36 [wire_mold_header_seq_wrap] engine_0: ##   0:00:00  Checking assumptions in step 16..
SBY 22:46:36 [wire_mold_header_seq_wrap] engine_0: ##   0:00:00  Checking assertions in step 16..
SBY 22:46:36 [wire_mold_header_seq_wrap] engine_0: ##   0:00:00  Checking assumptions in step 17..
SBY 22:46:36 [wire_mold_header_seq_wrap] engine_0: ##   0:00:00  Checking assertions in step 17..
SBY 22:46:36 [wire_mold_header_seq_wrap] engine_0: ##   0:00:00  Checking assumptions in step 18..
SBY 22:46:36 [wire_mold_header_seq_wrap] engine_0: ##   0:00:00  Checking assertions in step 18..
SBY 22:46:36 [wire_mold_header_seq_wrap] engine_0: ##   0:00:00  Checking assumptions in step 19..
SBY 22:46:36 [wire_mold_header_seq_wrap] engine_0: ##   0:00:00  Checking assertions in step 19..
SBY 22:46:36 [wire_mold_header_seq_wrap] engine_0: ##   0:00:00  Checking assumptions in step 20..
SBY 22:46:36 [wire_mold_header_seq_wrap] engine_0: ##   0:00:00  Checking assertions in step 20..
SBY 22:46:36 [wire_mold_header_seq_wrap] engine_0: ##   0:00:00  Checking assumptions in step 21..
SBY 22:46:36 [wire_mold_header_seq_wrap] engine_0: ##   0:00:00  Checking assertions in step 21..
SBY 22:46:36 [wire_mold_header_seq_wrap] engine_0: ##   0:00:00  Checking assumptions in step 22..
SBY 22:46:36 [wire_mold_header_seq_wrap] engine_0: ##   0:00:00  Checking assertions in step 22..
SBY 22:46:36 [wire_mold_header_seq_wrap] engine_0: ##   0:00:00  Checking assumptions in step 23..
SBY 22:46:36 [wire_mold_header_seq_wrap] engine_0: ##   0:00:00  Checking assertions in step 23..
SBY 22:46:36 [wire_mold_header_seq_wrap] engine_0: ##   0:00:00  Checking assumptions in step 24..
SBY 22:46:36 [wire_mold_header_seq_wrap] engine_0: ##   0:00:00  Checking assertions in step 24..
SBY 22:46:36 [wire_mold_header_seq_wrap] engine_0: ##   0:00:00  Checking assumptions in step 25..
SBY 22:46:36 [wire_mold_header_seq_wrap] engine_0: ##   0:00:00  Checking assertions in step 25..
SBY 22:46:36 [wire_mold_header_seq_wrap] engine_0: ##   0:00:00  Checking assumptions in step 26..
SBY 22:46:36 [wire_mold_header_seq_wrap] engine_0: ##   0:00:00  Checking assertions in step 26..
SBY 22:46:36 [wire_mold_header_seq_wrap] engine_0: ##   0:00:00  Checking assumptions in step 27..
SBY 22:46:36 [wire_mold_header_seq_wrap] engine_0: ##   0:00:00  Checking assertions in step 27..
SBY 22:46:36 [wire_mold_header_seq_wrap] engine_0: ##   0:00:00  Checking assumptions in step 28..
SBY 22:46:36 [wire_mold_header_seq_wrap] engine_0: ##   0:00:00  Checking assertions in step 28..
SBY 22:46:36 [wire_mold_header_seq_wrap] engine_0: ##   0:00:00  Checking assumptions in step 29..
SBY 22:46:36 [wire_mold_header_seq_wrap] engine_0: ##   0:00:00  Checking assertions in step 29..
SBY 22:46:36 [wire_mold_header_seq_wrap] engine_0: ##   0:00:00  Checking assumptions in step 30..
SBY 22:46:36 [wire_mold_header_seq_wrap] engine_0: ##   0:00:00  Checking assertions in step 30..
SBY 22:46:36 [wire_mold_header_seq_wrap] engine_0: ##   0:00:00  Checking assumptions in step 31..
SBY 22:46:36 [wire_mold_header_seq_wrap] engine_0: ##   0:00:00  Checking assertions in step 31..
SBY 22:46:36 [wire_mold_header_seq_wrap] engine_0: ##   0:00:00  Checking assumptions in step 32..
SBY 22:46:36 [wire_mold_header_seq_wrap] engine_0: ##   0:00:00  Checking assertions in step 32..
SBY 22:46:36 [wire_mold_header_seq_wrap] engine_0: ##   0:00:00  Checking assumptions in step 33..
SBY 22:46:36 [wire_mold_header_seq_wrap] engine_0: ##   0:00:00  Checking assertions in step 33..
SBY 22:46:36 [wire_mold_header_seq_wrap] engine_0: ##   0:00:00  Checking assumptions in step 34..
SBY 22:46:36 [wire_mold_header_seq_wrap] engine_0: ##   0:00:00  Checking assertions in step 34..
SBY 22:46:36 [wire_mold_header_seq_wrap] engine_0: ##   0:00:00  Checking assumptions in step 35..
SBY 22:46:36 [wire_mold_header_seq_wrap] engine_0: ##   0:00:00  Checking assertions in step 35..
SBY 22:46:37 [wire_mold_header_seq_wrap] engine_0: ##   0:00:00  Checking assumptions in step 36..
SBY 22:46:37 [wire_mold_header_seq_wrap] engine_0: ##   0:00:00  Checking assertions in step 36..
SBY 22:46:37 [wire_mold_header_seq_wrap] engine_0: ##   0:00:00  Checking assumptions in step 37..
SBY 22:46:37 [wire_mold_header_seq_wrap] engine_0: ##   0:00:00  Checking assertions in step 37..
SBY 22:46:37 [wire_mold_header_seq_wrap] engine_0: ##   0:00:00  Checking assumptions in step 38..
SBY 22:46:37 [wire_mold_header_seq_wrap] engine_0: ##   0:00:00  Checking assertions in step 38..
SBY 22:46:37 [wire_mold_header_seq_wrap] engine_0: ##   0:00:00  Checking assumptions in step 39..
SBY 22:46:37 [wire_mold_header_seq_wrap] engine_0: ##   0:00:00  Checking assertions in step 39..
SBY 22:46:37 [wire_mold_header_seq_wrap] engine_0: ##   0:00:00  Status: passed
SBY 22:46:37 [wire_mold_header_seq_wrap] engine_0: finished (returncode=0)
SBY 22:46:37 [wire_mold_header_seq_wrap] engine_0: Status returned by engine: pass
SBY 22:46:37 [wire_mold_header_seq_wrap] summary: Elapsed clock time [H:MM:SS (secs)]: 0:00:00 (0)
SBY 22:46:37 [wire_mold_header_seq_wrap] summary: Elapsed process time [H:MM:SS (secs)]: 0:00:00 (0)
SBY 22:46:37 [wire_mold_header_seq_wrap] summary: engine_0 (smtbmc yices) returned pass
SBY 22:46:37 [wire_mold_header_seq_wrap] summary: engine_0 did not produce any traces
SBY 22:46:37 [wire_mold_header_seq_wrap] DONE (PASS, rc=0)
