SBY 22:31:30 [wire_mold_message_framer_safety] Removing directory '/Users/Dilan/Projects/wire-to-decision/formal/mold_message_framer/wire_mold_message_framer_safety'.
SBY 22:31:30 [wire_mold_message_framer_safety] Copy '/Users/Dilan/Projects/wire-to-decision/formal/mold_message_framer/../../rtl/arch_a/wire_mold_message_framer.sv' to '/Users/Dilan/Projects/wire-to-decision/formal/mold_message_framer/wire_mold_message_framer_safety/src/wire_mold_message_framer.sv'.
SBY 22:31:30 [wire_mold_message_framer_safety] Copy '/Users/Dilan/Projects/wire-to-decision/formal/mold_message_framer/wire_mold_message_framer_safety.sv' to '/Users/Dilan/Projects/wire-to-decision/formal/mold_message_framer/wire_mold_message_framer_safety/src/wire_mold_message_framer_safety.sv'.
SBY 22:31:30 [wire_mold_message_framer_safety] engine_0: smtbmc yices
SBY 22:31:30 [wire_mold_message_framer_safety] base: starting process "cd wire_mold_message_framer_safety/src; yosys -ql ../model/design.log ../model/design.ys"
SBY 22:31:30 [wire_mold_message_framer_safety] base: finished (returncode=0)
SBY 22:31:30 [wire_mold_message_framer_safety] prep: starting process "cd wire_mold_message_framer_safety/model; yosys -ql design_prep.log design_prep.ys"
SBY 22:31:30 [wire_mold_message_framer_safety] prep: finished (returncode=0)
SBY 22:31:30 [wire_mold_message_framer_safety] smt2: starting process "cd wire_mold_message_framer_safety/model; yosys -ql design_smt2.log design_smt2.ys"
SBY 22:31:30 [wire_mold_message_framer_safety] smt2: finished (returncode=0)
SBY 22:31:30 [wire_mold_message_framer_safety] engine_0: starting process "cd wire_mold_message_framer_safety; yosys-smtbmc -s yices --presat --unroll --noprogress -t 20  --append 0 --dump-vcd engine_0/trace.vcd --dump-yw engine_0/trace.yw --dump-vlogtb engine_0/trace_tb.v --dump-smtc engine_0/trace.smtc model/design_smt2.smt2"
SBY 22:31:30 [wire_mold_message_framer_safety] engine_0: ##   0:00:00  Solver: yices
SBY 22:31:30 [wire_mold_message_framer_safety] engine_0: ##   0:00:00  Checking assumptions in step 0..
SBY 22:31:30 [wire_mold_message_framer_safety] engine_0: ##   0:00:00  Checking assertions in step 0..
SBY 22:31:30 [wire_mold_message_framer_safety] engine_0: ##   0:00:00  Checking assumptions in step 1..
SBY 22:31:30 [wire_mold_message_framer_safety] engine_0: ##   0:00:00  Checking assertions in step 1..
SBY 22:31:30 [wire_mold_message_framer_safety] engine_0: ##   0:00:00  Checking assumptions in step 2..
SBY 22:31:30 [wire_mold_message_framer_safety] engine_0: ##   0:00:00  Checking assertions in step 2..
SBY 22:31:30 [wire_mold_message_framer_safety] engine_0: ##   0:00:00  Checking assumptions in step 3..
SBY 22:31:30 [wire_mold_message_framer_safety] engine_0: ##   0:00:00  Checking assertions in step 3..
SBY 22:31:30 [wire_mold_message_framer_safety] engine_0: ##   0:00:00  Checking assumptions in step 4..
SBY 22:31:30 [wire_mold_message_framer_safety] engine_0: ##   0:00:00  Checking assertions in step 4..
SBY 22:31:30 [wire_mold_message_framer_safety] engine_0: ##   0:00:00  BMC failed!
SBY 22:31:30 [wire_mold_message_framer_safety] engine_0: ##   0:00:00  Assert failed in mold_framer_safety: wire_mold_message_framer_safety.sv:50.13-50.33 (_witness_.check_assert_wire_mold_message_framer_safety_sv_50_132)
SBY 22:31:30 [wire_mold_message_framer_safety] engine_0: ##   0:00:00  Writing trace to VCD file: engine_0/trace.vcd
SBY 22:31:30 [wire_mold_message_framer_safety] engine_0: ##   0:00:00  Writing trace to Verilog testbench: engine_0/trace_tb.v
SBY 22:31:30 [wire_mold_message_framer_safety] engine_0: ##   0:00:00  Writing trace to constraints file: engine_0/trace.smtc
SBY 22:31:30 [wire_mold_message_framer_safety] engine_0: ##   0:00:00  Writing trace to Yosys witness file: engine_0/trace.yw
SBY 22:31:30 [wire_mold_message_framer_safety] engine_0: ##   0:00:00  Status: failed
SBY 22:31:30 [wire_mold_message_framer_safety] engine_0: finished (returncode=1)
SBY 22:31:30 [wire_mold_message_framer_safety] engine_0: Status returned by engine: FAIL
SBY 22:31:30 [wire_mold_message_framer_safety] summary: Elapsed clock time [H:MM:SS (secs)]: 0:00:00 (0)
SBY 22:31:30 [wire_mold_message_framer_safety] summary: Elapsed process time [H:MM:SS (secs)]: 0:00:00 (0)
SBY 22:31:30 [wire_mold_message_framer_safety] summary: engine_0 (smtbmc yices) returned FAIL
SBY 22:31:30 [wire_mold_message_framer_safety] summary: counterexample trace: wire_mold_message_framer_safety/engine_0/trace.vcd
SBY 22:31:30 [wire_mold_message_framer_safety] summary:   failed assertion mold_framer_safety._witness_.check_assert_wire_mold_message_framer_safety_sv_50_132 at wire_mold_message_framer_safety.sv:50.13-50.33 step 4
SBY 22:31:30 [wire_mold_message_framer_safety] DONE (FAIL, rc=2)
