
 /----------------------------------------------------------------------------\
 |  yosys -- Yosys Open SYnthesis Suite                                       |
 |  Copyright (C) 2012 - 2026  Claire Xenia Wolf <claire@yosyshq.com>         |
 |  Distributed under an ISC-like license, type "license" to see terms        |
 \----------------------------------------------------------------------------/
 Yosys 0.69+154 (git sha1 30d62572e-dirty, Release, Clang /usr/local/osxcross/target/bin/aarch64-apple-darwin25.5-clang++ 21.1.8)

-- Executing script file `design_prep.ys' --

1. Executing RTLIL frontend.
Input filename: design.il

2. Executing SCC pass (detecting logic loops).
Found 0 SCCs in module wire_arch_a_parser_late_suffix.
Found 0 SCCs in module wire_arch_a_parser_top.
Found 0 SCCs in module wire_eth_parser.
Found 0 SCCs in module wire_gearbox_64to8.
Found 0 SCCs in module wire_ingress_buffer.
Found 0 SCCs in module wire_ipv4_parser.
Found 0 SCCs in module wire_itch_decoder.
Found 0 SCCs in module wire_mold_header_seq.
Found 0 SCCs in module wire_mold_message_framer.
Found 0 SCCs in module wire_udp_parser.
Found 0 SCCs.

3. Executing SIMPLEMAP pass (map simple cells to gate primitives).

4. Executing MEMORY_NORDFF pass (extracting $dff cells from memories).

5. Executing ASYNC2SYNC pass.

6. Executing OPT_CLEAN pass (remove unused cells and wires).
Finding unused cells or wires in module \wire_arch_a_parser_late_suffix..
Finding unused cells or wires in module \wire_arch_a_parser_top..
Finding unused cells or wires in module \wire_eth_parser..
Finding unused cells or wires in module \wire_gearbox_64to8..
Finding unused cells or wires in module \wire_ingress_buffer..
Finding unused cells or wires in module \wire_ipv4_parser..
Finding unused cells or wires in module \wire_itch_decoder..
Finding unused cells or wires in module \wire_mold_header_seq..
Finding unused cells or wires in module \wire_mold_message_framer..
Finding unused cells or wires in module \wire_udp_parser..
Removed 40 unused cells and 40 unused wires.
<suppressed ~41 debug messages>

7. Executing FORMALFF pass.

8. Executing OPT_CLEAN pass (remove unused cells and wires).
Finding unused cells or wires in module \wire_arch_a_parser_late_suffix..
Finding unused cells or wires in module \wire_arch_a_parser_top..
Finding unused cells or wires in module \wire_eth_parser..
Finding unused cells or wires in module \wire_gearbox_64to8..
Finding unused cells or wires in module \wire_ingress_buffer..
Finding unused cells or wires in module \wire_ipv4_parser..
Finding unused cells or wires in module \wire_itch_decoder..
Finding unused cells or wires in module \wire_mold_header_seq..
Finding unused cells or wires in module \wire_mold_message_framer..
Finding unused cells or wires in module \wire_udp_parser..
Removed 10 unused cells and 10 unused wires.
<suppressed ~20 debug messages>

9. Executing CHECK pass (checking for obvious problems).
Checking module wire_arch_a_parser_late_suffix...
Checking module wire_arch_a_parser_top...
Checking module wire_eth_parser...
Checking module wire_gearbox_64to8...
Checking module wire_ingress_buffer...
Checking module wire_ipv4_parser...
Checking module wire_itch_decoder...
Checking module wire_mold_header_seq...
Checking module wire_mold_message_framer...
Checking module wire_udp_parser...
Found and reported 0 problems.

10. Executing SETUNDEF pass (replace undef values with defined constants).

11. Executing OPT pass (performing simple optimizations).

11.1. Executing OPT_EXPR pass (perform const folding).
Optimizing module wire_arch_a_parser_late_suffix.
Optimizing module wire_arch_a_parser_top.
Optimizing module wire_eth_parser.
Optimizing module wire_gearbox_64to8.
<suppressed ~3 debug messages>
Optimizing module wire_ingress_buffer.
Optimizing module wire_ipv4_parser.
<suppressed ~2 debug messages>
Optimizing module wire_itch_decoder.
Optimizing module wire_mold_header_seq.
<suppressed ~2 debug messages>
Optimizing module wire_mold_message_framer.
Optimizing module wire_udp_parser.
<suppressed ~2 debug messages>

11.2. Executing OPT_MERGE pass (detect identical cells).
Finding identical cells in module `\wire_arch_a_parser_late_suffix'.
Computing hashes of 81 cells of `\wire_arch_a_parser_late_suffix'.
Finding duplicate cells in `\wire_arch_a_parser_late_suffix'.
Computing hashes of 74 cells of `\wire_arch_a_parser_late_suffix'.
Finding duplicate cells in `\wire_arch_a_parser_late_suffix'.
<suppressed ~21 debug messages>
Finding identical cells in module `\wire_arch_a_parser_top'.
Computing hashes of 49 cells of `\wire_arch_a_parser_top'.
Finding duplicate cells in `\wire_arch_a_parser_top'.
Finding identical cells in module `\wire_eth_parser'.
Computing hashes of 82 cells of `\wire_eth_parser'.
Finding duplicate cells in `\wire_eth_parser'.
Finding identical cells in module `\wire_gearbox_64to8'.
Computing hashes of 43 cells of `\wire_gearbox_64to8'.
Finding duplicate cells in `\wire_gearbox_64to8'.
Finding identical cells in module `\wire_ingress_buffer'.
Computing hashes of 41 cells of `\wire_ingress_buffer'.
Finding duplicate cells in `\wire_ingress_buffer'.
Finding identical cells in module `\wire_ipv4_parser'.
Computing hashes of 166 cells of `\wire_ipv4_parser'.
Finding duplicate cells in `\wire_ipv4_parser'.
Finding identical cells in module `\wire_itch_decoder'.
Computing hashes of 331 cells of `\wire_itch_decoder'.
Finding duplicate cells in `\wire_itch_decoder'.
Finding identical cells in module `\wire_mold_header_seq'.
Computing hashes of 203 cells of `\wire_mold_header_seq'.
Finding duplicate cells in `\wire_mold_header_seq'.
Finding identical cells in module `\wire_mold_message_framer'.
Computing hashes of 176 cells of `\wire_mold_message_framer'.
Finding duplicate cells in `\wire_mold_message_framer'.
Finding identical cells in module `\wire_udp_parser'.
Computing hashes of 178 cells of `\wire_udp_parser'.
Finding duplicate cells in `\wire_udp_parser'.
Removed a total of 7 cells.

11.3. Executing OPT_DFF pass (perform DFF optimizations).

11.4. Executing OPT_CLEAN pass (remove unused cells and wires).
Finding unused cells or wires in module \wire_arch_a_parser_late_suffix..
Finding unused cells or wires in module \wire_arch_a_parser_top..
Finding unused cells or wires in module \wire_eth_parser..
Finding unused cells or wires in module \wire_gearbox_64to8..
Finding unused cells or wires in module \wire_ingress_buffer..
Finding unused cells or wires in module \wire_ipv4_parser..
Finding unused cells or wires in module \wire_itch_decoder..
Finding unused cells or wires in module \wire_mold_header_seq..
Finding unused cells or wires in module \wire_mold_message_framer..
Finding unused cells or wires in module \wire_udp_parser..
Removed 9 unused cells and 30 unused wires.
<suppressed ~25 debug messages>

11.5. Finished fast OPT passes.

12. Executing OPT_CLEAN pass (remove unused cells and wires).
Finding unused cells or wires in module \wire_arch_a_parser_late_suffix..
Finding unused cells or wires in module \wire_arch_a_parser_top..
Finding unused cells or wires in module \wire_eth_parser..
Finding unused cells or wires in module \wire_gearbox_64to8..
Finding unused cells or wires in module \wire_ingress_buffer..
Finding unused cells or wires in module \wire_ipv4_parser..
Finding unused cells or wires in module \wire_itch_decoder..
Finding unused cells or wires in module \wire_mold_header_seq..
Finding unused cells or wires in module \wire_mold_message_framer..
Finding unused cells or wires in module \wire_udp_parser..
Removed 0 unused cells and 17 unused wires.
<suppressed ~3 debug messages>

13. Executing RTLIL backend.
Output filename: ../model/design_prep.il

End of script. Logfile hash: 77c9e71262, time: 0.08s, user: 0.09s, system: 0.01s, MEM: 21.78 MB peak
Yosys 0.69+154 (git sha1 30d62572e-dirty, Release, Clang /usr/local/osxcross/target/bin/aarch64-apple-darwin25.5-clang++ 21.1.8)
Time spent: 38% 4x opt_clean (0 sec), 19% 1x check (0 sec), ...
