SBY 21:50:05 [/tmp/wire019a_formal/wire_ingress_buffer_reference_bmc] Removing directory '/tmp/wire019a_formal/wire_ingress_buffer_reference_bmc'.
SBY 21:50:05 [/tmp/wire019a_formal/wire_ingress_buffer_reference_bmc] Copy '/Users/Dilan/Projects/wire-to-decision/rtl/common/wire_ingress_buffer.sv' to '/tmp/wire019a_formal/wire_ingress_buffer_reference_bmc/src/wire_ingress_buffer.sv'.
SBY 21:50:05 [/tmp/wire019a_formal/wire_ingress_buffer_reference_bmc] Copy '/Users/Dilan/Projects/wire-to-decision/formal/ingress_buffer/wire_ingress_buffer_reference.sv' to '/tmp/wire019a_formal/wire_ingress_buffer_reference_bmc/src/wire_ingress_buffer_reference.sv'.
SBY 21:50:05 [/tmp/wire019a_formal/wire_ingress_buffer_reference_bmc] engine_0: smtbmc yices
SBY 21:50:05 [/tmp/wire019a_formal/wire_ingress_buffer_reference_bmc] base: starting process "cd /tmp/wire019a_formal/wire_ingress_buffer_reference_bmc/src; yosys -ql ../model/design.log ../model/design.ys"
SBY 21:50:05 [/tmp/wire019a_formal/wire_ingress_buffer_reference_bmc] base: finished (returncode=0)
SBY 21:50:05 [/tmp/wire019a_formal/wire_ingress_buffer_reference_bmc] prep: starting process "cd /tmp/wire019a_formal/wire_ingress_buffer_reference_bmc/model; yosys -ql design_prep.log design_prep.ys"
SBY 21:50:05 [/tmp/wire019a_formal/wire_ingress_buffer_reference_bmc] prep: finished (returncode=0)
SBY 21:50:05 [/tmp/wire019a_formal/wire_ingress_buffer_reference_bmc] smt2: starting process "cd /tmp/wire019a_formal/wire_ingress_buffer_reference_bmc/model; yosys -ql design_smt2.log design_smt2.ys"
SBY 21:50:05 [/tmp/wire019a_formal/wire_ingress_buffer_reference_bmc] smt2: finished (returncode=0)
SBY 21:50:05 [/tmp/wire019a_formal/wire_ingress_buffer_reference_bmc] engine_0: starting process "cd /tmp/wire019a_formal/wire_ingress_buffer_reference_bmc; yosys-smtbmc -s yices --presat --unroll --noprogress -t 10  --append 0 --dump-vcd engine_0/trace.vcd --dump-yw engine_0/trace.yw --dump-vlogtb engine_0/trace_tb.v --dump-smtc engine_0/trace.smtc model/design_smt2.smt2"
SBY 21:50:06 [/tmp/wire019a_formal/wire_ingress_buffer_reference_bmc] engine_0: ##   0:00:00  Solver: yices
SBY 21:50:06 [/tmp/wire019a_formal/wire_ingress_buffer_reference_bmc] engine_0: ##   0:00:00  Checking assumptions in step 0..
SBY 21:50:06 [/tmp/wire019a_formal/wire_ingress_buffer_reference_bmc] engine_0: ##   0:00:00  Checking assertions in step 0..
SBY 21:50:06 [/tmp/wire019a_formal/wire_ingress_buffer_reference_bmc] engine_0: ##   0:00:00  Checking assumptions in step 1..
SBY 21:50:06 [/tmp/wire019a_formal/wire_ingress_buffer_reference_bmc] engine_0: ##   0:00:00  Checking assertions in step 1..
SBY 21:50:06 [/tmp/wire019a_formal/wire_ingress_buffer_reference_bmc] engine_0: ##   0:00:00  Checking assumptions in step 2..
SBY 21:50:06 [/tmp/wire019a_formal/wire_ingress_buffer_reference_bmc] engine_0: ##   0:00:00  Checking assertions in step 2..
SBY 21:50:06 [/tmp/wire019a_formal/wire_ingress_buffer_reference_bmc] engine_0: ##   0:00:00  Checking assumptions in step 3..
SBY 21:50:06 [/tmp/wire019a_formal/wire_ingress_buffer_reference_bmc] engine_0: ##   0:00:00  Checking assertions in step 3..
SBY 21:50:06 [/tmp/wire019a_formal/wire_ingress_buffer_reference_bmc] engine_0: ##   0:00:00  Checking assumptions in step 4..
SBY 21:50:06 [/tmp/wire019a_formal/wire_ingress_buffer_reference_bmc] engine_0: ##   0:00:00  Checking assertions in step 4..
SBY 21:50:06 [/tmp/wire019a_formal/wire_ingress_buffer_reference_bmc] engine_0: ##   0:00:00  Checking assumptions in step 5..
SBY 21:50:06 [/tmp/wire019a_formal/wire_ingress_buffer_reference_bmc] engine_0: ##   0:00:00  Checking assertions in step 5..
SBY 21:50:06 [/tmp/wire019a_formal/wire_ingress_buffer_reference_bmc] engine_0: ##   0:00:00  Checking assumptions in step 6..
SBY 21:50:06 [/tmp/wire019a_formal/wire_ingress_buffer_reference_bmc] engine_0: ##   0:00:00  Checking assertions in step 6..
SBY 21:50:07 [/tmp/wire019a_formal/wire_ingress_buffer_reference_bmc] engine_0: ##   0:00:01  Checking assumptions in step 7..
SBY 21:50:07 [/tmp/wire019a_formal/wire_ingress_buffer_reference_bmc] engine_0: ##   0:00:01  Checking assertions in step 7..
SBY 21:50:09 [/tmp/wire019a_formal/wire_ingress_buffer_reference_bmc] engine_0: ##   0:00:03  Checking assumptions in step 8..
SBY 21:50:09 [/tmp/wire019a_formal/wire_ingress_buffer_reference_bmc] engine_0: ##   0:00:03  Checking assertions in step 8..
SBY 21:50:11 [/tmp/wire019a_formal/wire_ingress_buffer_reference_bmc] engine_0: ##   0:00:05  Checking assumptions in step 9..
SBY 21:50:11 [/tmp/wire019a_formal/wire_ingress_buffer_reference_bmc] engine_0: ##   0:00:05  Checking assertions in step 9..
SBY 21:50:15 [/tmp/wire019a_formal/wire_ingress_buffer_reference_bmc] engine_0: ##   0:00:09  Status: passed
SBY 21:50:15 [/tmp/wire019a_formal/wire_ingress_buffer_reference_bmc] engine_0: finished (returncode=0)
SBY 21:50:15 [/tmp/wire019a_formal/wire_ingress_buffer_reference_bmc] engine_0: Status returned by engine: pass
SBY 21:50:15 [/tmp/wire019a_formal/wire_ingress_buffer_reference_bmc] summary: Elapsed clock time [H:MM:SS (secs)]: 0:00:09 (9)
SBY 21:50:15 [/tmp/wire019a_formal/wire_ingress_buffer_reference_bmc] summary: Elapsed process time [H:MM:SS (secs)]: 0:00:09 (9)
SBY 21:50:15 [/tmp/wire019a_formal/wire_ingress_buffer_reference_bmc] summary: engine_0 (smtbmc yices) returned pass
SBY 21:50:15 [/tmp/wire019a_formal/wire_ingress_buffer_reference_bmc] summary: engine_0 did not produce any traces
SBY 21:50:15 [/tmp/wire019a_formal/wire_ingress_buffer_reference_bmc] DONE (PASS, rc=0)
