SBY 21:54:05 [/tmp/wire019a_formal/wire_udp_parser_cover] Removing directory '/tmp/wire019a_formal/wire_udp_parser_cover'.
SBY 21:54:05 [/tmp/wire019a_formal/wire_udp_parser_cover] Copy '/Users/Dilan/Projects/wire-to-decision/formal/udp_parser/../../rtl/arch_a/wire_udp_parser.sv' to '/tmp/wire019a_formal/wire_udp_parser_cover/src/wire_udp_parser.sv'.
SBY 21:54:05 [/tmp/wire019a_formal/wire_udp_parser_cover] Copy '/Users/Dilan/Projects/wire-to-decision/formal/udp_parser/wire_udp_parser_formal.sv' to '/tmp/wire019a_formal/wire_udp_parser_cover/src/wire_udp_parser_formal.sv'.
SBY 21:54:05 [/tmp/wire019a_formal/wire_udp_parser_cover] engine_0: smtbmc yices
SBY 21:54:05 [/tmp/wire019a_formal/wire_udp_parser_cover] base: starting process "cd /tmp/wire019a_formal/wire_udp_parser_cover/src; yosys -ql ../model/design.log ../model/design.ys"
SBY 21:54:05 [/tmp/wire019a_formal/wire_udp_parser_cover] base: finished (returncode=0)
SBY 21:54:05 [/tmp/wire019a_formal/wire_udp_parser_cover] prep: starting process "cd /tmp/wire019a_formal/wire_udp_parser_cover/model; yosys -ql design_prep.log design_prep.ys"
SBY 21:54:05 [/tmp/wire019a_formal/wire_udp_parser_cover] prep: finished (returncode=0)
SBY 21:54:05 [/tmp/wire019a_formal/wire_udp_parser_cover] smt2: starting process "cd /tmp/wire019a_formal/wire_udp_parser_cover/model; yosys -ql design_smt2.log design_smt2.ys"
SBY 21:54:05 [/tmp/wire019a_formal/wire_udp_parser_cover] smt2: finished (returncode=0)
SBY 21:54:05 [/tmp/wire019a_formal/wire_udp_parser_cover] engine_0: starting process "cd /tmp/wire019a_formal/wire_udp_parser_cover; yosys-smtbmc -s yices --presat --unroll -c --noprogress -t 24  --append 0 --dump-vcd engine_0/trace%.vcd --dump-yw engine_0/trace%.yw --dump-vlogtb engine_0/trace%_tb.v --dump-smtc engine_0/trace%.smtc model/design_smt2.smt2"
SBY 21:54:05 [/tmp/wire019a_formal/wire_udp_parser_cover] engine_0: ##   0:00:00  Solver: yices
SBY 21:54:05 [/tmp/wire019a_formal/wire_udp_parser_cover] engine_0: ##   0:00:00  Checking cover reachability in step 0..
SBY 21:54:05 [/tmp/wire019a_formal/wire_udp_parser_cover] engine_0: ##   0:00:00  Checking cover reachability in step 1..
SBY 21:54:05 [/tmp/wire019a_formal/wire_udp_parser_cover] engine_0: ##   0:00:00  Checking cover reachability in step 2..
SBY 21:54:05 [/tmp/wire019a_formal/wire_udp_parser_cover] engine_0: ##   0:00:00  Checking cover reachability in step 3..
SBY 21:54:05 [/tmp/wire019a_formal/wire_udp_parser_cover] engine_0: ##   0:00:00  Reached cover statement in step 3 at udp_cover: wire_udp_parser_formal.sv:248.13-248.49 (_witness_.check_cover_wire_udp_parser_formal_sv_248_261)
SBY 21:54:05 [/tmp/wire019a_formal/wire_udp_parser_cover] engine_0: ##   0:00:00  Writing trace to VCD file: engine_0/trace0.vcd
SBY 21:54:05 [/tmp/wire019a_formal/wire_udp_parser_cover] engine_0: ##   0:00:00  Writing trace to Verilog testbench: engine_0/trace0_tb.v
SBY 21:54:05 [/tmp/wire019a_formal/wire_udp_parser_cover] engine_0: ##   0:00:00  Writing trace to constraints file: engine_0/trace0.smtc
SBY 21:54:05 [/tmp/wire019a_formal/wire_udp_parser_cover] engine_0: ##   0:00:00  Writing trace to Yosys witness file: engine_0/trace0.yw
SBY 21:54:05 [/tmp/wire019a_formal/wire_udp_parser_cover] engine_0: ##   0:00:00  Checking cover reachability in step 3..
SBY 21:54:05 [/tmp/wire019a_formal/wire_udp_parser_cover] engine_0: ##   0:00:00  Checking cover reachability in step 4..
SBY 21:54:05 [/tmp/wire019a_formal/wire_udp_parser_cover] engine_0: ##   0:00:00  Checking cover reachability in step 5..
SBY 21:54:05 [/tmp/wire019a_formal/wire_udp_parser_cover] engine_0: ##   0:00:00  Checking cover reachability in step 6..
SBY 21:54:05 [/tmp/wire019a_formal/wire_udp_parser_cover] engine_0: ##   0:00:00  Checking cover reachability in step 7..
SBY 21:54:06 [/tmp/wire019a_formal/wire_udp_parser_cover] engine_0: ##   0:00:00  Checking cover reachability in step 8..
SBY 21:54:06 [/tmp/wire019a_formal/wire_udp_parser_cover] engine_0: ##   0:00:00  Checking cover reachability in step 9..
SBY 21:54:06 [/tmp/wire019a_formal/wire_udp_parser_cover] engine_0: ##   0:00:00  Checking cover reachability in step 10..
SBY 21:54:06 [/tmp/wire019a_formal/wire_udp_parser_cover] engine_0: ##   0:00:00  Reached cover statement in step 10 at udp_cover: wire_udp_parser_formal.sv:243.13-243.71 (_witness_.check_cover_wire_udp_parser_formal_sv_243_242)
SBY 21:54:06 [/tmp/wire019a_formal/wire_udp_parser_cover] engine_0: ##   0:00:00  Writing trace to VCD file: engine_0/trace1.vcd
SBY 21:54:06 [/tmp/wire019a_formal/wire_udp_parser_cover] engine_0: ##   0:00:00  Writing trace to Verilog testbench: engine_0/trace1_tb.v
SBY 21:54:06 [/tmp/wire019a_formal/wire_udp_parser_cover] engine_0: ##   0:00:00  Writing trace to constraints file: engine_0/trace1.smtc
SBY 21:54:06 [/tmp/wire019a_formal/wire_udp_parser_cover] engine_0: ##   0:00:00  Writing trace to Yosys witness file: engine_0/trace1.yw
SBY 21:54:06 [/tmp/wire019a_formal/wire_udp_parser_cover] engine_0: ##   0:00:00  Checking cover reachability in step 10..
SBY 21:54:06 [/tmp/wire019a_formal/wire_udp_parser_cover] engine_0: ##   0:00:00  Reached cover statement in step 10 at udp_cover: wire_udp_parser_formal.sv:244.13-244.71 (_witness_.check_cover_wire_udp_parser_formal_sv_244_246)
SBY 21:54:06 [/tmp/wire019a_formal/wire_udp_parser_cover] engine_0: ##   0:00:00  Writing trace to VCD file: engine_0/trace2.vcd
SBY 21:54:06 [/tmp/wire019a_formal/wire_udp_parser_cover] engine_0: ##   0:00:00  Writing trace to Verilog testbench: engine_0/trace2_tb.v
SBY 21:54:06 [/tmp/wire019a_formal/wire_udp_parser_cover] engine_0: ##   0:00:00  Writing trace to constraints file: engine_0/trace2.smtc
SBY 21:54:06 [/tmp/wire019a_formal/wire_udp_parser_cover] engine_0: ##   0:00:00  Writing trace to Yosys witness file: engine_0/trace2.yw
SBY 21:54:06 [/tmp/wire019a_formal/wire_udp_parser_cover] engine_0: ##   0:00:00  Checking cover reachability in step 10..
SBY 21:54:06 [/tmp/wire019a_formal/wire_udp_parser_cover] engine_0: ##   0:00:00  Reached cover statement in step 10 at udp_cover: wire_udp_parser_formal.sv:245.13-245.71 (_witness_.check_cover_wire_udp_parser_formal_sv_245_250)
SBY 21:54:06 [/tmp/wire019a_formal/wire_udp_parser_cover] engine_0: ##   0:00:00  Writing trace to VCD file: engine_0/trace3.vcd
SBY 21:54:06 [/tmp/wire019a_formal/wire_udp_parser_cover] engine_0: ##   0:00:00  Writing trace to Verilog testbench: engine_0/trace3_tb.v
SBY 21:54:06 [/tmp/wire019a_formal/wire_udp_parser_cover] engine_0: ##   0:00:00  Writing trace to constraints file: engine_0/trace3.smtc
SBY 21:54:06 [/tmp/wire019a_formal/wire_udp_parser_cover] engine_0: ##   0:00:00  Writing trace to Yosys witness file: engine_0/trace3.yw
SBY 21:54:06 [/tmp/wire019a_formal/wire_udp_parser_cover] engine_0: ##   0:00:00  Checking cover reachability in step 10..
SBY 21:54:06 [/tmp/wire019a_formal/wire_udp_parser_cover] engine_0: ##   0:00:00  Reached cover statement in step 10 at udp_cover: wire_udp_parser_formal.sv:246.13-246.71 (_witness_.check_cover_wire_udp_parser_formal_sv_246_254)
SBY 21:54:06 [/tmp/wire019a_formal/wire_udp_parser_cover] engine_0: ##   0:00:00  Writing trace to VCD file: engine_0/trace4.vcd
SBY 21:54:06 [/tmp/wire019a_formal/wire_udp_parser_cover] engine_0: ##   0:00:00  Writing trace to Verilog testbench: engine_0/trace4_tb.v
SBY 21:54:06 [/tmp/wire019a_formal/wire_udp_parser_cover] engine_0: ##   0:00:00  Writing trace to constraints file: engine_0/trace4.smtc
SBY 21:54:06 [/tmp/wire019a_formal/wire_udp_parser_cover] engine_0: ##   0:00:00  Writing trace to Yosys witness file: engine_0/trace4.yw
SBY 21:54:06 [/tmp/wire019a_formal/wire_udp_parser_cover] engine_0: ##   0:00:00  Checking cover reachability in step 10..
SBY 21:54:06 [/tmp/wire019a_formal/wire_udp_parser_cover] engine_0: ##   0:00:00  Checking cover reachability in step 11..
SBY 21:54:06 [/tmp/wire019a_formal/wire_udp_parser_cover] engine_0: ##   0:00:00  Reached cover statement in step 11 at udp_cover: wire_udp_parser_formal.sv:247.13-247.43 (_witness_.check_cover_wire_udp_parser_formal_sv_247_258)
SBY 21:54:06 [/tmp/wire019a_formal/wire_udp_parser_cover] engine_0: ##   0:00:00  Writing trace to VCD file: engine_0/trace5.vcd
SBY 21:54:06 [/tmp/wire019a_formal/wire_udp_parser_cover] engine_0: ##   0:00:00  Writing trace to Verilog testbench: engine_0/trace5_tb.v
SBY 21:54:06 [/tmp/wire019a_formal/wire_udp_parser_cover] engine_0: ##   0:00:00  Writing trace to constraints file: engine_0/trace5.smtc
SBY 21:54:06 [/tmp/wire019a_formal/wire_udp_parser_cover] engine_0: ##   0:00:00  Writing trace to Yosys witness file: engine_0/trace5.yw
SBY 21:54:06 [/tmp/wire019a_formal/wire_udp_parser_cover] engine_0: ##   0:00:00  Checking cover reachability in step 11..
SBY 21:54:06 [/tmp/wire019a_formal/wire_udp_parser_cover] engine_0: ##   0:00:00  Reached cover statement in step 11 at udp_cover: wire_udp_parser_formal.sv:242.13-242.54 (_witness_.check_cover_wire_udp_parser_formal_sv_242_239)
SBY 21:54:06 [/tmp/wire019a_formal/wire_udp_parser_cover] engine_0: ##   0:00:00  Writing trace to VCD file: engine_0/trace6.vcd
SBY 21:54:06 [/tmp/wire019a_formal/wire_udp_parser_cover] engine_0: ##   0:00:00  Writing trace to Verilog testbench: engine_0/trace6_tb.v
SBY 21:54:06 [/tmp/wire019a_formal/wire_udp_parser_cover] engine_0: ##   0:00:00  Writing trace to constraints file: engine_0/trace6.smtc
SBY 21:54:06 [/tmp/wire019a_formal/wire_udp_parser_cover] engine_0: ##   0:00:00  Writing trace to Yosys witness file: engine_0/trace6.yw
SBY 21:54:06 [/tmp/wire019a_formal/wire_udp_parser_cover] engine_0: ##   0:00:00  Status: passed
SBY 21:54:06 [/tmp/wire019a_formal/wire_udp_parser_cover] engine_0: finished (returncode=0)
SBY 21:54:06 [/tmp/wire019a_formal/wire_udp_parser_cover] engine_0: Status returned by engine: pass
SBY 21:54:06 [/tmp/wire019a_formal/wire_udp_parser_cover] summary: Elapsed clock time [H:MM:SS (secs)]: 0:00:00 (0)
SBY 21:54:06 [/tmp/wire019a_formal/wire_udp_parser_cover] summary: Elapsed process time [H:MM:SS (secs)]: 0:00:00 (0)
SBY 21:54:06 [/tmp/wire019a_formal/wire_udp_parser_cover] summary: engine_0 (smtbmc yices) returned pass
SBY 21:54:06 [/tmp/wire019a_formal/wire_udp_parser_cover] summary: cover trace: /tmp/wire019a_formal/wire_udp_parser_cover/engine_0/trace0.vcd
SBY 21:54:06 [/tmp/wire019a_formal/wire_udp_parser_cover] summary:   reached cover statement udp_cover._witness_.check_cover_wire_udp_parser_formal_sv_248_261 at wire_udp_parser_formal.sv:248.13-248.49 step 3
SBY 21:54:06 [/tmp/wire019a_formal/wire_udp_parser_cover] summary: cover trace: /tmp/wire019a_formal/wire_udp_parser_cover/engine_0/trace1.vcd
SBY 21:54:06 [/tmp/wire019a_formal/wire_udp_parser_cover] summary:   reached cover statement udp_cover._witness_.check_cover_wire_udp_parser_formal_sv_243_242 at wire_udp_parser_formal.sv:243.13-243.71 step 10
SBY 21:54:06 [/tmp/wire019a_formal/wire_udp_parser_cover] summary: cover trace: /tmp/wire019a_formal/wire_udp_parser_cover/engine_0/trace2.vcd
SBY 21:54:06 [/tmp/wire019a_formal/wire_udp_parser_cover] summary:   reached cover statement udp_cover._witness_.check_cover_wire_udp_parser_formal_sv_244_246 at wire_udp_parser_formal.sv:244.13-244.71 step 10
SBY 21:54:06 [/tmp/wire019a_formal/wire_udp_parser_cover] summary: cover trace: /tmp/wire019a_formal/wire_udp_parser_cover/engine_0/trace3.vcd
SBY 21:54:06 [/tmp/wire019a_formal/wire_udp_parser_cover] summary:   reached cover statement udp_cover._witness_.check_cover_wire_udp_parser_formal_sv_245_250 at wire_udp_parser_formal.sv:245.13-245.71 step 10
SBY 21:54:06 [/tmp/wire019a_formal/wire_udp_parser_cover] summary: cover trace: /tmp/wire019a_formal/wire_udp_parser_cover/engine_0/trace4.vcd
SBY 21:54:06 [/tmp/wire019a_formal/wire_udp_parser_cover] summary:   reached cover statement udp_cover._witness_.check_cover_wire_udp_parser_formal_sv_246_254 at wire_udp_parser_formal.sv:246.13-246.71 step 10
SBY 21:54:06 [/tmp/wire019a_formal/wire_udp_parser_cover] summary: and 2 further traces
SBY 21:54:06 [/tmp/wire019a_formal/wire_udp_parser_cover] summary: see /tmp/wire019a_formal/wire_udp_parser_cover/PASS for a complete summary
SBY 21:54:06 [/tmp/wire019a_formal/wire_udp_parser_cover] DONE (PASS, rc=0)
