SBY 23:20:59 [formal/ingress_buffer/wire_ingress_buffer_cover] Removing directory '/Users/Dilan/Projects/wire-to-decision/formal/ingress_buffer/wire_ingress_buffer_cover'.
SBY 23:20:59 [formal/ingress_buffer/wire_ingress_buffer_cover] Copy '/Users/Dilan/Projects/wire-to-decision/rtl/common/wire_ingress_buffer.sv' to '/Users/Dilan/Projects/wire-to-decision/formal/ingress_buffer/wire_ingress_buffer_cover/src/wire_ingress_buffer.sv'.
SBY 23:20:59 [formal/ingress_buffer/wire_ingress_buffer_cover] Copy '/Users/Dilan/Projects/wire-to-decision/formal/ingress_buffer/wire_ingress_buffer_reference.sv' to '/Users/Dilan/Projects/wire-to-decision/formal/ingress_buffer/wire_ingress_buffer_cover/src/wire_ingress_buffer_reference.sv'.
SBY 23:20:59 [formal/ingress_buffer/wire_ingress_buffer_cover] engine_0: smtbmc yices
SBY 23:20:59 [formal/ingress_buffer/wire_ingress_buffer_cover] base: starting process "cd formal/ingress_buffer/wire_ingress_buffer_cover/src; yosys -ql ../model/design.log ../model/design.ys"
SBY 23:20:59 [formal/ingress_buffer/wire_ingress_buffer_cover] base: finished (returncode=0)
SBY 23:20:59 [formal/ingress_buffer/wire_ingress_buffer_cover] prep: starting process "cd formal/ingress_buffer/wire_ingress_buffer_cover/model; yosys -ql design_prep.log design_prep.ys"
SBY 23:20:59 [formal/ingress_buffer/wire_ingress_buffer_cover] prep: finished (returncode=0)
SBY 23:20:59 [formal/ingress_buffer/wire_ingress_buffer_cover] smt2: starting process "cd formal/ingress_buffer/wire_ingress_buffer_cover/model; yosys -ql design_smt2.log design_smt2.ys"
SBY 23:20:59 [formal/ingress_buffer/wire_ingress_buffer_cover] smt2: finished (returncode=0)
SBY 23:20:59 [formal/ingress_buffer/wire_ingress_buffer_cover] engine_0: starting process "cd formal/ingress_buffer/wire_ingress_buffer_cover; yosys-smtbmc -s yices --presat --unroll -c --noprogress -t 10  --append 0 --dump-vcd engine_0/trace%.vcd --dump-yw engine_0/trace%.yw --dump-vlogtb engine_0/trace%_tb.v --dump-smtc engine_0/trace%.smtc model/design_smt2.smt2"
SBY 23:20:59 [formal/ingress_buffer/wire_ingress_buffer_cover] engine_0: ##   0:00:00  Solver: yices
SBY 23:20:59 [formal/ingress_buffer/wire_ingress_buffer_cover] engine_0: ##   0:00:00  Checking cover reachability in step 0..
SBY 23:20:59 [formal/ingress_buffer/wire_ingress_buffer_cover] engine_0: ##   0:00:00  Checking cover reachability in step 1..
SBY 23:20:59 [formal/ingress_buffer/wire_ingress_buffer_cover] engine_0: ##   0:00:00  Checking cover reachability in step 2..
SBY 23:20:59 [formal/ingress_buffer/wire_ingress_buffer_cover] engine_0: ##   0:00:00  Checking cover reachability in step 3..
SBY 23:20:59 [formal/ingress_buffer/wire_ingress_buffer_cover] engine_0: ##   0:00:00  Reached cover statement in step 3 at wire_ingress_buffer_reference: wire_ingress_buffer_reference.sv:144.13-144.66 (_witness_.check_cover_wire_ingress_buffer_reference_sv_144_127)
SBY 23:20:59 [formal/ingress_buffer/wire_ingress_buffer_cover] engine_0: ##   0:00:00  Writing trace to VCD file: engine_0/trace0.vcd
SBY 23:20:59 [formal/ingress_buffer/wire_ingress_buffer_cover] engine_0: ##   0:00:00  Writing trace to Verilog testbench: engine_0/trace0_tb.v
SBY 23:20:59 [formal/ingress_buffer/wire_ingress_buffer_cover] engine_0: ##   0:00:00  Writing trace to constraints file: engine_0/trace0.smtc
SBY 23:20:59 [formal/ingress_buffer/wire_ingress_buffer_cover] engine_0: ##   0:00:00  Writing trace to Yosys witness file: engine_0/trace0.yw
SBY 23:20:59 [formal/ingress_buffer/wire_ingress_buffer_cover] engine_0: ##   0:00:00  Checking cover reachability in step 3..
SBY 23:20:59 [formal/ingress_buffer/wire_ingress_buffer_cover] engine_0: ##   0:00:00  Checking cover reachability in step 4..
SBY 23:20:59 [formal/ingress_buffer/wire_ingress_buffer_cover] engine_0: ##   0:00:00  Reached cover statement in step 4 at wire_ingress_buffer_reference: wire_ingress_buffer_reference.sv:146.13-146.66 (_witness_.check_cover_wire_ingress_buffer_reference_sv_146_132)
SBY 23:20:59 [formal/ingress_buffer/wire_ingress_buffer_cover] engine_0: ##   0:00:00  Writing trace to VCD file: engine_0/trace1.vcd
SBY 23:20:59 [formal/ingress_buffer/wire_ingress_buffer_cover] engine_0: ##   0:00:00  Writing trace to Verilog testbench: engine_0/trace1_tb.v
SBY 23:20:59 [formal/ingress_buffer/wire_ingress_buffer_cover] engine_0: ##   0:00:00  Writing trace to constraints file: engine_0/trace1.smtc
SBY 23:20:59 [formal/ingress_buffer/wire_ingress_buffer_cover] engine_0: ##   0:00:00  Writing trace to Yosys witness file: engine_0/trace1.yw
SBY 23:20:59 [formal/ingress_buffer/wire_ingress_buffer_cover] engine_0: ##   0:00:00  Status: passed
SBY 23:20:59 [formal/ingress_buffer/wire_ingress_buffer_cover] engine_0: finished (returncode=0)
SBY 23:20:59 [formal/ingress_buffer/wire_ingress_buffer_cover] engine_0: Status returned by engine: pass
SBY 23:20:59 [formal/ingress_buffer/wire_ingress_buffer_cover] summary: Elapsed clock time [H:MM:SS (secs)]: 0:00:00 (0)
SBY 23:20:59 [formal/ingress_buffer/wire_ingress_buffer_cover] summary: Elapsed process time [H:MM:SS (secs)]: 0:00:00 (0)
SBY 23:20:59 [formal/ingress_buffer/wire_ingress_buffer_cover] summary: engine_0 (smtbmc yices) returned pass
SBY 23:20:59 [formal/ingress_buffer/wire_ingress_buffer_cover] summary: cover trace: formal/ingress_buffer/wire_ingress_buffer_cover/engine_0/trace0.vcd
SBY 23:20:59 [formal/ingress_buffer/wire_ingress_buffer_cover] summary:   reached cover statement wire_ingress_buffer_reference._witness_.check_cover_wire_ingress_buffer_reference_sv_144_127 at wire_ingress_buffer_reference.sv:144.13-144.66 step 3
SBY 23:20:59 [formal/ingress_buffer/wire_ingress_buffer_cover] summary: cover trace: formal/ingress_buffer/wire_ingress_buffer_cover/engine_0/trace1.vcd
SBY 23:20:59 [formal/ingress_buffer/wire_ingress_buffer_cover] summary:   reached cover statement wire_ingress_buffer_reference._witness_.check_cover_wire_ingress_buffer_reference_sv_146_132 at wire_ingress_buffer_reference.sv:146.13-146.66 step 4
SBY 23:20:59 [formal/ingress_buffer/wire_ingress_buffer_cover] DONE (PASS, rc=0)
