
 /----------------------------------------------------------------------------\
 |  yosys -- Yosys Open SYnthesis Suite                                       |
 |  Copyright (C) 2012 - 2026  Claire Xenia Wolf <claire@yosyshq.com>         |
 |  Distributed under an ISC-like license, type "license" to see terms        |
 \----------------------------------------------------------------------------/
 Yosys 0.69+154 (git sha1 30d62572e-dirty, Release, Clang /usr/local/osxcross/target/bin/aarch64-apple-darwin25.5-clang++ 21.1.8)

-- Running command `read_verilog -sv rtl/common/wire_ingress_buffer.sv rtl/arch_a/wire_gearbox_64to8.sv rtl/arch_a/wire_eth_parser.sv rtl/arch_a/wire_ipv4_parser.sv rtl/arch_a/wire_udp_parser.sv rtl/arch_a/wire_mold_header_seq.sv rtl/arch_a/wire_buffer_gearbox_eth_ipv4_udp_mold_top.sv; hierarchy -top wire_buffer_gearbox_eth_ipv4_udp_mold_top; proc; check; stat' --

1. Executing Verilog-2005 frontend: rtl/common/wire_ingress_buffer.sv
Parsing SystemVerilog input from `rtl/common/wire_ingress_buffer.sv' to AST representation.
Generating RTLIL representation for module `\wire_ingress_buffer'.
Successfully finished Verilog frontend.

2. Executing Verilog-2005 frontend: rtl/arch_a/wire_gearbox_64to8.sv
Parsing SystemVerilog input from `rtl/arch_a/wire_gearbox_64to8.sv' to AST representation.
Generating RTLIL representation for module `\wire_gearbox_64to8'.
Successfully finished Verilog frontend.

3. Executing Verilog-2005 frontend: rtl/arch_a/wire_eth_parser.sv
Parsing SystemVerilog input from `rtl/arch_a/wire_eth_parser.sv' to AST representation.
Generating RTLIL representation for module `\wire_eth_parser'.
Successfully finished Verilog frontend.

4. Executing Verilog-2005 frontend: rtl/arch_a/wire_ipv4_parser.sv
Parsing SystemVerilog input from `rtl/arch_a/wire_ipv4_parser.sv' to AST representation.
Generating RTLIL representation for module `\wire_ipv4_parser'.
Successfully finished Verilog frontend.

5. Executing Verilog-2005 frontend: rtl/arch_a/wire_udp_parser.sv
Parsing SystemVerilog input from `rtl/arch_a/wire_udp_parser.sv' to AST representation.
Generating RTLIL representation for module `\wire_udp_parser'.
Successfully finished Verilog frontend.

6. Executing Verilog-2005 frontend: rtl/arch_a/wire_mold_header_seq.sv
Parsing SystemVerilog input from `rtl/arch_a/wire_mold_header_seq.sv' to AST representation.
Generating RTLIL representation for module `\wire_mold_header_seq'.
Successfully finished Verilog frontend.

7. Executing Verilog-2005 frontend: rtl/arch_a/wire_buffer_gearbox_eth_ipv4_udp_mold_top.sv
Parsing SystemVerilog input from `rtl/arch_a/wire_buffer_gearbox_eth_ipv4_udp_mold_top.sv' to AST representation.
Generating RTLIL representation for module `\wire_buffer_gearbox_eth_ipv4_udp_mold_top'.
Successfully finished Verilog frontend.

8. Executing HIERARCHY pass (managing design hierarchy).

8.1. Analyzing design hierarchy..
Top module:  \wire_buffer_gearbox_eth_ipv4_udp_mold_top
Used module:     \wire_mold_header_seq
Used module:     \wire_udp_parser
Used module:     \wire_ipv4_parser
Used module:     \wire_eth_parser
Used module:     \wire_gearbox_64to8
Used module:     \wire_ingress_buffer

8.2. Analyzing design hierarchy..
Top module:  \wire_buffer_gearbox_eth_ipv4_udp_mold_top
Used module:     \wire_mold_header_seq
Used module:     \wire_udp_parser
Used module:     \wire_ipv4_parser
Used module:     \wire_eth_parser
Used module:     \wire_gearbox_64to8
Used module:     \wire_ingress_buffer
Removed 0 unused modules.

9. Executing PROC pass (convert processes to netlists).

9.1. Executing PROC_CLEAN pass (remove empty switches from decision trees).
Cleaned up 0 empty switches.

9.2. Executing PROC_RMDEAD pass (remove dead branches from decision trees).
Marked 15 switch rules as full_case in process $proc$rtl/arch_a/wire_mold_header_seq.sv:111$309 in module wire_mold_header_seq.
Marked 19 switch rules as full_case in process $proc$rtl/arch_a/wire_udp_parser.sv:66$241 in module wire_udp_parser.
Marked 7 switch rules as full_case in process $proc$rtl/arch_a/wire_ipv4_parser.sv:102$177 in module wire_ipv4_parser.
Marked 10 switch rules as full_case in process $proc$rtl/arch_a/wire_ipv4_parser.sv:119$113 in module wire_ipv4_parser.
Marked 6 switch rules as full_case in process $proc$rtl/arch_a/wire_eth_parser.sv:55$82 in module wire_eth_parser.
Marked 4 switch rules as full_case in process $proc$rtl/arch_a/wire_gearbox_64to8.sv:49$57 in module wire_gearbox_64to8.
Marked 3 switch rules as full_case in process $proc$rtl/common/wire_ingress_buffer.sv:37$12 in module wire_ingress_buffer.
Removed a total of 0 dead cases.

9.3. Executing PROC_PRUNE pass (remove redundant assignments in processes).
Removed 1 redundant assignment.
Promoted 31 assignments to connections.

9.4. Executing PROC_INIT pass (extract init attributes).

9.5. Executing PROC_ARST pass (detect async resets in processes).

9.6. Executing PROC_ROM pass (convert switches to ROMs).
Converted 0 switches.
<suppressed ~88 debug messages>

9.7. Executing PROC_MUX pass (convert decision trees to multiplexers).
Creating decoders for process `\wire_mold_header_seq.$proc$rtl/arch_a/wire_mold_header_seq.sv:111$309'.
     1/27: $5$lookahead\header_q$308[151:0]$324
     2/27: $5$bitselwrite$pos$rtl/arch_a/wire_mold_header_seq.sv:180$284[31:0]$323
     3/27: $4$lookahead\header_q$308[151:0]$322
     4/27: $4$bitselwrite$pos$rtl/arch_a/wire_mold_header_seq.sv:180$284[31:0]$321
     5/27: $3$lookahead\header_q$308[151:0]$319
     6/27: $3$bitselwrite$pos$rtl/arch_a/wire_mold_header_seq.sv:180$284[31:0]$318
     7/27: $2$lookahead\header_q$308[151:0]$317
     8/27: $2$bitselwrite$pos$rtl/arch_a/wire_mold_header_seq.sv:180$284[31:0]$316
     9/27: $1$lookahead\header_q$308[151:0]$314
    10/27: $1$bitselwrite$pos$rtl/arch_a/wire_mold_header_seq.sv:180$284[31:0]$313
    11/27: $0\recovery_required_q[0:0]
    12/27: $0\controller_valid_q[0:0]
    13/27: $0\body_last_q[0:0]
    14/27: $0\body_valid_q[0:0]
    15/27: $0\body_data_q[7:0]
    16/27: $0\packet_valid_q[0:0]
    17/27: $0\packet_empty_q[0:0]
    18/27: $0\packet_count_q[15:0]
    19/27: $0\packet_sequence_q[63:0]
    20/27: $0\expected_sequence_q[63:0]
    21/27: $0\active_session_q[79:0]
    22/27: $0\pending_fatal_q[0:0]
    23/27: $0\pending_code_q[2:0]
    24/27: $0\reject_code_q[2:0]
    25/27: $0\reject_fatal_q[0:0]
    26/27: $0\header_index_q[4:0]
    27/27: $0\state_q[2:0]
Creating decoders for process `\wire_udp_parser.$proc$rtl/arch_a/wire_udp_parser.sv:66$241'.
     1/22: $5$lookahead\header_q$240[55:0]$260
     2/22: $5$bitselwrite$pos$rtl/arch_a/wire_udp_parser.sv:104$223[31:0]$259
     3/22: $4$lookahead\header_q$240[55:0]$257
     4/22: $4$bitselwrite$pos$rtl/arch_a/wire_udp_parser.sv:104$223[31:0]$256
     5/22: $3$lookahead\header_q$240[55:0]$253
     6/22: $3$bitselwrite$pos$rtl/arch_a/wire_udp_parser.sv:104$223[31:0]$252
     7/22: $2$lookahead\header_q$240[55:0]$251
     8/22: $2$bitselwrite$pos$rtl/arch_a/wire_udp_parser.sv:104$223[31:0]$250
     9/22: $1$lookahead\header_q$240[55:0]$245
    10/22: $1$bitselwrite$pos$rtl/arch_a/wire_udp_parser.sv:104$223[31:0]$244
    11/22: $0\pending_fatal_q[0:0]
    12/22: $0\pending_code_q[2:0]
    13/22: $0\actual_count_q[15:0]
    14/22: $0\declared_length_q[15:0]
    15/22: $0\remaining_q[15:0]
    16/22: $0\reject_code_q[2:0]
    17/22: $0\reject_fatal_q[0:0]
    18/22: $0\payload_valid_q[0:0]
    19/22: $0\payload_last_q[0:0]
    20/22: $0\payload_data_q[7:0]
    21/22: $0\header_index_q[3:0]
    22/22: $0\state_q[1:0]
Creating decoders for process `\wire_ipv4_parser.$proc$rtl/arch_a/wire_ipv4_parser.sv:102$177'.
     1/16: $7\classify_header$func$rtl/arch_a/wire_ipv4_parser.sv:102$94.$result[3:0]$222
     2/16: $6\classify_header$func$rtl/arch_a/wire_ipv4_parser.sv:102$94.$result[3:0]$220
     3/16: $5\classify_header$func$rtl/arch_a/wire_ipv4_parser.sv:102$94.$result[3:0]$218
     4/16: $4\classify_header$func$rtl/arch_a/wire_ipv4_parser.sv:102$94.$result[3:0]$215
     5/16: $3\classify_header$func$rtl/arch_a/wire_ipv4_parser.sv:102$94.$result[3:0]$198
     6/16: $3\checksum_valid$func$rtl/arch_a/wire_ipv4_parser.sv:76$95.sum[17:0]$201
     7/16: $3\checksum_valid$func$rtl/arch_a/wire_ipv4_parser.sv:76$95.h[159:0]$200
     8/16: $3\checksum_valid$func$rtl/arch_a/wire_ipv4_parser.sv:76$95.$result[0:0]$199
     9/16: $2\classify_header$func$rtl/arch_a/wire_ipv4_parser.sv:102$94.$result[3:0]$193
    10/16: $2\checksum_valid$func$rtl/arch_a/wire_ipv4_parser.sv:76$95.sum[17:0]$196
    11/16: $2\checksum_valid$func$rtl/arch_a/wire_ipv4_parser.sv:76$95.h[159:0]$195
    12/16: $2\checksum_valid$func$rtl/arch_a/wire_ipv4_parser.sv:76$95.$result[0:0]$194
    13/16: $1\classify_header$func$rtl/arch_a/wire_ipv4_parser.sv:102$94.$result[3:0]$188
    14/16: $1\checksum_valid$func$rtl/arch_a/wire_ipv4_parser.sv:76$95.sum[17:0]$191
    15/16: $1\checksum_valid$func$rtl/arch_a/wire_ipv4_parser.sv:76$95.h[159:0]$190
    16/16: $1\checksum_valid$func$rtl/arch_a/wire_ipv4_parser.sv:76$95.$result[0:0]$189
Creating decoders for process `\wire_ipv4_parser.$proc$rtl/arch_a/wire_ipv4_parser.sv:119$113'.
     1/31: $6\code_is_fatal$func$rtl/arch_a/wire_ipv4_parser.sv:173$93.code[3:0]$160
     2/31: $6\code_is_fatal$func$rtl/arch_a/wire_ipv4_parser.sv:173$93.$result[0:0]$159
     3/31: $5$lookahead\header_q$112[151:0]$145
     4/31: $5$bitselwrite$pos$rtl/arch_a/wire_ipv4_parser.sv:155$92[31:0]$142
     5/31: $5\code_is_fatal$func$rtl/arch_a/wire_ipv4_parser.sv:173$93.code[3:0]$144
     6/31: $5\code_is_fatal$func$rtl/arch_a/wire_ipv4_parser.sv:173$93.$result[0:0]$143
     7/31: $4$lookahead\header_q$112[151:0]$140
     8/31: $4\code_is_fatal$func$rtl/arch_a/wire_ipv4_parser.sv:173$93.code[3:0]$139
     9/31: $4\code_is_fatal$func$rtl/arch_a/wire_ipv4_parser.sv:173$93.$result[0:0]$138
    10/31: $4$bitselwrite$pos$rtl/arch_a/wire_ipv4_parser.sv:155$92[31:0]$137
    11/31: $3$lookahead\header_q$112[151:0]$134
    12/31: $3\code_is_fatal$func$rtl/arch_a/wire_ipv4_parser.sv:173$93.code[3:0]$133
    13/31: $3\code_is_fatal$func$rtl/arch_a/wire_ipv4_parser.sv:173$93.$result[0:0]$132
    14/31: $3$bitselwrite$pos$rtl/arch_a/wire_ipv4_parser.sv:155$92[31:0]$131
    15/31: $2$lookahead\header_q$112[151:0]$130
    16/31: $2\code_is_fatal$func$rtl/arch_a/wire_ipv4_parser.sv:173$93.code[3:0]$129
    17/31: $2\code_is_fatal$func$rtl/arch_a/wire_ipv4_parser.sv:173$93.$result[0:0]$128
    18/31: $2$bitselwrite$pos$rtl/arch_a/wire_ipv4_parser.sv:155$92[31:0]$127
    19/31: $1$lookahead\header_q$112[151:0]$121
    20/31: $1\code_is_fatal$func$rtl/arch_a/wire_ipv4_parser.sv:173$93.code[3:0]$120
    21/31: $1\code_is_fatal$func$rtl/arch_a/wire_ipv4_parser.sv:173$93.$result[0:0]$119
    22/31: $1$bitselwrite$pos$rtl/arch_a/wire_ipv4_parser.sv:155$92[31:0]$118
    23/31: $0\payload_physical_last_q[0:0]
    24/31: $0\remaining_q[15:0]
    25/31: $0\reject_code_q[3:0]
    26/31: $0\reject_fatal_q[0:0]
    27/31: $0\payload_valid_q[0:0]
    28/31: $0\payload_last_q[0:0]
    29/31: $0\payload_data_q[7:0]
    30/31: $0\header_index_q[4:0]
    31/31: $0\state_q[2:0]
Creating decoders for process `\wire_eth_parser.$proc$rtl/arch_a/wire_eth_parser.sv:55$82'.
     1/8: $0\reject_code_q[1:0]
     2/8: $0\reject_fatal_q[0:0]
     3/8: $0\payload_valid_q[0:0]
     4/8: $0\payload_last_q[0:0]
     5/8: $0\payload_data_q[7:0]
     6/8: $0\ethertype_high_q[7:0]
     7/8: $0\header_index_q[3:0]
     8/8: $0\state_q[1:0]
Creating decoders for process `\wire_gearbox_64to8.$proc$rtl/arch_a/wire_gearbox_64to8.sv:49$57'.
     1/10: $3\keep_count$func$rtl/arch_a/wire_gearbox_64to8.sv:58$44.$result[3:0]$65
     2/10: $2\keep_count$func$rtl/arch_a/wire_gearbox_64to8.sv:58$44.$result[3:0]$63
     3/10: $2\keep_count$func$rtl/arch_a/wire_gearbox_64to8.sv:58$44.keep[7:0]$64
     4/10: $1\keep_count$func$rtl/arch_a/wire_gearbox_64to8.sv:58$44.keep[7:0]$61
     5/10: $1\keep_count$func$rtl/arch_a/wire_gearbox_64to8.sv:58$44.$result[3:0]$60
     6/10: $0\valid_q[0:0]
     7/10: $0\index_q[2:0]
     8/10: $0\count_q[3:0]
     9/10: $0\last_q[0:0]
    10/10: $0\data_q[63:0]
Creating decoders for process `\wire_ingress_buffer.$proc$rtl/common/wire_ingress_buffer.sv:37$12'.
     1/21: $2$memwr$\last_q$rtl/common/wire_ingress_buffer.sv:46$3_EN[0:0]$39
     2/21: $2$memwr$\last_q$rtl/common/wire_ingress_buffer.sv:46$3_DATA[0:0]$38
     3/21: $2$memwr$\last_q$rtl/common/wire_ingress_buffer.sv:46$3_ADDR[0:0]$37
     4/21: $2$memwr$\keep_q$rtl/common/wire_ingress_buffer.sv:45$2_EN[7:0]$36
     5/21: $2$memwr$\keep_q$rtl/common/wire_ingress_buffer.sv:45$2_DATA[7:0]$35
     6/21: $2$memwr$\keep_q$rtl/common/wire_ingress_buffer.sv:45$2_ADDR[0:0]$34
     7/21: $2$memwr$\data_q$rtl/common/wire_ingress_buffer.sv:44$1_EN[63:0]$33
     8/21: $2$memwr$\data_q$rtl/common/wire_ingress_buffer.sv:44$1_DATA[63:0]$32
     9/21: $2$memwr$\data_q$rtl/common/wire_ingress_buffer.sv:44$1_ADDR[0:0]$31
    10/21: $0\count_q[1:0]
    11/21: $1$memwr$\last_q$rtl/common/wire_ingress_buffer.sv:46$3_EN[0:0]$30
    12/21: $1$memwr$\last_q$rtl/common/wire_ingress_buffer.sv:46$3_DATA[0:0]$29
    13/21: $1$memwr$\last_q$rtl/common/wire_ingress_buffer.sv:46$3_ADDR[0:0]$28
    14/21: $1$memwr$\keep_q$rtl/common/wire_ingress_buffer.sv:45$2_EN[7:0]$27
    15/21: $1$memwr$\keep_q$rtl/common/wire_ingress_buffer.sv:45$2_DATA[7:0]$26
    16/21: $1$memwr$\keep_q$rtl/common/wire_ingress_buffer.sv:45$2_ADDR[0:0]$25
    17/21: $1$memwr$\data_q$rtl/common/wire_ingress_buffer.sv:44$1_EN[63:0]$24
    18/21: $1$memwr$\data_q$rtl/common/wire_ingress_buffer.sv:44$1_DATA[63:0]$23
    19/21: $1$memwr$\data_q$rtl/common/wire_ingress_buffer.sv:44$1_ADDR[0:0]$22
    20/21: $0\write_ptr_q[0:0]
    21/21: $0\read_ptr_q[0:0]

9.8. Executing PROC_DLATCH pass (convert process syncs to latches).
No latch inferred for signal `\wire_ipv4_parser.\classify_header$func$rtl/arch_a/wire_ipv4_parser.sv:102$91.$result' from process `\wire_ipv4_parser.$proc$rtl/arch_a/wire_ipv4_parser.sv:102$177'.

9.9. Executing PROC_DFF pass (convert process syncs to FFs).
Creating register for signal `\wire_mold_header_seq.\state_q' using process `\wire_mold_header_seq.$proc$rtl/arch_a/wire_mold_header_seq.sv:111$309'.
  created $dff cell `$procdff$2366' with positive edge clock.
Creating register for signal `\wire_mold_header_seq.\header_index_q' using process `\wire_mold_header_seq.$proc$rtl/arch_a/wire_mold_header_seq.sv:111$309'.
  created $dff cell `$procdff$2367' with positive edge clock.
Creating register for signal `\wire_mold_header_seq.\reject_fatal_q' using process `\wire_mold_header_seq.$proc$rtl/arch_a/wire_mold_header_seq.sv:111$309'.
  created $dff cell `$procdff$2368' with positive edge clock.
Creating register for signal `\wire_mold_header_seq.\reject_code_q' using process `\wire_mold_header_seq.$proc$rtl/arch_a/wire_mold_header_seq.sv:111$309'.
  created $dff cell `$procdff$2369' with positive edge clock.
Creating register for signal `\wire_mold_header_seq.\header_q' using process `\wire_mold_header_seq.$proc$rtl/arch_a/wire_mold_header_seq.sv:111$309'.
  created $dff cell `$procdff$2370' with positive edge clock.
Creating register for signal `\wire_mold_header_seq.\pending_code_q' using process `\wire_mold_header_seq.$proc$rtl/arch_a/wire_mold_header_seq.sv:111$309'.
  created $dff cell `$procdff$2371' with positive edge clock.
Creating register for signal `\wire_mold_header_seq.\pending_fatal_q' using process `\wire_mold_header_seq.$proc$rtl/arch_a/wire_mold_header_seq.sv:111$309'.
  created $dff cell `$procdff$2372' with positive edge clock.
Creating register for signal `\wire_mold_header_seq.\active_session_q' using process `\wire_mold_header_seq.$proc$rtl/arch_a/wire_mold_header_seq.sv:111$309'.
  created $dff cell `$procdff$2373' with positive edge clock.
Creating register for signal `\wire_mold_header_seq.\expected_sequence_q' using process `\wire_mold_header_seq.$proc$rtl/arch_a/wire_mold_header_seq.sv:111$309'.
  created $dff cell `$procdff$2374' with positive edge clock.
Creating register for signal `\wire_mold_header_seq.\packet_sequence_q' using process `\wire_mold_header_seq.$proc$rtl/arch_a/wire_mold_header_seq.sv:111$309'.
  created $dff cell `$procdff$2375' with positive edge clock.
Creating register for signal `\wire_mold_header_seq.\packet_count_q' using process `\wire_mold_header_seq.$proc$rtl/arch_a/wire_mold_header_seq.sv:111$309'.
  created $dff cell `$procdff$2376' with positive edge clock.
Creating register for signal `\wire_mold_header_seq.\packet_empty_q' using process `\wire_mold_header_seq.$proc$rtl/arch_a/wire_mold_header_seq.sv:111$309'.
  created $dff cell `$procdff$2377' with positive edge clock.
Creating register for signal `\wire_mold_header_seq.\packet_valid_q' using process `\wire_mold_header_seq.$proc$rtl/arch_a/wire_mold_header_seq.sv:111$309'.
  created $dff cell `$procdff$2378' with positive edge clock.
Creating register for signal `\wire_mold_header_seq.\body_data_q' using process `\wire_mold_header_seq.$proc$rtl/arch_a/wire_mold_header_seq.sv:111$309'.
  created $dff cell `$procdff$2379' with positive edge clock.
Creating register for signal `\wire_mold_header_seq.\body_valid_q' using process `\wire_mold_header_seq.$proc$rtl/arch_a/wire_mold_header_seq.sv:111$309'.
  created $dff cell `$procdff$2380' with positive edge clock.
Creating register for signal `\wire_mold_header_seq.\body_last_q' using process `\wire_mold_header_seq.$proc$rtl/arch_a/wire_mold_header_seq.sv:111$309'.
  created $dff cell `$procdff$2381' with positive edge clock.
Creating register for signal `\wire_mold_header_seq.\controller_valid_q' using process `\wire_mold_header_seq.$proc$rtl/arch_a/wire_mold_header_seq.sv:111$309'.
  created $dff cell `$procdff$2382' with positive edge clock.
Creating register for signal `\wire_mold_header_seq.\recovery_required_q' using process `\wire_mold_header_seq.$proc$rtl/arch_a/wire_mold_header_seq.sv:111$309'.
  created $dff cell `$procdff$2383' with positive edge clock.
Creating register for signal `\wire_mold_header_seq.$bitselwrite$pos$rtl/arch_a/wire_mold_header_seq.sv:180$284' using process `\wire_mold_header_seq.$proc$rtl/arch_a/wire_mold_header_seq.sv:111$309'.
  created $dff cell `$procdff$2384' with positive edge clock.
Creating register for signal `\wire_mold_header_seq.$lookahead\header_q$308' using process `\wire_mold_header_seq.$proc$rtl/arch_a/wire_mold_header_seq.sv:111$309'.
  created $dff cell `$procdff$2385' with positive edge clock.
Creating register for signal `\wire_udp_parser.\state_q' using process `\wire_udp_parser.$proc$rtl/arch_a/wire_udp_parser.sv:66$241'.
  created $dff cell `$procdff$2386' with positive edge clock.
Creating register for signal `\wire_udp_parser.\header_index_q' using process `\wire_udp_parser.$proc$rtl/arch_a/wire_udp_parser.sv:66$241'.
  created $dff cell `$procdff$2387' with positive edge clock.
Creating register for signal `\wire_udp_parser.\payload_data_q' using process `\wire_udp_parser.$proc$rtl/arch_a/wire_udp_parser.sv:66$241'.
  created $dff cell `$procdff$2388' with positive edge clock.
Creating register for signal `\wire_udp_parser.\payload_last_q' using process `\wire_udp_parser.$proc$rtl/arch_a/wire_udp_parser.sv:66$241'.
  created $dff cell `$procdff$2389' with positive edge clock.
Creating register for signal `\wire_udp_parser.\payload_valid_q' using process `\wire_udp_parser.$proc$rtl/arch_a/wire_udp_parser.sv:66$241'.
  created $dff cell `$procdff$2390' with positive edge clock.
Creating register for signal `\wire_udp_parser.\reject_fatal_q' using process `\wire_udp_parser.$proc$rtl/arch_a/wire_udp_parser.sv:66$241'.
  created $dff cell `$procdff$2391' with positive edge clock.
Creating register for signal `\wire_udp_parser.\reject_code_q' using process `\wire_udp_parser.$proc$rtl/arch_a/wire_udp_parser.sv:66$241'.
  created $dff cell `$procdff$2392' with positive edge clock.
Creating register for signal `\wire_udp_parser.\header_q' using process `\wire_udp_parser.$proc$rtl/arch_a/wire_udp_parser.sv:66$241'.
  created $dff cell `$procdff$2393' with positive edge clock.
Creating register for signal `\wire_udp_parser.\remaining_q' using process `\wire_udp_parser.$proc$rtl/arch_a/wire_udp_parser.sv:66$241'.
  created $dff cell `$procdff$2394' with positive edge clock.
Creating register for signal `\wire_udp_parser.\declared_length_q' using process `\wire_udp_parser.$proc$rtl/arch_a/wire_udp_parser.sv:66$241'.
  created $dff cell `$procdff$2395' with positive edge clock.
Creating register for signal `\wire_udp_parser.\actual_count_q' using process `\wire_udp_parser.$proc$rtl/arch_a/wire_udp_parser.sv:66$241'.
  created $dff cell `$procdff$2396' with positive edge clock.
Creating register for signal `\wire_udp_parser.\pending_code_q' using process `\wire_udp_parser.$proc$rtl/arch_a/wire_udp_parser.sv:66$241'.
  created $dff cell `$procdff$2397' with positive edge clock.
Creating register for signal `\wire_udp_parser.\pending_fatal_q' using process `\wire_udp_parser.$proc$rtl/arch_a/wire_udp_parser.sv:66$241'.
  created $dff cell `$procdff$2398' with positive edge clock.
Creating register for signal `\wire_udp_parser.$bitselwrite$pos$rtl/arch_a/wire_udp_parser.sv:104$223' using process `\wire_udp_parser.$proc$rtl/arch_a/wire_udp_parser.sv:66$241'.
  created $dff cell `$procdff$2399' with positive edge clock.
Creating register for signal `\wire_udp_parser.$lookahead\header_q$240' using process `\wire_udp_parser.$proc$rtl/arch_a/wire_udp_parser.sv:66$241'.
  created $dff cell `$procdff$2400' with positive edge clock.
Creating register for signal `\wire_ipv4_parser.\state_q' using process `\wire_ipv4_parser.$proc$rtl/arch_a/wire_ipv4_parser.sv:119$113'.
  created $dff cell `$procdff$2401' with positive edge clock.
Creating register for signal `\wire_ipv4_parser.\header_index_q' using process `\wire_ipv4_parser.$proc$rtl/arch_a/wire_ipv4_parser.sv:119$113'.
  created $dff cell `$procdff$2402' with positive edge clock.
Creating register for signal `\wire_ipv4_parser.\payload_data_q' using process `\wire_ipv4_parser.$proc$rtl/arch_a/wire_ipv4_parser.sv:119$113'.
  created $dff cell `$procdff$2403' with positive edge clock.
Creating register for signal `\wire_ipv4_parser.\payload_last_q' using process `\wire_ipv4_parser.$proc$rtl/arch_a/wire_ipv4_parser.sv:119$113'.
  created $dff cell `$procdff$2404' with positive edge clock.
Creating register for signal `\wire_ipv4_parser.\payload_valid_q' using process `\wire_ipv4_parser.$proc$rtl/arch_a/wire_ipv4_parser.sv:119$113'.
  created $dff cell `$procdff$2405' with positive edge clock.
Creating register for signal `\wire_ipv4_parser.\reject_fatal_q' using process `\wire_ipv4_parser.$proc$rtl/arch_a/wire_ipv4_parser.sv:119$113'.
  created $dff cell `$procdff$2406' with positive edge clock.
Creating register for signal `\wire_ipv4_parser.\reject_code_q' using process `\wire_ipv4_parser.$proc$rtl/arch_a/wire_ipv4_parser.sv:119$113'.
  created $dff cell `$procdff$2407' with positive edge clock.
Creating register for signal `\wire_ipv4_parser.\header_q' using process `\wire_ipv4_parser.$proc$rtl/arch_a/wire_ipv4_parser.sv:119$113'.
  created $dff cell `$procdff$2408' with positive edge clock.
Creating register for signal `\wire_ipv4_parser.\remaining_q' using process `\wire_ipv4_parser.$proc$rtl/arch_a/wire_ipv4_parser.sv:119$113'.
  created $dff cell `$procdff$2409' with positive edge clock.
Creating register for signal `\wire_ipv4_parser.\payload_physical_last_q' using process `\wire_ipv4_parser.$proc$rtl/arch_a/wire_ipv4_parser.sv:119$113'.
  created $dff cell `$procdff$2410' with positive edge clock.
Creating register for signal `\wire_ipv4_parser.$bitselwrite$pos$rtl/arch_a/wire_ipv4_parser.sv:155$92' using process `\wire_ipv4_parser.$proc$rtl/arch_a/wire_ipv4_parser.sv:119$113'.
  created $dff cell `$procdff$2411' with positive edge clock.
Creating register for signal `\wire_ipv4_parser.\code_is_fatal$func$rtl/arch_a/wire_ipv4_parser.sv:173$93.$result' using process `\wire_ipv4_parser.$proc$rtl/arch_a/wire_ipv4_parser.sv:119$113'.
  created $dff cell `$procdff$2412' with positive edge clock.
Creating register for signal `\wire_ipv4_parser.\code_is_fatal$func$rtl/arch_a/wire_ipv4_parser.sv:173$93.code' using process `\wire_ipv4_parser.$proc$rtl/arch_a/wire_ipv4_parser.sv:119$113'.
  created $dff cell `$procdff$2413' with positive edge clock.
Creating register for signal `\wire_ipv4_parser.$lookahead\header_q$112' using process `\wire_ipv4_parser.$proc$rtl/arch_a/wire_ipv4_parser.sv:119$113'.
  created $dff cell `$procdff$2414' with positive edge clock.
Creating register for signal `\wire_eth_parser.\state_q' using process `\wire_eth_parser.$proc$rtl/arch_a/wire_eth_parser.sv:55$82'.
  created $dff cell `$procdff$2415' with positive edge clock.
Creating register for signal `\wire_eth_parser.\header_index_q' using process `\wire_eth_parser.$proc$rtl/arch_a/wire_eth_parser.sv:55$82'.
  created $dff cell `$procdff$2416' with positive edge clock.
Creating register for signal `\wire_eth_parser.\ethertype_high_q' using process `\wire_eth_parser.$proc$rtl/arch_a/wire_eth_parser.sv:55$82'.
  created $dff cell `$procdff$2417' with positive edge clock.
Creating register for signal `\wire_eth_parser.\payload_data_q' using process `\wire_eth_parser.$proc$rtl/arch_a/wire_eth_parser.sv:55$82'.
  created $dff cell `$procdff$2418' with positive edge clock.
Creating register for signal `\wire_eth_parser.\payload_last_q' using process `\wire_eth_parser.$proc$rtl/arch_a/wire_eth_parser.sv:55$82'.
  created $dff cell `$procdff$2419' with positive edge clock.
Creating register for signal `\wire_eth_parser.\payload_valid_q' using process `\wire_eth_parser.$proc$rtl/arch_a/wire_eth_parser.sv:55$82'.
  created $dff cell `$procdff$2420' with positive edge clock.
Creating register for signal `\wire_eth_parser.\reject_fatal_q' using process `\wire_eth_parser.$proc$rtl/arch_a/wire_eth_parser.sv:55$82'.
  created $dff cell `$procdff$2421' with positive edge clock.
Creating register for signal `\wire_eth_parser.\reject_code_q' using process `\wire_eth_parser.$proc$rtl/arch_a/wire_eth_parser.sv:55$82'.
  created $dff cell `$procdff$2422' with positive edge clock.
Creating register for signal `\wire_gearbox_64to8.\data_q' using process `\wire_gearbox_64to8.$proc$rtl/arch_a/wire_gearbox_64to8.sv:49$57'.
  created $dff cell `$procdff$2423' with positive edge clock.
Creating register for signal `\wire_gearbox_64to8.\last_q' using process `\wire_gearbox_64to8.$proc$rtl/arch_a/wire_gearbox_64to8.sv:49$57'.
  created $dff cell `$procdff$2424' with positive edge clock.
Creating register for signal `\wire_gearbox_64to8.\count_q' using process `\wire_gearbox_64to8.$proc$rtl/arch_a/wire_gearbox_64to8.sv:49$57'.
  created $dff cell `$procdff$2425' with positive edge clock.
Creating register for signal `\wire_gearbox_64to8.\index_q' using process `\wire_gearbox_64to8.$proc$rtl/arch_a/wire_gearbox_64to8.sv:49$57'.
  created $dff cell `$procdff$2426' with positive edge clock.
Creating register for signal `\wire_gearbox_64to8.\valid_q' using process `\wire_gearbox_64to8.$proc$rtl/arch_a/wire_gearbox_64to8.sv:49$57'.
  created $dff cell `$procdff$2427' with positive edge clock.
Creating register for signal `\wire_gearbox_64to8.\keep_count$func$rtl/arch_a/wire_gearbox_64to8.sv:58$44.$result' using process `\wire_gearbox_64to8.$proc$rtl/arch_a/wire_gearbox_64to8.sv:49$57'.
  created $dff cell `$procdff$2428' with positive edge clock.
Creating register for signal `\wire_gearbox_64to8.\keep_count$func$rtl/arch_a/wire_gearbox_64to8.sv:58$44.keep' using process `\wire_gearbox_64to8.$proc$rtl/arch_a/wire_gearbox_64to8.sv:49$57'.
  created $dff cell `$procdff$2429' with positive edge clock.
Creating register for signal `\wire_ingress_buffer.\read_ptr_q' using process `\wire_ingress_buffer.$proc$rtl/common/wire_ingress_buffer.sv:37$12'.
  created $dff cell `$procdff$2430' with positive edge clock.
Creating register for signal `\wire_ingress_buffer.\write_ptr_q' using process `\wire_ingress_buffer.$proc$rtl/common/wire_ingress_buffer.sv:37$12'.
  created $dff cell `$procdff$2431' with positive edge clock.
Creating register for signal `\wire_ingress_buffer.\count_q' using process `\wire_ingress_buffer.$proc$rtl/common/wire_ingress_buffer.sv:37$12'.
  created $dff cell `$procdff$2432' with positive edge clock.
Creating register for signal `\wire_ingress_buffer.$memwr$\data_q$rtl/common/wire_ingress_buffer.sv:44$1_ADDR' using process `\wire_ingress_buffer.$proc$rtl/common/wire_ingress_buffer.sv:37$12'.
  created $dff cell `$procdff$2433' with positive edge clock.
Creating register for signal `\wire_ingress_buffer.$memwr$\data_q$rtl/common/wire_ingress_buffer.sv:44$1_DATA' using process `\wire_ingress_buffer.$proc$rtl/common/wire_ingress_buffer.sv:37$12'.
  created $dff cell `$procdff$2434' with positive edge clock.
Creating register for signal `\wire_ingress_buffer.$memwr$\data_q$rtl/common/wire_ingress_buffer.sv:44$1_EN' using process `\wire_ingress_buffer.$proc$rtl/common/wire_ingress_buffer.sv:37$12'.
  created $dff cell `$procdff$2435' with positive edge clock.
Creating register for signal `\wire_ingress_buffer.$memwr$\keep_q$rtl/common/wire_ingress_buffer.sv:45$2_ADDR' using process `\wire_ingress_buffer.$proc$rtl/common/wire_ingress_buffer.sv:37$12'.
  created $dff cell `$procdff$2436' with positive edge clock.
Creating register for signal `\wire_ingress_buffer.$memwr$\keep_q$rtl/common/wire_ingress_buffer.sv:45$2_DATA' using process `\wire_ingress_buffer.$proc$rtl/common/wire_ingress_buffer.sv:37$12'.
  created $dff cell `$procdff$2437' with positive edge clock.
Creating register for signal `\wire_ingress_buffer.$memwr$\keep_q$rtl/common/wire_ingress_buffer.sv:45$2_EN' using process `\wire_ingress_buffer.$proc$rtl/common/wire_ingress_buffer.sv:37$12'.
  created $dff cell `$procdff$2438' with positive edge clock.
Creating register for signal `\wire_ingress_buffer.$memwr$\last_q$rtl/common/wire_ingress_buffer.sv:46$3_ADDR' using process `\wire_ingress_buffer.$proc$rtl/common/wire_ingress_buffer.sv:37$12'.
  created $dff cell `$procdff$2439' with positive edge clock.
Creating register for signal `\wire_ingress_buffer.$memwr$\last_q$rtl/common/wire_ingress_buffer.sv:46$3_DATA' using process `\wire_ingress_buffer.$proc$rtl/common/wire_ingress_buffer.sv:37$12'.
  created $dff cell `$procdff$2440' with positive edge clock.
Creating register for signal `\wire_ingress_buffer.$memwr$\last_q$rtl/common/wire_ingress_buffer.sv:46$3_EN' using process `\wire_ingress_buffer.$proc$rtl/common/wire_ingress_buffer.sv:37$12'.
  created $dff cell `$procdff$2441' with positive edge clock.

9.10. Executing PROC_MEMWR pass (convert process memory writes to cells).

9.11. Executing PROC_CLEAN pass (remove empty switches from decision trees).
Found and cleaned up 21 empty switches in `\wire_mold_header_seq.$proc$rtl/arch_a/wire_mold_header_seq.sv:111$309'.
Removing empty process `wire_mold_header_seq.$proc$rtl/arch_a/wire_mold_header_seq.sv:111$309'.
Found and cleaned up 23 empty switches in `\wire_udp_parser.$proc$rtl/arch_a/wire_udp_parser.sv:66$241'.
Removing empty process `wire_udp_parser.$proc$rtl/arch_a/wire_udp_parser.sv:66$241'.
Found and cleaned up 7 empty switches in `\wire_ipv4_parser.$proc$rtl/arch_a/wire_ipv4_parser.sv:102$177'.
Removing empty process `wire_ipv4_parser.$proc$rtl/arch_a/wire_ipv4_parser.sv:102$177'.
Found and cleaned up 16 empty switches in `\wire_ipv4_parser.$proc$rtl/arch_a/wire_ipv4_parser.sv:119$113'.
Removing empty process `wire_ipv4_parser.$proc$rtl/arch_a/wire_ipv4_parser.sv:119$113'.
Found and cleaned up 12 empty switches in `\wire_eth_parser.$proc$rtl/arch_a/wire_eth_parser.sv:55$82'.
Removing empty process `wire_eth_parser.$proc$rtl/arch_a/wire_eth_parser.sv:55$82'.
Found and cleaned up 5 empty switches in `\wire_gearbox_64to8.$proc$rtl/arch_a/wire_gearbox_64to8.sv:49$57'.
Removing empty process `wire_gearbox_64to8.$proc$rtl/arch_a/wire_gearbox_64to8.sv:49$57'.
Found and cleaned up 4 empty switches in `\wire_ingress_buffer.$proc$rtl/common/wire_ingress_buffer.sv:37$12'.
Removing empty process `wire_ingress_buffer.$proc$rtl/common/wire_ingress_buffer.sv:37$12'.
Cleaned up 88 empty switches.

9.12. Executing OPT_EXPR pass (perform const folding).
Optimizing module wire_buffer_gearbox_eth_ipv4_udp_mold_top.
Optimizing module wire_mold_header_seq.
<suppressed ~20 debug messages>
Optimizing module wire_udp_parser.
<suppressed ~17 debug messages>
Optimizing module wire_ipv4_parser.
<suppressed ~26 debug messages>
Optimizing module wire_eth_parser.
<suppressed ~6 debug messages>
Optimizing module wire_gearbox_64to8.
Optimizing module wire_ingress_buffer.
<suppressed ~1 debug messages>

10. Executing CHECK pass (checking for obvious problems).
Checking module wire_buffer_gearbox_eth_ipv4_udp_mold_top...
Checking module wire_mold_header_seq...
Checking module wire_udp_parser...
Checking module wire_ipv4_parser...
Checking module wire_eth_parser...
Checking module wire_gearbox_64to8...
Checking module wire_ingress_buffer...
Found and reported 0 problems.

11. Printing statistics.

=== wire_buffer_gearbox_eth_ipv4_udp_mold_top ===

        +----------Local Count, excluding submodules.
        |
       64 wires
      576 wire bits
       64 public wires
      576 public wire bits
       43 ports
      457 port bits
        6 submodules
        1   wire_eth_parser
        1   wire_gearbox_64to8
        1   wire_ingress_buffer
        1   wire_ipv4_parser
        1   wire_mold_header_seq
        1   wire_udp_parser

=== wire_mold_header_seq ===

        +----------Local Count, excluding submodules.
        |
      496 wires
     7930 wire bits
       55 public wires
     1058 public wire bits
       28 ports
      327 port bits
      269 cells
        3   $add
        1   $and
       20   $dff
       13   $eq
       11   $logic_and
       22   $logic_not
        4   $logic_or
        1   $lt
        1   $mul
      176   $mux
        4   $ne
        2   $neg
        1   $not
        1   $or
        5   $pmux
        2   $shift
        2   $sub

=== wire_udp_parser ===

        +----------Local Count, excluding submodules.
        |
      442 wires
     3734 wire bits
       36 public wires
      290 public wire bits
       15 ports
       46 port bits
      251 cells
        4   $add
        1   $and
       15   $dff
       21   $eq
        1   $gt
        9   $logic_and
       18   $logic_not
        4   $logic_or
        3   $lt
        1   $mul
      154   $mux
        2   $ne
        2   $neg
        1   $not
        1   $or
        7   $pmux
        1   $reduce_bool
        2   $shift
        4   $sub

=== wire_ipv4_parser ===

        +----------Local Count, excluding submodules.
        |
      562 wires
     9149 wire bits
       40 public wires
      835 public wire bits
       15 ports
       63 port bits
      306 cells
       13   $add
        1   $and
       14   $dff
       25   $eq
        1   $gt
        9   $logic_and
       23   $logic_not
        9   $logic_or
        3   $lt
        1   $mul
      187   $mux
        4   $ne
        2   $neg
        1   $not
        1   $or
        4   $pmux
        2   $reduce_bool
        2   $shift
        4   $sub

=== wire_eth_parser ===

        +----------Local Count, excluding submodules.
        |
      168 wires
      325 wire bits
       24 public wires
       58 public wire bits
       14 ports
       29 port bits
      102 cells
        1   $add
        8   $dff
       18   $eq
        8   $logic_and
        8   $logic_not
        3   $logic_or
        1   $lt
       51   $mux
        4   $pmux

=== wire_gearbox_64to8 ===

        +----------Local Count, excluding submodules.
        |
      104 wires
      620 wire bits
       20 public wires
      175 public wire bits
       11 ports
       88 port bits
       55 cells
        2   $add
        7   $dff
        9   $eq
        6   $logic_and
        1   $logic_not
        1   $logic_or
        1   $mul
       25   $mux
        1   $pmux
        1   $shiftx
        1   $sub

=== wire_ingress_buffer ===

        +----------Local Count, excluding submodules.
        |
      135 wires
     1331 wire bits
       17 public wires
      158 public wire bits
       12 ports
      152 port bits
        3 memories
      146 memory bits
       62 cells
        3   $add
       12   $dff
        2   $eq
        2   $logic_and
        1   $logic_or
        3   $memrd
        3   $memwr_v2
       32   $mux
        1   $ne
        1   $pmux
        1   $reduce_bool
        1   $sub

=== design hierarchy ===

        +----------Count including submodules.
        |
     1045 wire_buffer_gearbox_eth_ipv4_udp_mold_top
      102 wire_eth_parser
       55 wire_gearbox_64to8
       62 wire_ingress_buffer
      306 wire_ipv4_parser
      269 wire_mold_header_seq
      251 wire_udp_parser

        +----------Count including submodules.
        |
     1971 wires
    23665 wire bits
      256 public wires
     3150 public wire bits
      138 ports
     1162 port bits
        3 memories
      146 memory bits
        - processes
     1045 cells
       26   $add
        3   $and
       76   $dff
       88   $eq
        2   $gt
       45   $logic_and
       72   $logic_not
       22   $logic_or
        8   $lt
        3   $memrd
        3   $memwr_v2
        4   $mul
      625   $mux
       11   $ne
        6   $neg
        3   $not
        3   $or
       22   $pmux
        4   $reduce_bool
        6   $shift
        1   $shiftx
       12   $sub
        6 submodules
        1   wire_eth_parser
        1   wire_gearbox_64to8
        1   wire_ingress_buffer
        1   wire_ipv4_parser
        1   wire_mold_header_seq
        1   wire_udp_parser

End of script. Logfile hash: 246649be16, time: 0.06s, user: 0.07s, system: 0.01s, MEM: 25.38 MB peak
Yosys 0.69+154 (git sha1 30d62572e-dirty, Release, Clang /usr/local/osxcross/target/bin/aarch64-apple-darwin25.5-clang++ 21.1.8)
Time spent: 34% 8x read_verilog (0 sec), 32% 1x check (0 sec), ...
