SBY 21:51:29 [/tmp/wire019a_formal/wire_ipv4_parser_reference] Removing directory '/tmp/wire019a_formal/wire_ipv4_parser_reference'.
SBY 21:51:29 [/tmp/wire019a_formal/wire_ipv4_parser_reference] Copy '/Users/Dilan/Projects/wire-to-decision/formal/ipv4_parser/../../rtl/arch_a/wire_ipv4_parser.sv' to '/tmp/wire019a_formal/wire_ipv4_parser_reference/src/wire_ipv4_parser.sv'.
SBY 21:51:29 [/tmp/wire019a_formal/wire_ipv4_parser_reference] Copy '/Users/Dilan/Projects/wire-to-decision/formal/ipv4_parser/wire_ipv4_parser_reference.sv' to '/tmp/wire019a_formal/wire_ipv4_parser_reference/src/wire_ipv4_parser_reference.sv'.
SBY 21:51:29 [/tmp/wire019a_formal/wire_ipv4_parser_reference] engine_0: smtbmc yices
SBY 21:51:29 [/tmp/wire019a_formal/wire_ipv4_parser_reference] base: starting process "cd /tmp/wire019a_formal/wire_ipv4_parser_reference/src; yosys -ql ../model/design.log ../model/design.ys"
SBY 21:51:29 [/tmp/wire019a_formal/wire_ipv4_parser_reference] base: finished (returncode=0)
SBY 21:51:29 [/tmp/wire019a_formal/wire_ipv4_parser_reference] prep: starting process "cd /tmp/wire019a_formal/wire_ipv4_parser_reference/model; yosys -ql design_prep.log design_prep.ys"
SBY 21:51:29 [/tmp/wire019a_formal/wire_ipv4_parser_reference] prep: finished (returncode=0)
SBY 21:51:29 [/tmp/wire019a_formal/wire_ipv4_parser_reference] smt2: starting process "cd /tmp/wire019a_formal/wire_ipv4_parser_reference/model; yosys -ql design_smt2.log design_smt2.ys"
SBY 21:51:29 [/tmp/wire019a_formal/wire_ipv4_parser_reference] smt2: finished (returncode=0)
SBY 21:51:29 [/tmp/wire019a_formal/wire_ipv4_parser_reference] engine_0: starting process "cd /tmp/wire019a_formal/wire_ipv4_parser_reference; yosys-smtbmc -s yices --presat --unroll --noprogress -t 32  --append 0 --dump-vcd engine_0/trace.vcd --dump-yw engine_0/trace.yw --dump-vlogtb engine_0/trace_tb.v --dump-smtc engine_0/trace.smtc model/design_smt2.smt2"
SBY 21:51:29 [/tmp/wire019a_formal/wire_ipv4_parser_reference] engine_0: ##   0:00:00  Solver: yices
SBY 21:51:29 [/tmp/wire019a_formal/wire_ipv4_parser_reference] engine_0: ##   0:00:00  Checking assumptions in step 0..
SBY 21:51:29 [/tmp/wire019a_formal/wire_ipv4_parser_reference] engine_0: ##   0:00:00  Checking assertions in step 0..
SBY 21:51:29 [/tmp/wire019a_formal/wire_ipv4_parser_reference] engine_0: ##   0:00:00  Checking assumptions in step 1..
SBY 21:51:29 [/tmp/wire019a_formal/wire_ipv4_parser_reference] engine_0: ##   0:00:00  Checking assertions in step 1..
SBY 21:51:29 [/tmp/wire019a_formal/wire_ipv4_parser_reference] engine_0: ##   0:00:00  Checking assumptions in step 2..
SBY 21:51:29 [/tmp/wire019a_formal/wire_ipv4_parser_reference] engine_0: ##   0:00:00  Checking assertions in step 2..
SBY 21:51:29 [/tmp/wire019a_formal/wire_ipv4_parser_reference] engine_0: ##   0:00:00  Checking assumptions in step 3..
SBY 21:51:29 [/tmp/wire019a_formal/wire_ipv4_parser_reference] engine_0: ##   0:00:00  Checking assertions in step 3..
SBY 21:51:29 [/tmp/wire019a_formal/wire_ipv4_parser_reference] engine_0: ##   0:00:00  Checking assumptions in step 4..
SBY 21:51:29 [/tmp/wire019a_formal/wire_ipv4_parser_reference] engine_0: ##   0:00:00  Checking assertions in step 4..
SBY 21:51:29 [/tmp/wire019a_formal/wire_ipv4_parser_reference] engine_0: ##   0:00:00  Checking assumptions in step 5..
SBY 21:51:29 [/tmp/wire019a_formal/wire_ipv4_parser_reference] engine_0: ##   0:00:00  Checking assertions in step 5..
SBY 21:51:29 [/tmp/wire019a_formal/wire_ipv4_parser_reference] engine_0: ##   0:00:00  Checking assumptions in step 6..
SBY 21:51:29 [/tmp/wire019a_formal/wire_ipv4_parser_reference] engine_0: ##   0:00:00  Checking assertions in step 6..
SBY 21:51:29 [/tmp/wire019a_formal/wire_ipv4_parser_reference] engine_0: ##   0:00:00  Checking assumptions in step 7..
SBY 21:51:29 [/tmp/wire019a_formal/wire_ipv4_parser_reference] engine_0: ##   0:00:00  Checking assertions in step 7..
SBY 21:51:29 [/tmp/wire019a_formal/wire_ipv4_parser_reference] engine_0: ##   0:00:00  Checking assumptions in step 8..
SBY 21:51:29 [/tmp/wire019a_formal/wire_ipv4_parser_reference] engine_0: ##   0:00:00  Checking assertions in step 8..
SBY 21:51:30 [/tmp/wire019a_formal/wire_ipv4_parser_reference] engine_0: ##   0:00:00  Checking assumptions in step 9..
SBY 21:51:30 [/tmp/wire019a_formal/wire_ipv4_parser_reference] engine_0: ##   0:00:00  Checking assertions in step 9..
SBY 21:51:30 [/tmp/wire019a_formal/wire_ipv4_parser_reference] engine_0: ##   0:00:00  Checking assumptions in step 10..
SBY 21:51:30 [/tmp/wire019a_formal/wire_ipv4_parser_reference] engine_0: ##   0:00:00  Checking assertions in step 10..
SBY 21:51:30 [/tmp/wire019a_formal/wire_ipv4_parser_reference] engine_0: ##   0:00:00  Checking assumptions in step 11..
SBY 21:51:30 [/tmp/wire019a_formal/wire_ipv4_parser_reference] engine_0: ##   0:00:00  Checking assertions in step 11..
SBY 21:51:30 [/tmp/wire019a_formal/wire_ipv4_parser_reference] engine_0: ##   0:00:00  Checking assumptions in step 12..
SBY 21:51:30 [/tmp/wire019a_formal/wire_ipv4_parser_reference] engine_0: ##   0:00:00  Checking assertions in step 12..
SBY 21:51:30 [/tmp/wire019a_formal/wire_ipv4_parser_reference] engine_0: ##   0:00:00  Checking assumptions in step 13..
SBY 21:51:30 [/tmp/wire019a_formal/wire_ipv4_parser_reference] engine_0: ##   0:00:00  Checking assertions in step 13..
SBY 21:51:30 [/tmp/wire019a_formal/wire_ipv4_parser_reference] engine_0: ##   0:00:00  Checking assumptions in step 14..
SBY 21:51:30 [/tmp/wire019a_formal/wire_ipv4_parser_reference] engine_0: ##   0:00:00  Checking assertions in step 14..
SBY 21:51:30 [/tmp/wire019a_formal/wire_ipv4_parser_reference] engine_0: ##   0:00:00  Checking assumptions in step 15..
SBY 21:51:30 [/tmp/wire019a_formal/wire_ipv4_parser_reference] engine_0: ##   0:00:00  Checking assertions in step 15..
SBY 21:51:30 [/tmp/wire019a_formal/wire_ipv4_parser_reference] engine_0: ##   0:00:00  Checking assumptions in step 16..
SBY 21:51:30 [/tmp/wire019a_formal/wire_ipv4_parser_reference] engine_0: ##   0:00:00  Checking assertions in step 16..
SBY 21:51:30 [/tmp/wire019a_formal/wire_ipv4_parser_reference] engine_0: ##   0:00:00  Checking assumptions in step 17..
SBY 21:51:30 [/tmp/wire019a_formal/wire_ipv4_parser_reference] engine_0: ##   0:00:00  Checking assertions in step 17..
SBY 21:51:30 [/tmp/wire019a_formal/wire_ipv4_parser_reference] engine_0: ##   0:00:00  Checking assumptions in step 18..
SBY 21:51:30 [/tmp/wire019a_formal/wire_ipv4_parser_reference] engine_0: ##   0:00:00  Checking assertions in step 18..
SBY 21:51:30 [/tmp/wire019a_formal/wire_ipv4_parser_reference] engine_0: ##   0:00:00  Checking assumptions in step 19..
SBY 21:51:30 [/tmp/wire019a_formal/wire_ipv4_parser_reference] engine_0: ##   0:00:00  Checking assertions in step 19..
SBY 21:51:30 [/tmp/wire019a_formal/wire_ipv4_parser_reference] engine_0: ##   0:00:01  Checking assumptions in step 20..
SBY 21:51:30 [/tmp/wire019a_formal/wire_ipv4_parser_reference] engine_0: ##   0:00:01  Checking assertions in step 20..
SBY 21:51:31 [/tmp/wire019a_formal/wire_ipv4_parser_reference] engine_0: ##   0:00:01  Checking assumptions in step 21..
SBY 21:51:31 [/tmp/wire019a_formal/wire_ipv4_parser_reference] engine_0: ##   0:00:01  Checking assertions in step 21..
SBY 21:51:37 [/tmp/wire019a_formal/wire_ipv4_parser_reference] engine_0: ##   0:00:07  Checking assumptions in step 22..
SBY 21:51:37 [/tmp/wire019a_formal/wire_ipv4_parser_reference] engine_0: ##   0:00:07  Checking assertions in step 22..
SBY 21:52:37 [/tmp/wire019a_formal/wire_ipv4_parser_reference] engine_0: ##   0:01:07  waiting for solver (1 minute)
SBY ---- Keyboard interrupt or external termination signal ----
SBY 21:53:12 [/tmp/wire019a_formal/wire_ipv4_parser_reference] engine_0: terminating process
