SBY 21:57:29 [/tmp/wire019a_formal/wire_mold_header_seq_heartbeat_final] Removing directory '/tmp/wire019a_formal/wire_mold_header_seq_heartbeat_final'.
SBY 21:57:29 [/tmp/wire019a_formal/wire_mold_header_seq_heartbeat_final] Copy '/Users/Dilan/Projects/wire-to-decision/formal/mold_header_seq/../../rtl/arch_a/wire_mold_header_seq.sv' to '/tmp/wire019a_formal/wire_mold_header_seq_heartbeat_final/src/wire_mold_header_seq.sv'.
SBY 21:57:29 [/tmp/wire019a_formal/wire_mold_header_seq_heartbeat_final] Copy '/Users/Dilan/Projects/wire-to-decision/formal/mold_header_seq/wire_mold_header_seq_vectors.sv' to '/tmp/wire019a_formal/wire_mold_header_seq_heartbeat_final/src/wire_mold_header_seq_vectors.sv'.
SBY 21:57:29 [/tmp/wire019a_formal/wire_mold_header_seq_heartbeat_final] engine_0: smtbmc yices
SBY 21:57:29 [/tmp/wire019a_formal/wire_mold_header_seq_heartbeat_final] base: starting process "cd /tmp/wire019a_formal/wire_mold_header_seq_heartbeat_final/src; yosys -ql ../model/design.log ../model/design.ys"
SBY 21:57:29 [/tmp/wire019a_formal/wire_mold_header_seq_heartbeat_final] base: Warning: Wire mold_vector.\clk is used but has no driver.
SBY 21:57:29 [/tmp/wire019a_formal/wire_mold_header_seq_heartbeat_final] base: finished (returncode=0)
SBY 21:57:29 [/tmp/wire019a_formal/wire_mold_header_seq_heartbeat_final] prep: starting process "cd /tmp/wire019a_formal/wire_mold_header_seq_heartbeat_final/model; yosys -ql design_prep.log design_prep.ys"
SBY 21:57:29 [/tmp/wire019a_formal/wire_mold_header_seq_heartbeat_final] prep: Warning: Wire mold_vector.\clk is used but has no driver.
SBY 21:57:29 [/tmp/wire019a_formal/wire_mold_header_seq_heartbeat_final] prep: finished (returncode=0)
SBY 21:57:29 [/tmp/wire019a_formal/wire_mold_header_seq_heartbeat_final] smt2: starting process "cd /tmp/wire019a_formal/wire_mold_header_seq_heartbeat_final/model; yosys -ql design_smt2.log design_smt2.ys"
SBY 21:57:29 [/tmp/wire019a_formal/wire_mold_header_seq_heartbeat_final] smt2: finished (returncode=0)
SBY 21:57:29 [/tmp/wire019a_formal/wire_mold_header_seq_heartbeat_final] engine_0: starting process "cd /tmp/wire019a_formal/wire_mold_header_seq_heartbeat_final; yosys-smtbmc -s yices --presat --unroll --noprogress -t 28  --append 0 --dump-vcd engine_0/trace.vcd --dump-yw engine_0/trace.yw --dump-vlogtb engine_0/trace_tb.v --dump-smtc engine_0/trace.smtc model/design_smt2.smt2"
SBY 21:57:29 [/tmp/wire019a_formal/wire_mold_header_seq_heartbeat_final] engine_0: ##   0:00:00  Solver: yices
SBY 21:57:29 [/tmp/wire019a_formal/wire_mold_header_seq_heartbeat_final] engine_0: ##   0:00:00  Checking assumptions in step 0..
SBY 21:57:29 [/tmp/wire019a_formal/wire_mold_header_seq_heartbeat_final] engine_0: ##   0:00:00  Checking assertions in step 0..
SBY 21:57:29 [/tmp/wire019a_formal/wire_mold_header_seq_heartbeat_final] engine_0: ##   0:00:00  Checking assumptions in step 1..
SBY 21:57:29 [/tmp/wire019a_formal/wire_mold_header_seq_heartbeat_final] engine_0: ##   0:00:00  Checking assertions in step 1..
SBY 21:57:29 [/tmp/wire019a_formal/wire_mold_header_seq_heartbeat_final] engine_0: ##   0:00:00  Checking assumptions in step 2..
SBY 21:57:29 [/tmp/wire019a_formal/wire_mold_header_seq_heartbeat_final] engine_0: ##   0:00:00  Checking assertions in step 2..
SBY 21:57:29 [/tmp/wire019a_formal/wire_mold_header_seq_heartbeat_final] engine_0: ##   0:00:00  Checking assumptions in step 3..
SBY 21:57:29 [/tmp/wire019a_formal/wire_mold_header_seq_heartbeat_final] engine_0: ##   0:00:00  Checking assertions in step 3..
SBY 21:57:29 [/tmp/wire019a_formal/wire_mold_header_seq_heartbeat_final] engine_0: ##   0:00:00  Checking assumptions in step 4..
SBY 21:57:29 [/tmp/wire019a_formal/wire_mold_header_seq_heartbeat_final] engine_0: ##   0:00:00  Checking assertions in step 4..
SBY 21:57:29 [/tmp/wire019a_formal/wire_mold_header_seq_heartbeat_final] engine_0: ##   0:00:00  Checking assumptions in step 5..
SBY 21:57:29 [/tmp/wire019a_formal/wire_mold_header_seq_heartbeat_final] engine_0: ##   0:00:00  Checking assertions in step 5..
SBY 21:57:29 [/tmp/wire019a_formal/wire_mold_header_seq_heartbeat_final] engine_0: ##   0:00:00  Checking assumptions in step 6..
SBY 21:57:29 [/tmp/wire019a_formal/wire_mold_header_seq_heartbeat_final] engine_0: ##   0:00:00  Checking assertions in step 6..
SBY 21:57:29 [/tmp/wire019a_formal/wire_mold_header_seq_heartbeat_final] engine_0: ##   0:00:00  Checking assumptions in step 7..
SBY 21:57:29 [/tmp/wire019a_formal/wire_mold_header_seq_heartbeat_final] engine_0: ##   0:00:00  Checking assertions in step 7..
SBY 21:57:29 [/tmp/wire019a_formal/wire_mold_header_seq_heartbeat_final] engine_0: ##   0:00:00  Checking assumptions in step 8..
SBY 21:57:29 [/tmp/wire019a_formal/wire_mold_header_seq_heartbeat_final] engine_0: ##   0:00:00  Checking assertions in step 8..
SBY 21:57:29 [/tmp/wire019a_formal/wire_mold_header_seq_heartbeat_final] engine_0: ##   0:00:00  Checking assumptions in step 9..
SBY 21:57:29 [/tmp/wire019a_formal/wire_mold_header_seq_heartbeat_final] engine_0: ##   0:00:00  Checking assertions in step 9..
SBY 21:57:29 [/tmp/wire019a_formal/wire_mold_header_seq_heartbeat_final] engine_0: ##   0:00:00  Checking assumptions in step 10..
SBY 21:57:29 [/tmp/wire019a_formal/wire_mold_header_seq_heartbeat_final] engine_0: ##   0:00:00  Checking assertions in step 10..
SBY 21:57:29 [/tmp/wire019a_formal/wire_mold_header_seq_heartbeat_final] engine_0: ##   0:00:00  Checking assumptions in step 11..
SBY 21:57:29 [/tmp/wire019a_formal/wire_mold_header_seq_heartbeat_final] engine_0: ##   0:00:00  Checking assertions in step 11..
SBY 21:57:29 [/tmp/wire019a_formal/wire_mold_header_seq_heartbeat_final] engine_0: ##   0:00:00  Checking assumptions in step 12..
SBY 21:57:29 [/tmp/wire019a_formal/wire_mold_header_seq_heartbeat_final] engine_0: ##   0:00:00  Checking assertions in step 12..
SBY 21:57:29 [/tmp/wire019a_formal/wire_mold_header_seq_heartbeat_final] engine_0: ##   0:00:00  Checking assumptions in step 13..
SBY 21:57:29 [/tmp/wire019a_formal/wire_mold_header_seq_heartbeat_final] engine_0: ##   0:00:00  Checking assertions in step 13..
SBY 21:57:29 [/tmp/wire019a_formal/wire_mold_header_seq_heartbeat_final] engine_0: ##   0:00:00  Checking assumptions in step 14..
SBY 21:57:29 [/tmp/wire019a_formal/wire_mold_header_seq_heartbeat_final] engine_0: ##   0:00:00  Checking assertions in step 14..
SBY 21:57:29 [/tmp/wire019a_formal/wire_mold_header_seq_heartbeat_final] engine_0: ##   0:00:00  Checking assumptions in step 15..
SBY 21:57:29 [/tmp/wire019a_formal/wire_mold_header_seq_heartbeat_final] engine_0: ##   0:00:00  Checking assertions in step 15..
SBY 21:57:29 [/tmp/wire019a_formal/wire_mold_header_seq_heartbeat_final] engine_0: ##   0:00:00  Checking assumptions in step 16..
SBY 21:57:29 [/tmp/wire019a_formal/wire_mold_header_seq_heartbeat_final] engine_0: ##   0:00:00  Checking assertions in step 16..
SBY 21:57:29 [/tmp/wire019a_formal/wire_mold_header_seq_heartbeat_final] engine_0: ##   0:00:00  Checking assumptions in step 17..
SBY 21:57:29 [/tmp/wire019a_formal/wire_mold_header_seq_heartbeat_final] engine_0: ##   0:00:00  Checking assertions in step 17..
SBY 21:57:29 [/tmp/wire019a_formal/wire_mold_header_seq_heartbeat_final] engine_0: ##   0:00:00  Checking assumptions in step 18..
SBY 21:57:29 [/tmp/wire019a_formal/wire_mold_header_seq_heartbeat_final] engine_0: ##   0:00:00  Checking assertions in step 18..
SBY 21:57:29 [/tmp/wire019a_formal/wire_mold_header_seq_heartbeat_final] engine_0: ##   0:00:00  Checking assumptions in step 19..
SBY 21:57:29 [/tmp/wire019a_formal/wire_mold_header_seq_heartbeat_final] engine_0: ##   0:00:00  Checking assertions in step 19..
SBY 21:57:29 [/tmp/wire019a_formal/wire_mold_header_seq_heartbeat_final] engine_0: ##   0:00:00  Checking assumptions in step 20..
SBY 21:57:29 [/tmp/wire019a_formal/wire_mold_header_seq_heartbeat_final] engine_0: ##   0:00:00  Checking assertions in step 20..
SBY 21:57:29 [/tmp/wire019a_formal/wire_mold_header_seq_heartbeat_final] engine_0: ##   0:00:00  Checking assumptions in step 21..
SBY 21:57:29 [/tmp/wire019a_formal/wire_mold_header_seq_heartbeat_final] engine_0: ##   0:00:00  Checking assertions in step 21..
SBY 21:57:30 [/tmp/wire019a_formal/wire_mold_header_seq_heartbeat_final] engine_0: ##   0:00:00  Checking assumptions in step 22..
SBY 21:57:30 [/tmp/wire019a_formal/wire_mold_header_seq_heartbeat_final] engine_0: ##   0:00:00  Checking assertions in step 22..
SBY 21:57:30 [/tmp/wire019a_formal/wire_mold_header_seq_heartbeat_final] engine_0: ##   0:00:00  Checking assumptions in step 23..
SBY 21:57:30 [/tmp/wire019a_formal/wire_mold_header_seq_heartbeat_final] engine_0: ##   0:00:00  Checking assertions in step 23..
SBY 21:57:30 [/tmp/wire019a_formal/wire_mold_header_seq_heartbeat_final] engine_0: ##   0:00:00  Checking assumptions in step 24..
SBY 21:57:30 [/tmp/wire019a_formal/wire_mold_header_seq_heartbeat_final] engine_0: ##   0:00:00  Checking assertions in step 24..
SBY 21:57:30 [/tmp/wire019a_formal/wire_mold_header_seq_heartbeat_final] engine_0: ##   0:00:00  Checking assumptions in step 25..
SBY 21:57:30 [/tmp/wire019a_formal/wire_mold_header_seq_heartbeat_final] engine_0: ##   0:00:00  Checking assertions in step 25..
SBY 21:57:30 [/tmp/wire019a_formal/wire_mold_header_seq_heartbeat_final] engine_0: ##   0:00:00  Checking assumptions in step 26..
SBY 21:57:30 [/tmp/wire019a_formal/wire_mold_header_seq_heartbeat_final] engine_0: ##   0:00:00  Checking assertions in step 26..
SBY 21:57:30 [/tmp/wire019a_formal/wire_mold_header_seq_heartbeat_final] engine_0: ##   0:00:00  Checking assumptions in step 27..
SBY 21:57:30 [/tmp/wire019a_formal/wire_mold_header_seq_heartbeat_final] engine_0: ##   0:00:00  Checking assertions in step 27..
SBY 21:57:30 [/tmp/wire019a_formal/wire_mold_header_seq_heartbeat_final] engine_0: ##   0:00:00  Status: passed
SBY 21:57:30 [/tmp/wire019a_formal/wire_mold_header_seq_heartbeat_final] engine_0: finished (returncode=0)
SBY 21:57:30 [/tmp/wire019a_formal/wire_mold_header_seq_heartbeat_final] engine_0: Status returned by engine: pass
SBY 21:57:30 [/tmp/wire019a_formal/wire_mold_header_seq_heartbeat_final] summary: Elapsed clock time [H:MM:SS (secs)]: 0:00:00 (0)
SBY 21:57:30 [/tmp/wire019a_formal/wire_mold_header_seq_heartbeat_final] summary: Elapsed process time [H:MM:SS (secs)]: 0:00:00 (0)
SBY 21:57:30 [/tmp/wire019a_formal/wire_mold_header_seq_heartbeat_final] summary: engine_0 (smtbmc yices) returned pass
SBY 21:57:30 [/tmp/wire019a_formal/wire_mold_header_seq_heartbeat_final] summary: engine_0 did not produce any traces
SBY 21:57:30 [/tmp/wire019a_formal/wire_mold_header_seq_heartbeat_final] DONE (PASS, rc=0)
